Archive member included to satisfy reference by file (symbol)

C:/ST/STM32CubeCLT/GNU-tools-for-STM32/bin/../lib/gcc/arm-none-eabi/13.3.1/../../../../arm-none-eabi/lib/thumb/v7-m/nofp\libg_nano.a(libc_a-exit.o)
                              C:/ST/STM32CubeCLT/GNU-tools-for-STM32/bin/../lib/gcc/arm-none-eabi/13.3.1/../../../../arm-none-eabi/lib/thumb/v7-m/nofp/crt0.o (exit)
C:/ST/STM32CubeCLT/GNU-tools-for-STM32/bin/../lib/gcc/arm-none-eabi/13.3.1/../../../../arm-none-eabi/lib/thumb/v7-m/nofp\libg_nano.a(libc_a-findfp.o)
                              C:/ST/STM32CubeCLT/GNU-tools-for-STM32/bin/../lib/gcc/arm-none-eabi/13.3.1/../../../../arm-none-eabi/lib/thumb/v7-m/nofp\libg_nano.a(libc_a-exit.o) (__stdio_exit_handler)
C:/ST/STM32CubeCLT/GNU-tools-for-STM32/bin/../lib/gcc/arm-none-eabi/13.3.1/../../../../arm-none-eabi/lib/thumb/v7-m/nofp\libg_nano.a(libc_a-fwalk.o)
                              C:/ST/STM32CubeCLT/GNU-tools-for-STM32/bin/../lib/gcc/arm-none-eabi/13.3.1/../../../../arm-none-eabi/lib/thumb/v7-m/nofp\libg_nano.a(libc_a-findfp.o) (_fwalk_sglue)
C:/ST/STM32CubeCLT/GNU-tools-for-STM32/bin/../lib/gcc/arm-none-eabi/13.3.1/../../../../arm-none-eabi/lib/thumb/v7-m/nofp\libg_nano.a(libc_a-stdio.o)
                              C:/ST/STM32CubeCLT/GNU-tools-for-STM32/bin/../lib/gcc/arm-none-eabi/13.3.1/../../../../arm-none-eabi/lib/thumb/v7-m/nofp\libg_nano.a(libc_a-findfp.o) (__sread)
C:/ST/STM32CubeCLT/GNU-tools-for-STM32/bin/../lib/gcc/arm-none-eabi/13.3.1/../../../../arm-none-eabi/lib/thumb/v7-m/nofp\libg_nano.a(libc_a-memset.o)
                              C:/ST/STM32CubeCLT/GNU-tools-for-STM32/bin/../lib/gcc/arm-none-eabi/13.3.1/../../../../arm-none-eabi/lib/thumb/v7-m/nofp/crt0.o (memset)
C:/ST/STM32CubeCLT/GNU-tools-for-STM32/bin/../lib/gcc/arm-none-eabi/13.3.1/../../../../arm-none-eabi/lib/thumb/v7-m/nofp\libg_nano.a(libc_a-closer.o)
                              C:/ST/STM32CubeCLT/GNU-tools-for-STM32/bin/../lib/gcc/arm-none-eabi/13.3.1/../../../../arm-none-eabi/lib/thumb/v7-m/nofp\libg_nano.a(libc_a-stdio.o) (_close_r)
C:/ST/STM32CubeCLT/GNU-tools-for-STM32/bin/../lib/gcc/arm-none-eabi/13.3.1/../../../../arm-none-eabi/lib/thumb/v7-m/nofp\libg_nano.a(libc_a-reent.o)
                              C:/ST/STM32CubeCLT/GNU-tools-for-STM32/bin/../lib/gcc/arm-none-eabi/13.3.1/../../../../arm-none-eabi/lib/thumb/v7-m/nofp\libg_nano.a(libc_a-closer.o) (errno)
C:/ST/STM32CubeCLT/GNU-tools-for-STM32/bin/../lib/gcc/arm-none-eabi/13.3.1/../../../../arm-none-eabi/lib/thumb/v7-m/nofp\libg_nano.a(libc_a-impure.o)
                              C:/ST/STM32CubeCLT/GNU-tools-for-STM32/bin/../lib/gcc/arm-none-eabi/13.3.1/../../../../arm-none-eabi/lib/thumb/v7-m/nofp\libg_nano.a(libc_a-reent.o) (_impure_ptr)
C:/ST/STM32CubeCLT/GNU-tools-for-STM32/bin/../lib/gcc/arm-none-eabi/13.3.1/../../../../arm-none-eabi/lib/thumb/v7-m/nofp\libg_nano.a(libc_a-lseekr.o)
                              C:/ST/STM32CubeCLT/GNU-tools-for-STM32/bin/../lib/gcc/arm-none-eabi/13.3.1/../../../../arm-none-eabi/lib/thumb/v7-m/nofp\libg_nano.a(libc_a-stdio.o) (_lseek_r)
C:/ST/STM32CubeCLT/GNU-tools-for-STM32/bin/../lib/gcc/arm-none-eabi/13.3.1/../../../../arm-none-eabi/lib/thumb/v7-m/nofp\libg_nano.a(libc_a-readr.o)
                              C:/ST/STM32CubeCLT/GNU-tools-for-STM32/bin/../lib/gcc/arm-none-eabi/13.3.1/../../../../arm-none-eabi/lib/thumb/v7-m/nofp\libg_nano.a(libc_a-stdio.o) (_read_r)
C:/ST/STM32CubeCLT/GNU-tools-for-STM32/bin/../lib/gcc/arm-none-eabi/13.3.1/../../../../arm-none-eabi/lib/thumb/v7-m/nofp\libg_nano.a(libc_a-writer.o)
                              C:/ST/STM32CubeCLT/GNU-tools-for-STM32/bin/../lib/gcc/arm-none-eabi/13.3.1/../../../../arm-none-eabi/lib/thumb/v7-m/nofp\libg_nano.a(libc_a-stdio.o) (_write_r)
C:/ST/STM32CubeCLT/GNU-tools-for-STM32/bin/../lib/gcc/arm-none-eabi/13.3.1/../../../../arm-none-eabi/lib/thumb/v7-m/nofp\libg_nano.a(libc_a-errno.o)
                              CMakeFiles/TestLED.dir/Core/sysmem.c.obj (__errno)
C:/ST/STM32CubeCLT/GNU-tools-for-STM32/bin/../lib/gcc/arm-none-eabi/13.3.1/../../../../arm-none-eabi/lib/thumb/v7-m/nofp\libg_nano.a(libc_a-init.o)
                              C:/ST/STM32CubeCLT/GNU-tools-for-STM32/bin/../lib/gcc/arm-none-eabi/13.3.1/../../../../arm-none-eabi/lib/thumb/v7-m/nofp/crt0.o (__libc_init_array)
C:/ST/STM32CubeCLT/GNU-tools-for-STM32/bin/../lib/gcc/arm-none-eabi/13.3.1/../../../../arm-none-eabi/lib/thumb/v7-m/nofp\libg_nano.a(libc_a-lock.o)
                              C:/ST/STM32CubeCLT/GNU-tools-for-STM32/bin/../lib/gcc/arm-none-eabi/13.3.1/../../../../arm-none-eabi/lib/thumb/v7-m/nofp\libg_nano.a(libc_a-findfp.o) (__retarget_lock_init_recursive)
C:/ST/STM32CubeCLT/GNU-tools-for-STM32/bin/../lib/gcc/arm-none-eabi/13.3.1/../../../../arm-none-eabi/lib/thumb/v7-m/nofp\libg_nano.a(libc_a-freer.o)
[...]
Memory Configuration

Name             Origin             Length             Attributes
RAM              0x20000000         0x00005000         xrw
FLASH            0x08000000         0x00020000         xr
*default*        0x00000000         0xffffffff

Linker script and memory map

LOAD C:/ST/STM32CubeCLT/GNU-tools-for-STM32/bin/../lib/gcc/arm-none-eabi/13.3.1/thumb/v7-m/nofp/crti.o
LOAD C:/ST/STM32CubeCLT/GNU-tools-for-STM32/bin/../lib/gcc/arm-none-eabi/13.3.1/thumb/v7-m/nofp/crtbegin.o
LOAD C:/ST/STM32CubeCLT/GNU-tools-for-STM32/bin/../lib/gcc/arm-none-eabi/13.3.1/../../../../arm-none-eabi/lib/thumb/v7-m/nofp/crt0.o
LOAD CMakeFiles/TestLED.dir/Core/sysmem.c.obj
LOAD CMakeFiles/TestLED.dir/Core/syscalls.c.obj
LOAD CMakeFiles/TestLED.dir/Core/system_stm32f10x.c.obj
LOAD CMakeFiles/TestLED.dir/Core/startup_stm32f103rbtx.s.obj
LOAD CMakeFiles/TestLED.dir/Application/Test01/main.c.obj
LOAD CMakeFiles/TestLED.dir/Utils/Delay/Util_Delay.c.obj
LOAD CMakeFiles/TestLED.dir/Libraries/STM32F10x_StdPeriph_Driver/src/misc.c.obj
LOAD CMakeFiles/TestLED.dir/Libraries/STM32F10x_StdPeriph_Driver/src/stm32f10x_adc.c.obj
LOAD CMakeFiles/TestLED.dir/Libraries/STM32F10x_StdPeriph_Driver/src/stm32f10x_bkp.c.obj
LOAD CMakeFiles/TestLED.dir/Libraries/STM32F10x_StdPeriph_Driver/src/stm32f10x_can.c.obj
LOAD CMakeFiles/TestLED.dir/Libraries/STM32F10x_StdPeriph_Driver/src/stm32f10x_cec.c.obj
LOAD CMakeFiles/TestLED.dir/Libraries/STM32F10x_StdPeriph_Driver/src/stm32f10x_crc.c.obj
LOAD CMakeFiles/TestLED.dir/Libraries/STM32F10x_StdPeriph_Driver/src/stm32f10x_dac.c.obj
LOAD CMakeFiles/TestLED.dir/Libraries/STM32F10x_StdPeriph_Driver/src/stm32f10x_dbgmcu.c.obj
LOAD CMakeFiles/TestLED.dir/Libraries/STM32F10x_StdPeriph_Driver/src/stm32f10x_dma.c.obj
LOAD CMakeFiles/TestLED.dir/Libraries/STM32F10x_StdPeriph_Driver/src/stm32f10x_exti.c.obj
LOAD CMakeFiles/TestLED.dir/Libraries/STM32F10x_StdPeriph_Driver/src/stm32f10x_flash.c.obj
LOAD CMakeFiles/TestLED.dir/Libraries/STM32F10x_StdPeriph_Driver/src/stm32f10x_fsmc.c.obj
LOAD CMakeFiles/TestLED.dir/Libraries/STM32F10x_StdPeriph_Driver/src/stm32f10x_gpio.c.obj
LOAD CMakeFiles/TestLED.dir/Libraries/STM32F10x_StdPeriph_Driver/src/stm32f10x_i2c.c.obj
LOAD CMakeFiles/TestLED.dir/Libraries/STM32F10x_StdPeriph_Driver/src/stm32f10x_iwdg.c.obj
LOAD CMakeFiles/TestLED.dir/Libraries/STM32F10x_StdPeriph_Driver/src/stm32f10x_pwr.c.obj
LOAD CMakeFiles/TestLED.dir/Libraries/STM32F10x_StdPeriph_Driver/src/stm32f10x_rcc.c.obj
LOAD CMakeFiles/TestLED.dir/Libraries/STM32F10x_StdPeriph_Driver/src/stm32f10x_rtc.c.obj
LOAD CMakeFiles/TestLED.dir/Libraries/STM32F10x_StdPeriph_Driver/src/stm32f10x_sdio.c.obj
LOAD CMakeFiles/TestLED.dir/Libraries/STM32F10x_StdPeriph_Driver/src/stm32f10x_spi.c.obj
LOAD CMakeFiles/TestLED.dir/Libraries/STM32F10x_StdPeriph_Driver/src/stm32f10x_tim.c.obj
LOAD CMakeFiles/TestLED.dir/Libraries/STM32F10x_StdPeriph_Driver/src/stm32f10x_usart.c.obj
LOAD CMakeFiles/TestLED.dir/Libraries/STM32F10x_StdPeriph_Driver/src/stm32f10x_wwdg.c.obj
START GROUP
LOAD C:/ST/STM32CubeCLT/GNU-tools-for-STM32/bin/../lib/gcc/arm-none-eabi/13.3.1/thumb/v7-m/nofp\libgcc.a
LOAD C:/ST/STM32CubeCLT/GNU-tools-for-STM32/bin/../lib/gcc/arm-none-eabi/13.3.1/../../../../arm-none-eabi/lib/thumb/v7-m/nofp\libg_nano.a
LOAD C:/ST/STM32CubeCLT/GNU-tools-for-STM32/bin/../lib/gcc/arm-none-eabi/13.3.1/../../../../arm-none-eabi/lib/thumb/v7-m/nofp\libc_nano.a
END GROUP
START GROUP
LOAD C:/ST/STM32CubeCLT/GNU-tools-for-STM32/bin/../lib/gcc/arm-none-eabi/13.3.1/thumb/v7-m/nofp\libgcc.a
LOAD C:/ST/STM32CubeCLT/GNU-tools-for-STM32/bin/../lib/gcc/arm-none-eabi/13.3.1/../../../../arm-none-eabi/lib/thumb/v7-m/nofp\libc_nano.a
LOAD C:/ST/STM32CubeCLT/GNU-tools-for-STM32/bin/../lib/gcc/arm-none-eabi/13.3.1/../../../../arm-none-eabi/lib/thumb/v7-m/nofp\libnosys.a
END GROUP
START GROUP
LOAD C:/ST/STM32CubeCLT/GNU-tools-for-STM32/bin/../lib/gcc/arm-none-eabi/13.3.1/thumb/v7-m/nofp\libgcc.a
LOAD C:/ST/STM32CubeCLT/GNU-tools-for-STM32/bin/../lib/gcc/arm-none-eabi/13.3.1/../../../../arm-none-eabi/lib/thumb/v7-m/nofp\libc_nano.a
LOAD C:/ST/STM32CubeCLT/GNU-tools-for-STM32/bin/../lib/gcc/arm-none-eabi/13.3.1/../../../../arm-none-eabi/lib/thumb/v7-m/nofp\libnosys.a
END GROUP
LOAD C:/ST/STM32CubeCLT/GNU-tools-for-STM32/bin/../lib/gcc/arm-none-eabi/13.3.1/thumb/v7-m/nofp/crtend.o
LOAD C:/ST/STM32CubeCLT/GNU-tools-for-STM32/bin/../lib/gcc/arm-none-eabi/13.3.1/thumb/v7-m/nofp/crtn.o
                0x20005000                        _estack = (ORIGIN (RAM) + LENGTH (RAM))
                0x00000200                        _Min_Heap_Size = 0x200
                0x00000400                        _Min_Stack_Size = 0x400

.isr_vector     0x08000000      0x130
                0x08000000                        . = ALIGN (0x4)
 *(.isr_vector)
 .isr_vector    0x08000000      0x130 CMakeFiles/TestLED.dir/Core/startup_stm32f103rbtx.s.obj
                0x08000000                g_pfnVectors
                0x08000130                        . = ALIGN (0x4)

.text           0x08000130      0x69c
                0x08000130                        . = ALIGN (0x4)
 *(.text)
 .text          0x08000130       0x40 C:/ST/STM32CubeCLT/GNU-tools-for-STM32/bin/../lib/gcc/arm-none-eabi/13.3.1/thumb/v7-m/nofp/crtbegin.o
 *(.text*)
 .text.SystemInit
                0x08000170       0x68 CMakeFiles/TestLED.dir/Core/system_stm32f10x.c.obj
                0x08000170                SystemInit
 .text.SystemCoreClockUpdate
                0x080001d8       0xe4 CMakeFiles/TestLED.dir/Core/system_stm32f10x.c.obj
                0x080001d8                SystemCoreClockUpdate
 .text.SetSysClock
                0x080002bc        0xc CMakeFiles/TestLED.dir/Core/system_stm32f10x.c.obj
 .text.SetSysClockTo72
                0x080002c8      0x100 CMakeFiles/TestLED.dir/Core/system_stm32f10x.c.obj
 .text.Reset_Handler
                0x080003c8       0x50 CMakeFiles/TestLED.dir/Core/startup_stm32f103rbtx.s.obj
                0x080003c8                Reset_Handler
 .text.Default_Handler
                0x08000418        0x2 CMakeFiles/TestLED.dir/Core/startup_stm32f103rbtx.s.obj
                0x08000418                EXTI2_IRQHandler
                0x08000418                TIM8_TRG_COM_IRQHandler
                0x08000418                TIM8_CC_IRQHandler
                0x08000418                TIM1_CC_IRQHandler
                0x08000418                HardFault_Handler
                0x08000418                TIM6_IRQHandler
                0x08000418                PVD_IRQHandler
                0x08000418                SDIO_IRQHandler
                0x08000418                PendSV_Handler
                0x08000418                NMI_Handler
                0x08000418                EXTI3_IRQHandler
                0x08000418                USB_HP_CAN_TX_IRQHandler
                0x08000418                EXTI0_IRQHandler
                0x08000418                I2C2_EV_IRQHandler
                0x08000418                UsageFault_Handler
                0x08000418                ADC1_2_IRQHandler
                0x08000418                SPI1_IRQHandler
                0x08000418                CAN_SCE_IRQHandler
                0x08000418                TAMPER_IRQHandler
                0x08000418                TIM8_UP_IRQHandler
                0x08000418                DMA2_Channel2_IRQHandler
                0x08000418                DMA1_Channel4_IRQHandler
                0x08000418                USART3_IRQHandler
                0x08000418                RTC_IRQHandler
                0x08000418                DMA1_Channel7_IRQHandler
                0x08000418                UART5_IRQHandler
                0x08000418                ADC3_IRQHandler
                0x08000418                TIM4_IRQHandler
                0x08000418                CAN_RX1_IRQHandler
                0x08000418                DMA2_Channel1_IRQHandler
                0x08000418                I2C1_EV_IRQHandler
                0x08000418                DMA1_Channel6_IRQHandler
                0x08000418                UART4_IRQHandler
                0x08000418                TIM3_IRQHandler
                0x08000418                RCC_IRQHandler
                0x08000418                TIM1_TRG_COM_IRQHandler
                0x08000418                DMA1_Channel1_IRQHandler
                0x08000418                Default_Handler
                0x08000418                EXTI15_10_IRQHandler
                0x08000418                TIM7_IRQHandler
                0x08000418                TIM5_IRQHandler
                0x08000418                EXTI9_5_IRQHandler
                0x08000418                SPI2_IRQHandler
                0x08000418                USB_LP_CAN_RX0_IRQHandler
                0x08000418                MemManage_Handler
                0x08000418                SVC_Handler
                0x08000418                DMA1_Channel5_IRQHandler
                0x08000418                EXTI4_IRQHandler
                0x08000418                DMA1_Channel3_IRQHandler
                0x08000418                FSMC_IRQHandler
                0x08000418                TIM1_UP_IRQHandler
                0x08000418                WWDG_IRQHandler
                0x08000418                TIM2_IRQHandler
                0x08000418                TIM1_BRK_IRQHandler
                0x08000418                EXTI1_IRQHandler
                0x08000418                RTCAlarm_IRQHandler
                0x08000418                DMA2_Channel4_5_IRQHandler
                0x08000418                USART2_IRQHandler
                0x08000418                I2C2_ER_IRQHandler
                0x08000418                DMA1_Channel2_IRQHandler
                0x08000418                TIM8_BRK_IRQHandler
                0x08000418                FLASH_IRQHandler
                0x08000418                BusFault_Handler
                0x08000418                USART1_IRQHandler
                0x08000418                SPI3_IRQHandler
                0x08000418                I2C1_ER_IRQHandler
                0x08000418                DMA2_Channel3_IRQHandler
 *fill*         0x0800041a        0x2 
 .text.main     0x0800041c       0x5c CMakeFiles/TestLED.dir/Application/Test01/main.c.obj
                0x0800041c                main
 .text.NVIC_SetPriority
                0x08000478       0x54 CMakeFiles/TestLED.dir/Utils/Delay/Util_Delay.c.obj
 .text.SysTick_Config
                0x080004cc       0x44 CMakeFiles/TestLED.dir/Utils/Delay/Util_Delay.c.obj
 .text.SysTick_Handler
                0x08000510       0x24 CMakeFiles/TestLED.dir/Utils/Delay/Util_Delay.c.obj
                0x08000510                SysTick_Handler
 .text.Delay_Init
                0x08000534       0x24 CMakeFiles/TestLED.dir/Utils/Delay/Util_Delay.c.obj
                0x08000534                Delay_Init
 .text.Delay_Ms
                0x08000558       0x28 CMakeFiles/TestLED.dir/Utils/Delay/Util_Delay.c.obj
                0x08000558                Delay_Ms
 .text.GPIO_Init
                0x08000580      0x178 CMakeFiles/TestLED.dir/Libraries/STM32F10x_StdPeriph_Driver/src/stm32f10x_gpio.c.obj
                0x08000580                GPIO_Init
 .text.GPIO_SetBits
                0x080006f8       0x1c CMakeFiles/TestLED.dir/Libraries/STM32F10x_StdPeriph_Driver/src/stm32f10x_gpio.c.obj
                0x080006f8                GPIO_SetBits
 .text.GPIO_ResetBits
                0x08000714       0x1c CMakeFiles/TestLED.dir/Libraries/STM32F10x_StdPeriph_Driver/src/stm32f10x_gpio.c.obj
                0x08000714                GPIO_ResetBits
 .text.RCC_APB2PeriphClockCmd
                0x08000730       0x3c CMakeFiles/TestLED.dir/Libraries/STM32F10x_StdPeriph_Driver/src/stm32f10x_rcc.c.obj
                0x08000730                RCC_APB2PeriphClockCmd
 .text.__libc_init_array
                0x0800076c       0x48 C:/ST/STM32CubeCLT/GNU-tools-for-STM32/bin/../lib/gcc/arm-none-eabi/13.3.1/../../../../arm-none-eabi/lib/thumb/v7-m/nofp\libg_nano.a(libc_a-init.o)
                0x0800076c                __libc_init_array
 *(.glue_7)
 .glue_7        0x080007b4        0x0 linker stubs
 *(.glue_7t)
 .glue_7t       0x080007b4        0x0 linker stubs
 *(.eh_frame)
 .eh_frame      0x080007b4        0x0 C:/ST/STM32CubeCLT/GNU-tools-for-STM32/bin/../lib/gcc/arm-none-eabi/13.3.1/thumb/v7-m/nofp/crtbegin.o
 *(.init)
 .init          0x080007b4        0x4 C:/ST/STM32CubeCLT/GNU-tools-for-STM32/bin/../lib/gcc/arm-none-eabi/13.3.1/thumb/v7-m/nofp/crti.o
                0x080007b4                _init
 .init          0x080007b8        0x8 C:/ST/STM32CubeCLT/GNU-tools-for-STM32/bin/../lib/gcc/arm-none-eabi/13.3.1/thumb/v7-m/nofp/crtn.o
 *(.fini)
 .fini          0x080007c0        0x4 C:/ST/STM32CubeCLT/GNU-tools-for-STM32/bin/../lib/gcc/arm-none-eabi/13.3.1/thumb/v7-m/nofp/crti.o
                0x080007c0                _fini
 .fini          0x080007c4        0x8 C:/ST/STM32CubeCLT/GNU-tools-for-STM32/bin/../lib/gcc/arm-none-eabi/13.3.1/thumb/v7-m/nofp/crtn.o
                0x080007cc                        . = ALIGN (0x4)
                0x080007cc                        _etext = .

.vfp11_veneer   0x080007cc        0x0
 .vfp11_veneer  0x080007cc        0x0 linker stubs

.v4_bx          0x080007cc        0x0
 .v4_bx         0x080007cc        0x0 linker stubs

.iplt           0x080007cc        0x0
 .iplt          0x080007cc        0x0 C:/ST/STM32CubeCLT/GNU-tools-for-STM32/bin/../lib/gcc/arm-none-eabi/13.3.1/thumb/v7-m/nofp/crtbegin.o

.rodata         0x080007cc       0x10
                0x080007cc                        . = ALIGN (0x4)
 *(.rodata)
 *(.rodata*)
 .rodata.AHBPrescTable
                0x080007cc       0x10 CMakeFiles/TestLED.dir/Core/system_stm32f10x.c.obj
                0x080007cc                AHBPrescTable
                0x080007dc                        . = ALIGN (0x4)

.ARM.extab      0x080007dc        0x0
                0x080007dc                        . = ALIGN (0x4)
 *(.ARM.extab* .gnu.linkonce.armextab.*)
                0x080007dc                        . = ALIGN (0x4)

.ARM            0x080007dc        0x0
                0x080007dc                        . = ALIGN (0x4)
                0x080007dc                        __exidx_start = .
 *(.ARM.exidx*)
                0x080007dc                        __exidx_end = .
                0x080007dc                        . = ALIGN (0x4)

.preinit_array  0x080007dc        0x0
                0x080007dc                        . = ALIGN (0x4)
                0x080007dc                        PROVIDE (__preinit_array_start = .)
 *(.preinit_array*)
                0x080007dc                        PROVIDE (__preinit_array_end = .)
                0x080007dc                        . = ALIGN (0x4)

.init_array     0x080007dc        0x4
                0x080007dc                        . = ALIGN (0x4)
                0x080007dc                        PROVIDE (__init_array_start = .)
 *(SORT_BY_NAME(.init_array.*))
 *(.init_array*)
 .init_array    0x080007dc        0x4 C:/ST/STM32CubeCLT/GNU-tools-for-STM32/bin/../lib/gcc/arm-none-eabi/13.3.1/thumb/v7-m/nofp/crtbegin.o
                0x080007e0                        PROVIDE (__init_array_end = .)
                0x080007e0                        . = ALIGN (0x4)

.fini_array     0x080007e0        0x4
                0x080007e0                        . = ALIGN (0x4)
                [!provide]                        PROVIDE (__fini_array_start = .)
 *(SORT_BY_NAME(.fini_array.*))
 *(.fini_array*)
 .fini_array    0x080007e0        0x4 C:/ST/STM32CubeCLT/GNU-tools-for-STM32/bin/../lib/gcc/arm-none-eabi/13.3.1/thumb/v7-m/nofp/crtbegin.o
                [!provide]                        PROVIDE (__fini_array_end = .)
                0x080007e4                        . = ALIGN (0x4)
                0x080007e4                        _sidata = LOADADDR (.data)

.rel.dyn        0x080007e4        0x0
 .rel.iplt      0x080007e4        0x0 C:/ST/STM32CubeCLT/GNU-tools-for-STM32/bin/../lib/gcc/arm-none-eabi/13.3.1/thumb/v7-m/nofp/crtbegin.o

.data           0x20000000        0x4 load address 0x080007e4
                0x20000000                        . = ALIGN (0x4)
                0x20000000                        _sdata = .
 *(.data)
 *(.data*)
 .data.SystemCoreClock
                0x20000000        0x4 CMakeFiles/TestLED.dir/Core/system_stm32f10x.c.obj
                0x20000000                SystemCoreClock
 *(.RamFunc)
 *(.RamFunc*)
                0x20000004                        . = ALIGN (0x4)
                0x20000004                        _edata = .

.igot.plt       0x20000004        0x0 load address 0x080007e8
 .igot.plt      0x20000004        0x0 C:/ST/STM32CubeCLT/GNU-tools-for-STM32/bin/../lib/gcc/arm-none-eabi/13.3.1/thumb/v7-m/nofp/crtbegin.o
                0x20000004                        . = ALIGN (0x4)

.bss            0x20000004       0x20 load address 0x080007e8
                0x20000004                        _sbss = .
                0x20000004                        __bss_start__ = _sbss
 *(.bss)
 .bss           0x20000004       0x1c C:/ST/STM32CubeCLT/GNU-tools-for-STM32/bin/../lib/gcc/arm-none-eabi/13.3.1/thumb/v7-m/nofp/crtbegin.o
 *(.bss*)
 .bss.delay_ms_tick
                0x20000020        0x4 CMakeFiles/TestLED.dir/Utils/Delay/Util_Delay.c.obj
 *(COMMON)
                0x20000024                        . = ALIGN (0x4)
                0x20000024                        _ebss = .
                0x20000024                        __bss_end__ = _ebss

._user_heap_stack
                0x20000024      0x604 load address 0x080007e8
                0x20000028                        . = ALIGN (0x8)
 *fill*         0x20000024        0x4 
                [!provide]                        PROVIDE (end = .)
                0x20000028                        PROVIDE (_end = .)
                0x20000228                        . = (. + _Min_Heap_Size)
 *fill*         0x20000028      0x200 
                0x20000628                        . = (. + _Min_Stack_Size)
 *fill*         0x20000228      0x400 
                0x20000628                        . = ALIGN (0x8)

/DISCARD/
 libc.a(*)
 libm.a(*)
 libgcc.a(*)

.ARM.attributes
                0x00000000       0x29
 *(.ARM.attributes)
 .ARM.attributes
                0x00000000       0x1d C:/ST/STM32CubeCLT/GNU-tools-for-STM32/bin/../lib/gcc/arm-none-eabi/13.3.1/thumb/v7-m/nofp/crti.o
 .ARM.attributes
                0x0000001d       0x2d C:/ST/STM32CubeCLT/GNU-tools-for-STM32/bin/../lib/gcc/arm-none-eabi/13.3.1/thumb/v7-m/nofp/crtbegin.o
 .ARM.attributes
                0x0000004a       0x2d CMakeFiles/TestLED.dir/Core/system_stm32f10x.c.obj
 .ARM.attributes
                0x00000077       0x21 CMakeFiles/TestLED.dir/Core/startup_stm32f103rbtx.s.obj
 .ARM.attributes
                0x00000098       0x2d CMakeFiles/TestLED.dir/Application/Test01/main.c.obj
 .ARM.attributes
                0x000000c5       0x2d CMakeFiles/TestLED.dir/Utils/Delay/Util_Delay.c.obj
 .ARM.attributes
                0x000000f2       0x2d CMakeFiles/TestLED.dir/Libraries/STM32F10x_StdPeriph_Driver/src/stm32f10x_gpio.c.obj
 .ARM.attributes
                0x0000011f       0x2d CMakeFiles/TestLED.dir/Libraries/STM32F10x_StdPeriph_Driver/src/stm32f10x_rcc.c.obj
 .ARM.attributes
                0x0000014c       0x2d C:/ST/STM32CubeCLT/GNU-tools-for-STM32/bin/../lib/gcc/arm-none-eabi/13.3.1/../../../../arm-none-eabi/lib/thumb/v7-m/nofp\libg_nano.a(libc_a-init.o)
 .ARM.attributes
                0x00000179       0x1d C:/ST/STM32CubeCLT/GNU-tools-for-STM32/bin/../lib/gcc/arm-none-eabi/13.3.1/thumb/v7-m/nofp/crtn.o
OUTPUT(TestLED elf32-littlearm)
LOAD linker stubs
LOAD C:/ST/STM32CubeCLT/GNU-tools-for-STM32/bin/../lib/gcc/arm-none-eabi/13.3.1/../../../../arm-none-eabi/lib/thumb/v7-m/nofp\libc.a
LOAD C:/ST/STM32CubeCLT/GNU-tools-for-STM32/bin/../lib/gcc/arm-none-eabi/13.3.1/../../../../arm-none-eabi/lib/thumb/v7-m/nofp\libm.a
LOAD C:/ST/STM32CubeCLT/GNU-tools-for-STM32/bin/../lib/gcc/arm-none-eabi/13.3.1/thumb/v7-m/nofp\libgcc.a

.debug_info     0x00000000     0x1c20
 .debug_info    0x00000000      0x3fa CMakeFiles/TestLED.dir/Core/system_stm32f10x.c.obj
 .debug_info    0x000003fa       0x30 CMakeFiles/TestLED.dir/Core/startup_stm32f103rbtx.s.obj
 .debug_info    0x0000042a      0x27d CMakeFiles/TestLED.dir/Application/Test01/main.c.obj
 .debug_info    0x000006a7      0x58c CMakeFiles/TestLED.dir/Utils/Delay/Util_Delay.c.obj
 .debug_info    0x00000c33      0x6b2 CMakeFiles/TestLED.dir/Libraries/STM32F10x_StdPeriph_Driver/src/stm32f10x_gpio.c.obj
 .debug_info    0x000012e5      0x830 CMakeFiles/TestLED.dir/Libraries/STM32F10x_StdPeriph_Driver/src/stm32f10x_rcc.c.obj
 .debug_info    0x00001b15      0x10b C:/ST/STM32CubeCLT/GNU-tools-for-STM32/bin/../lib/gcc/arm-none-eabi/13.3.1/../../../../arm-none-eabi/lib/thumb/v7-m/nofp\libg_nano.a(libc_a-init.o)

.debug_abbrev   0x00000000      0xa1d
 .debug_abbrev  0x00000000      0x1b7 CMakeFiles/TestLED.dir/Core/system_stm32f10x.c.obj
 .debug_abbrev  0x000001b7       0x24 CMakeFiles/TestLED.dir/Core/startup_stm32f103rbtx.s.obj
 .debug_abbrev  0x000001db      0x154 CMakeFiles/TestLED.dir/Application/Test01/main.c.obj
 .debug_abbrev  0x0000032f      0x22f CMakeFiles/TestLED.dir/Utils/Delay/Util_Delay.c.obj
 .debug_abbrev  0x0000055e      0x215 CMakeFiles/TestLED.dir/Libraries/STM32F10x_StdPeriph_Driver/src/stm32f10x_gpio.c.obj
 .debug_abbrev  0x00000773      0x1e1 CMakeFiles/TestLED.dir/Libraries/STM32F10x_StdPeriph_Driver/src/stm32f10x_rcc.c.obj
 .debug_abbrev  0x00000954       0xc9 C:/ST/STM32CubeCLT/GNU-tools-for-STM32/bin/../lib/gcc/arm-none-eabi/13.3.1/../../../../arm-none-eabi/lib/thumb/v7-m/nofp\libg_nano.a(libc_a-init.o)

.debug_aranges  0x00000000      0x2b0
 .debug_aranges
                0x00000000       0x38 CMakeFiles/TestLED.dir/Core/system_stm32f10x.c.obj
 .debug_aranges
                0x00000038       0x28 CMakeFiles/TestLED.dir/Core/startup_stm32f103rbtx.s.obj
 .debug_aranges
                0x00000060       0x20 CMakeFiles/TestLED.dir/Application/Test01/main.c.obj
 .debug_aranges
                0x00000080       0x50 CMakeFiles/TestLED.dir/Utils/Delay/Util_Delay.c.obj
 .debug_aranges
                0x000000d0       0xa8 CMakeFiles/TestLED.dir/Libraries/STM32F10x_StdPeriph_Driver/src/stm32f10x_gpio.c.obj
 .debug_aranges
                0x00000178      0x118 CMakeFiles/TestLED.dir/Libraries/STM32F10x_StdPeriph_Driver/src/stm32f10x_rcc.c.obj
 .debug_aranges
                0x00000290       0x20 C:/ST/STM32CubeCLT/GNU-tools-for-STM32/bin/../lib/gcc/arm-none-eabi/13.3.1/../../../../arm-none-eabi/lib/thumb/v7-m/nofp\libg_nano.a(libc_a-init.o)

.debug_rnglists
                0x00000000      0x1e8
 .debug_rnglists
                0x00000000       0x27 CMakeFiles/TestLED.dir/Core/system_stm32f10x.c.obj
 .debug_rnglists
                0x00000027       0x19 CMakeFiles/TestLED.dir/Core/startup_stm32f103rbtx.s.obj
 .debug_rnglists
                0x00000040       0x13 CMakeFiles/TestLED.dir/Application/Test01/main.c.obj
 .debug_rnglists
                0x00000053       0x37 CMakeFiles/TestLED.dir/Utils/Delay/Util_Delay.c.obj
 .debug_rnglists
                0x0000008a       0x7d CMakeFiles/TestLED.dir/Libraries/STM32F10x_StdPeriph_Driver/src/stm32f10x_gpio.c.obj
 .debug_rnglists
                0x00000107       0xce CMakeFiles/TestLED.dir/Libraries/STM32F10x_StdPeriph_Driver/src/stm32f10x_rcc.c.obj
 .debug_rnglists
                0x000001d5       0x13 C:/ST/STM32CubeCLT/GNU-tools-for-STM32/bin/../lib/gcc/arm-none-eabi/13.3.1/../../../../arm-none-eabi/lib/thumb/v7-m/nofp\libg_nano.a(libc_a-init.o)

.debug_line     0x00000000     0x17d7
 .debug_line    0x00000000      0x36d CMakeFiles/TestLED.dir/Core/system_stm32f10x.c.obj
 .debug_line    0x0000036d       0x7b CMakeFiles/TestLED.dir/Core/startup_stm32f103rbtx.s.obj
 .debug_line    0x000003e8      0x24a CMakeFiles/TestLED.dir/Application/Test01/main.c.obj
 .debug_line    0x00000632      0x2d4 CMakeFiles/TestLED.dir/Utils/Delay/Util_Delay.c.obj
 .debug_line    0x00000906      0x5da CMakeFiles/TestLED.dir/Libraries/STM32F10x_StdPeriph_Driver/src/stm32f10x_gpio.c.obj
 .debug_line    0x00000ee0      0x792 CMakeFiles/TestLED.dir/Libraries/STM32F10x_StdPeriph_Driver/src/stm32f10x_rcc.c.obj
 .debug_line    0x00001672      0x165 C:/ST/STM32CubeCLT/GNU-tools-for-STM32/bin/../lib/gcc/arm-none-eabi/13.3.1/../../../../arm-none-eabi/lib/thumb/v7-m/nofp\libg_nano.a(libc_a-init.o)

.debug_str      0x00000000     0x115d
 .debug_str     0x00000000     0x115d CMakeFiles/TestLED.dir/Core/system_stm32f10x.c.obj
                                0x304 (size before relaxing)
 .debug_str     0x0000115d        0x0 CMakeFiles/TestLED.dir/Core/startup_stm32f103rbtx.s.obj
                                 0xa7 (size before relaxing)
 .debug_str     0x0000115d        0x0 CMakeFiles/TestLED.dir/Application/Test01/main.c.obj
                                0x382 (size before relaxing)
 .debug_str     0x0000115d        0x0 CMakeFiles/TestLED.dir/Utils/Delay/Util_Delay.c.obj
                                0x5e2 (size before relaxing)
 .debug_str     0x0000115d        0x0 CMakeFiles/TestLED.dir/Libraries/STM32F10x_StdPeriph_Driver/src/stm32f10x_gpio.c.obj
                                0x578 (size before relaxing)
 .debug_str     0x0000115d        0x0 CMakeFiles/TestLED.dir/Libraries/STM32F10x_StdPeriph_Driver/src/stm32f10x_rcc.c.obj
                                0x662 (size before relaxing)
 .debug_str     0x0000115d        0x0 C:/ST/STM32CubeCLT/GNU-tools-for-STM32/bin/../lib/gcc/arm-none-eabi/13.3.1/../../../../arm-none-eabi/lib/thumb/v7-m/nofp\libg_nano.a(libc_a-init.o)
                                0x26a (size before relaxing)

.comment        0x00000000       0x43
 .comment       0x00000000       0x43 CMakeFiles/TestLED.dir/Core/system_stm32f10x.c.obj
                                 0x44 (size before relaxing)
 .comment       0x00000043        0x0 CMakeFiles/TestLED.dir/Application/Test01/main.c.obj
                                 0x44 (size before relaxing)
 .comment       0x00000043        0x0 CMakeFiles/TestLED.dir/Utils/Delay/Util_Delay.c.obj
                                 0x44 (size before relaxing)
 .comment       0x00000043        0x0 CMakeFiles/TestLED.dir/Libraries/STM32F10x_StdPeriph_Driver/src/stm32f10x_gpio.c.obj
                                 0x44 (size before relaxing)
 .comment       0x00000043        0x0 CMakeFiles/TestLED.dir/Libraries/STM32F10x_StdPeriph_Driver/src/stm32f10x_rcc.c.obj
                                 0x44 (size before relaxing)
 .comment       0x00000043        0x0 C:/ST/STM32CubeCLT/GNU-tools-for-STM32/bin/../lib/gcc/arm-none-eabi/13.3.1/../../../../arm-none-eabi/lib/thumb/v7-m/nofp\libg_nano.a(libc_a-init.o)
                                 0x44 (size before relaxing)

.debug_frame    0x00000000      0x9bc
 .debug_frame   0x00000000       0x98 CMakeFiles/TestLED.dir/Core/system_stm32f10x.c.obj
 .debug_frame   0x00000098       0x30 CMakeFiles/TestLED.dir/Application/Test01/main.c.obj
 .debug_frame   0x000000c8      0x104 CMakeFiles/TestLED.dir/Utils/Delay/Util_Delay.c.obj
 .debug_frame   0x000001cc      0x2d0 CMakeFiles/TestLED.dir/Libraries/STM32F10x_StdPeriph_Driver/src/stm32f10x_gpio.c.obj
 .debug_frame   0x0000049c      0x4f4 CMakeFiles/TestLED.dir/Libraries/STM32F10x_StdPeriph_Driver/src/stm32f10x_rcc.c.obj
 .debug_frame   0x00000990       0x2c C:/ST/STM32CubeCLT/GNU-tools-for-STM32/bin/../lib/gcc/arm-none-eabi/13.3.1/../../../../arm-none-eabi/lib/thumb/v7-m/nofp\libg_nano.a(libc_a-init.o)

.debug_line_str
                0x00000000       0x8b
 .debug_line_str
                0x00000000       0x8b CMakeFiles/TestLED.dir/Core/startup_stm32f103rbtx.s.obj

.debug_loclists
                0x00000000       0x34
 .debug_loclists
                0x00000000       0x34 C:/ST/STM32CubeCLT/GNU-tools-for-STM32/bin/../lib/gcc/arm-none-eabi/13.3.1/../../../../arm-none-eabi/lib/thumb/v7-m/nofp\libg_nano.a(libc_a-init.o)

Cross Reference Table

Symbol                                            File
ADC1_2_IRQHandler                                 CMakeFiles/TestLED.dir/Core/startup_stm32f103rbtx.s.obj
ADC3_IRQHandler                                   CMakeFiles/TestLED.dir/Core/startup_stm32f103rbtx.s.obj
ADC_AnalogWatchdogCmd                             CMakeFiles/TestLED.dir/Libraries/STM32F10x_StdPeriph_Driver/src/stm32f10x_adc.c.obj
ADC_AnalogWatchdogSingleChannelConfig             CMakeFiles/TestLED.dir/Libraries/STM32F10x_StdPeriph_Driver/src/stm32f10x_adc.c.obj
ADC_AnalogWatchdogThresholdsConfig                CMakeFiles/TestLED.dir/Libraries/STM32F10x_StdPeriph_Driver/src/stm32f10x_adc.c.obj
ADC_AutoInjectedConvCmd                           CMakeFiles/TestLED.dir/Libraries/STM32F10x_StdPeriph_Driver/src/stm32f10x_adc.c.obj
ADC_ClearFlag                                     CMakeFiles/TestLED.dir/Libraries/STM32F10x_StdPeriph_Driver/src/stm32f10x_adc.c.obj
ADC_ClearITPendingBit                             CMakeFiles/TestLED.dir/Libraries/STM32F10x_StdPeriph_Driver/src/stm32f10x_adc.c.obj
ADC_Cmd                                           CMakeFiles/TestLED.dir/Libraries/STM32F10x_StdPeriph_Driver/src/stm32f10x_adc.c.obj
ADC_DMACmd                                        CMakeFiles/TestLED.dir/Libraries/STM32F10x_StdPeriph_Driver/src/stm32f10x_adc.c.obj
ADC_DeInit                                        CMakeFiles/TestLED.dir/Libraries/STM32F10x_StdPeriph_Driver/src/stm32f10x_adc.c.obj
ADC_DiscModeChannelCountConfig                    CMakeFiles/TestLED.dir/Libraries/STM32F10x_StdPeriph_Driver/src/stm32f10x_adc.c.obj
ADC_DiscModeCmd                                   CMakeFiles/TestLED.dir/Libraries/STM32F10x_StdPeriph_Driver/src/stm32f10x_adc.c.obj
ADC_ExternalTrigConvCmd                           CMakeFiles/TestLED.dir/Libraries/STM32F10x_StdPeriph_Driver/src/stm32f10x_adc.c.obj
ADC_ExternalTrigInjectedConvCmd                   CMakeFiles/TestLED.dir/Libraries/STM32F10x_StdPeriph_Driver/src/stm32f10x_adc.c.obj
ADC_ExternalTrigInjectedConvConfig                CMakeFiles/TestLED.dir/Libraries/STM32F10x_StdPeriph_Driver/src/stm32f10x_adc.c.obj
ADC_GetCalibrationStatus                          CMakeFiles/TestLED.dir/Libraries/STM32F10x_StdPeriph_Driver/src/stm32f10x_adc.c.obj
ADC_GetConversionValue                            CMakeFiles/TestLED.dir/Libraries/STM32F10x_StdPeriph_Driver/src/stm32f10x_adc.c.obj
ADC_GetDualModeConversionValue                    CMakeFiles/TestLED.dir/Libraries/STM32F10x_StdPeriph_Driver/src/stm32f10x_adc.c.obj
ADC_GetFlagStatus                                 CMakeFiles/TestLED.dir/Libraries/STM32F10x_StdPeriph_Driver/src/stm32f10x_adc.c.obj
ADC_GetITStatus                                   CMakeFiles/TestLED.dir/Libraries/STM32F10x_StdPeriph_Driver/src/stm32f10x_adc.c.obj
ADC_GetInjectedConversionValue                    CMakeFiles/TestLED.dir/Libraries/STM32F10x_StdPeriph_Driver/src/stm32f10x_adc.c.obj
ADC_GetResetCalibrationStatus                     CMakeFiles/TestLED.dir/Libraries/STM32F10x_StdPeriph_Driver/src/stm32f10x_adc.c.obj
ADC_GetSoftwareStartConvStatus                    CMakeFiles/TestLED.dir/Libraries/STM32F10x_StdPeriph_Driver/src/stm32f10x_adc.c.obj
ADC_GetSoftwareStartInjectedConvCmdStatus         CMakeFiles/TestLED.dir/Libraries/STM32F10x_StdPeriph_Driver/src/stm32f10x_adc.c.obj
ADC_ITConfig                                      CMakeFiles/TestLED.dir/Libraries/STM32F10x_StdPeriph_Driver/src/stm32f10x_adc.c.obj
ADC_Init                                          CMakeFiles/TestLED.dir/Libraries/STM32F10x_StdPeriph_Driver/src/stm32f10x_adc.c.obj
ADC_InjectedChannelConfig                         CMakeFiles/TestLED.dir/Libraries/STM32F10x_StdPeriph_Driver/src/stm32f10x_adc.c.obj
ADC_InjectedDiscModeCmd                           CMakeFiles/TestLED.dir/Libraries/STM32F10x_StdPeriph_Driver/src/stm32f10x_adc.c.obj
ADC_InjectedSequencerLengthConfig                 CMakeFiles/TestLED.dir/Libraries/STM32F10x_StdPeriph_Driver/src/stm32f10x_adc.c.obj
ADC_RegularChannelConfig                          CMakeFiles/TestLED.dir/Libraries/STM32F10x_StdPeriph_Driver/src/stm32f10x_adc.c.obj
ADC_ResetCalibration                              CMakeFiles/TestLED.dir/Libraries/STM32F10x_StdPeriph_Driver/src/stm32f10x_adc.c.obj
ADC_SetInjectedOffset                             CMakeFiles/TestLED.dir/Libraries/STM32F10x_StdPeriph_Driver/src/stm32f10x_adc.c.obj
ADC_SoftwareStartConvCmd                          CMakeFiles/TestLED.dir/Libraries/STM32F10x_StdPeriph_Driver/src/stm32f10x_adc.c.obj
ADC_SoftwareStartInjectedConvCmd                  CMakeFiles/TestLED.dir/Libraries/STM32F10x_StdPeriph_Driver/src/stm32f10x_adc.c.obj
ADC_StartCalibration                              CMakeFiles/TestLED.dir/Libraries/STM32F10x_StdPeriph_Driver/src/stm32f10x_adc.c.obj
ADC_StructInit                                    CMakeFiles/TestLED.dir/Libraries/STM32F10x_StdPeriph_Driver/src/stm32f10x_adc.c.obj
ADC_TempSensorVrefintCmd                          CMakeFiles/TestLED.dir/Libraries/STM32F10x_StdPeriph_Driver/src/stm32f10x_adc.c.obj
AHBPrescTable                                     CMakeFiles/TestLED.dir/Core/system_stm32f10x.c.obj
BKP_ClearFlag                                     CMakeFiles/TestLED.dir/Libraries/STM32F10x_StdPeriph_Driver/src/stm32f10x_bkp.c.obj
BKP_ClearITPendingBit                             CMakeFiles/TestLED.dir/Libraries/STM32F10x_StdPeriph_Driver/src/stm32f10x_bkp.c.obj
BKP_DeInit                                        CMakeFiles/TestLED.dir/Libraries/STM32F10x_StdPeriph_Driver/src/stm32f10x_bkp.c.obj
BKP_GetFlagStatus                                 CMakeFiles/TestLED.dir/Libraries/STM32F10x_StdPeriph_Driver/src/stm32f10x_bkp.c.obj
BKP_GetITStatus                                   CMakeFiles/TestLED.dir/Libraries/STM32F10x_StdPeriph_Driver/src/stm32f10x_bkp.c.obj
BKP_ITConfig                                      CMakeFiles/TestLED.dir/Libraries/STM32F10x_StdPeriph_Driver/src/stm32f10x_bkp.c.obj
BKP_RTCOutputConfig                               CMakeFiles/TestLED.dir/Libraries/STM32F10x_StdPeriph_Driver/src/stm32f10x_bkp.c.obj
BKP_ReadBackupRegister                            CMakeFiles/TestLED.dir/Libraries/STM32F10x_StdPeriph_Driver/src/stm32f10x_bkp.c.obj
BKP_SetRTCCalibrationValue                        CMakeFiles/TestLED.dir/Libraries/STM32F10x_StdPeriph_Driver/src/stm32f10x_bkp.c.obj
BKP_TamperPinCmd                                  CMakeFiles/TestLED.dir/Libraries/STM32F10x_StdPeriph_Driver/src/stm32f10x_bkp.c.obj
BKP_TamperPinLevelConfig                          CMakeFiles/TestLED.dir/Libraries/STM32F10x_StdPeriph_Driver/src/stm32f10x_bkp.c.obj
BKP_WriteBackupRegister                           CMakeFiles/TestLED.dir/Libraries/STM32F10x_StdPeriph_Driver/src/stm32f10x_bkp.c.obj
BusFault_Handler                                  CMakeFiles/TestLED.dir/Core/startup_stm32f103rbtx.s.obj
CAN_CancelTransmit                                CMakeFiles/TestLED.dir/Libraries/STM32F10x_StdPeriph_Driver/src/stm32f10x_can.c.obj
CAN_ClearFlag                                     CMakeFiles/TestLED.dir/Libraries/STM32F10x_StdPeriph_Driver/src/stm32f10x_can.c.obj
CAN_ClearITPendingBit                             CMakeFiles/TestLED.dir/Libraries/STM32F10x_StdPeriph_Driver/src/stm32f10x_can.c.obj
CAN_DBGFreeze                                     CMakeFiles/TestLED.dir/Libraries/STM32F10x_StdPeriph_Driver/src/stm32f10x_can.c.obj
CAN_DeInit                                        CMakeFiles/TestLED.dir/Libraries/STM32F10x_StdPeriph_Driver/src/stm32f10x_can.c.obj
CAN_FIFORelease                                   CMakeFiles/TestLED.dir/Libraries/STM32F10x_StdPeriph_Driver/src/stm32f10x_can.c.obj
CAN_FilterInit                                    CMakeFiles/TestLED.dir/Libraries/STM32F10x_StdPeriph_Driver/src/stm32f10x_can.c.obj
CAN_GetFlagStatus                                 CMakeFiles/TestLED.dir/Libraries/STM32F10x_StdPeriph_Driver/src/stm32f10x_can.c.obj
CAN_GetITStatus                                   CMakeFiles/TestLED.dir/Libraries/STM32F10x_StdPeriph_Driver/src/stm32f10x_can.c.obj
CAN_GetLSBTransmitErrorCounter                    CMakeFiles/TestLED.dir/Libraries/STM32F10x_StdPeriph_Driver/src/stm32f10x_can.c.obj
CAN_GetLastErrorCode                              CMakeFiles/TestLED.dir/Libraries/STM32F10x_StdPeriph_Driver/src/stm32f10x_can.c.obj
CAN_GetReceiveErrorCounter                        CMakeFiles/TestLED.dir/Libraries/STM32F10x_StdPeriph_Driver/src/stm32f10x_can.c.obj
CAN_ITConfig                                      CMakeFiles/TestLED.dir/Libraries/STM32F10x_StdPeriph_Driver/src/stm32f10x_can.c.obj
CAN_Init                                          CMakeFiles/TestLED.dir/Libraries/STM32F10x_StdPeriph_Driver/src/stm32f10x_can.c.obj
CAN_MessagePending                                CMakeFiles/TestLED.dir/Libraries/STM32F10x_StdPeriph_Driver/src/stm32f10x_can.c.obj
CAN_OperatingModeRequest                          CMakeFiles/TestLED.dir/Libraries/STM32F10x_StdPeriph_Driver/src/stm32f10x_can.c.obj
CAN_RX1_IRQHandler                                CMakeFiles/TestLED.dir/Core/startup_stm32f103rbtx.s.obj
CAN_Receive                                       CMakeFiles/TestLED.dir/Libraries/STM32F10x_StdPeriph_Driver/src/stm32f10x_can.c.obj
CAN_SCE_IRQHandler                                CMakeFiles/TestLED.dir/Core/startup_stm32f103rbtx.s.obj
CAN_SlaveStartBank                                CMakeFiles/TestLED.dir/Libraries/STM32F10x_StdPeriph_Driver/src/stm32f10x_can.c.obj
CAN_Sleep                                         CMakeFiles/TestLED.dir/Libraries/STM32F10x_StdPeriph_Driver/src/stm32f10x_can.c.obj
CAN_StructInit                                    CMakeFiles/TestLED.dir/Libraries/STM32F10x_StdPeriph_Driver/src/stm32f10x_can.c.obj
CAN_TTComModeCmd                                  CMakeFiles/TestLED.dir/Libraries/STM32F10x_StdPeriph_Driver/src/stm32f10x_can.c.obj
CAN_Transmit                                      CMakeFiles/TestLED.dir/Libraries/STM32F10x_StdPeriph_Driver/src/stm32f10x_can.c.obj
CAN_TransmitStatus                                CMakeFiles/TestLED.dir/Libraries/STM32F10x_StdPeriph_Driver/src/stm32f10x_can.c.obj
CAN_WakeUp                                        CMakeFiles/TestLED.dir/Libraries/STM32F10x_StdPeriph_Driver/src/stm32f10x_can.c.obj
CEC_ClearFlag                                     CMakeFiles/TestLED.dir/Libraries/STM32F10x_StdPeriph_Driver/src/stm32f10x_cec.c.obj
CEC_ClearITPendingBit                             CMakeFiles/TestLED.dir/Libraries/STM32F10x_StdPeriph_Driver/src/stm32f10x_cec.c.obj
CEC_Cmd                                           CMakeFiles/TestLED.dir/Libraries/STM32F10x_StdPeriph_Driver/src/stm32f10x_cec.c.obj
CEC_DeInit                                        CMakeFiles/TestLED.dir/Libraries/STM32F10x_StdPeriph_Driver/src/stm32f10x_cec.c.obj
CEC_EndOfMessageCmd                               CMakeFiles/TestLED.dir/Libraries/STM32F10x_StdPeriph_Driver/src/stm32f10x_cec.c.obj
CEC_GetFlagStatus                                 CMakeFiles/TestLED.dir/Libraries/STM32F10x_StdPeriph_Driver/src/stm32f10x_cec.c.obj
CEC_GetITStatus                                   CMakeFiles/TestLED.dir/Libraries/STM32F10x_StdPeriph_Driver/src/stm32f10x_cec.c.obj
CEC_ITConfig                                      CMakeFiles/TestLED.dir/Libraries/STM32F10x_StdPeriph_Driver/src/stm32f10x_cec.c.obj
CEC_Init                                          CMakeFiles/TestLED.dir/Libraries/STM32F10x_StdPeriph_Driver/src/stm32f10x_cec.c.obj
CEC_OwnAddressConfig                              CMakeFiles/TestLED.dir/Libraries/STM32F10x_StdPeriph_Driver/src/stm32f10x_cec.c.obj
CEC_ReceiveDataByte                               CMakeFiles/TestLED.dir/Libraries/STM32F10x_StdPeriph_Driver/src/stm32f10x_cec.c.obj
CEC_SendDataByte                                  CMakeFiles/TestLED.dir/Libraries/STM32F10x_StdPeriph_Driver/src/stm32f10x_cec.c.obj
CEC_SetPrescaler                                  CMakeFiles/TestLED.dir/Libraries/STM32F10x_StdPeriph_Driver/src/stm32f10x_cec.c.obj
CEC_StartOfMessage                                CMakeFiles/TestLED.dir/Libraries/STM32F10x_StdPeriph_Driver/src/stm32f10x_cec.c.obj
CRC_CalcBlockCRC                                  CMakeFiles/TestLED.dir/Libraries/STM32F10x_StdPeriph_Driver/src/stm32f10x_crc.c.obj
CRC_CalcCRC                                       CMakeFiles/TestLED.dir/Libraries/STM32F10x_StdPeriph_Driver/src/stm32f10x_crc.c.obj
CRC_GetCRC                                        CMakeFiles/TestLED.dir/Libraries/STM32F10x_StdPeriph_Driver/src/stm32f10x_crc.c.obj
CRC_GetIDRegister                                 CMakeFiles/TestLED.dir/Libraries/STM32F10x_StdPeriph_Driver/src/stm32f10x_crc.c.obj
CRC_ResetDR                                       CMakeFiles/TestLED.dir/Libraries/STM32F10x_StdPeriph_Driver/src/stm32f10x_crc.c.obj
CRC_SetIDRegister                                 CMakeFiles/TestLED.dir/Libraries/STM32F10x_StdPeriph_Driver/src/stm32f10x_crc.c.obj
DAC_Cmd                                           CMakeFiles/TestLED.dir/Libraries/STM32F10x_StdPeriph_Driver/src/stm32f10x_dac.c.obj
DAC_DMACmd                                        CMakeFiles/TestLED.dir/Libraries/STM32F10x_StdPeriph_Driver/src/stm32f10x_dac.c.obj
DAC_DeInit                                        CMakeFiles/TestLED.dir/Libraries/STM32F10x_StdPeriph_Driver/src/stm32f10x_dac.c.obj
DAC_DualSoftwareTriggerCmd                        CMakeFiles/TestLED.dir/Libraries/STM32F10x_StdPeriph_Driver/src/stm32f10x_dac.c.obj
DAC_GetDataOutputValue                            CMakeFiles/TestLED.dir/Libraries/STM32F10x_StdPeriph_Driver/src/stm32f10x_dac.c.obj
DAC_Init                                          CMakeFiles/TestLED.dir/Libraries/STM32F10x_StdPeriph_Driver/src/stm32f10x_dac.c.obj
DAC_SetChannel1Data                               CMakeFiles/TestLED.dir/Libraries/STM32F10x_StdPeriph_Driver/src/stm32f10x_dac.c.obj
DAC_SetChannel2Data                               CMakeFiles/TestLED.dir/Libraries/STM32F10x_StdPeriph_Driver/src/stm32f10x_dac.c.obj
DAC_SetDualChannelData                            CMakeFiles/TestLED.dir/Libraries/STM32F10x_StdPeriph_Driver/src/stm32f10x_dac.c.obj
DAC_SoftwareTriggerCmd                            CMakeFiles/TestLED.dir/Libraries/STM32F10x_StdPeriph_Driver/src/stm32f10x_dac.c.obj
DAC_StructInit                                    CMakeFiles/TestLED.dir/Libraries/STM32F10x_StdPeriph_Driver/src/stm32f10x_dac.c.obj
DAC_WaveGenerationCmd                             CMakeFiles/TestLED.dir/Libraries/STM32F10x_StdPeriph_Driver/src/stm32f10x_dac.c.obj
DBGMCU_Config                                     CMakeFiles/TestLED.dir/Libraries/STM32F10x_StdPeriph_Driver/src/stm32f10x_dbgmcu.c.obj
DBGMCU_GetDEVID                                   CMakeFiles/TestLED.dir/Libraries/STM32F10x_StdPeriph_Driver/src/stm32f10x_dbgmcu.c.obj
DBGMCU_GetREVID                                   CMakeFiles/TestLED.dir/Libraries/STM32F10x_StdPeriph_Driver/src/stm32f10x_dbgmcu.c.obj
DMA1_Channel1_IRQHandler                          CMakeFiles/TestLED.dir/Core/startup_stm32f103rbtx.s.obj
DMA1_Channel2_IRQHandler                          CMakeFiles/TestLED.dir/Core/startup_stm32f103rbtx.s.obj
DMA1_Channel3_IRQHandler                          CMakeFiles/TestLED.dir/Core/startup_stm32f103rbtx.s.obj
DMA1_Channel4_IRQHandler                          CMakeFiles/TestLED.dir/Core/startup_stm32f103rbtx.s.obj
DMA1_Channel5_IRQHandler                          CMakeFiles/TestLED.dir/Core/startup_stm32f103rbtx.s.obj
DMA1_Channel6_IRQHandler                          CMakeFiles/TestLED.dir/Core/startup_stm32f103rbtx.s.obj
DMA1_Channel7_IRQHandler                          CMakeFiles/TestLED.dir/Core/startup_stm32f103rbtx.s.obj
DMA2_Channel1_IRQHandler                          CMakeFiles/TestLED.dir/Core/startup_stm32f103rbtx.s.obj
DMA2_Channel2_IRQHandler                          CMakeFiles/TestLED.dir/Core/startup_stm32f103rbtx.s.obj
DMA2_Channel3_IRQHandler                          CMakeFiles/TestLED.dir/Core/startup_stm32f103rbtx.s.obj
DMA2_Channel4_5_IRQHandler                        CMakeFiles/TestLED.dir/Core/startup_stm32f103rbtx.s.obj
DMA_ClearFlag                                     CMakeFiles/TestLED.dir/Libraries/STM32F10x_StdPeriph_Driver/src/stm32f10x_dma.c.obj
DMA_ClearITPendingBit                             CMakeFiles/TestLED.dir/Libraries/STM32F10x_StdPeriph_Driver/src/stm32f10x_dma.c.obj
DMA_Cmd                                           CMakeFiles/TestLED.dir/Libraries/STM32F10x_StdPeriph_Driver/src/stm32f10x_dma.c.obj
DMA_DeInit                                        CMakeFiles/TestLED.dir/Libraries/STM32F10x_StdPeriph_Driver/src/stm32f10x_dma.c.obj
DMA_GetCurrDataCounter                            CMakeFiles/TestLED.dir/Libraries/STM32F10x_StdPeriph_Driver/src/stm32f10x_dma.c.obj
DMA_GetFlagStatus                                 CMakeFiles/TestLED.dir/Libraries/STM32F10x_StdPeriph_Driver/src/stm32f10x_dma.c.obj
DMA_GetITStatus                                   CMakeFiles/TestLED.dir/Libraries/STM32F10x_StdPeriph_Driver/src/stm32f10x_dma.c.obj
DMA_ITConfig                                      CMakeFiles/TestLED.dir/Libraries/STM32F10x_StdPeriph_Driver/src/stm32f10x_dma.c.obj
DMA_Init                                          CMakeFiles/TestLED.dir/Libraries/STM32F10x_StdPeriph_Driver/src/stm32f10x_dma.c.obj
DMA_SetCurrDataCounter                            CMakeFiles/TestLED.dir/Libraries/STM32F10x_StdPeriph_Driver/src/stm32f10x_dma.c.obj
DMA_StructInit                                    CMakeFiles/TestLED.dir/Libraries/STM32F10x_StdPeriph_Driver/src/stm32f10x_dma.c.obj
DebugMon_Handler                                  CMakeFiles/TestLED.dir/Core/startup_stm32f103rbtx.s.obj
Default_Handler                                   CMakeFiles/TestLED.dir/Core/startup_stm32f103rbtx.s.obj
Delay_Init                                        CMakeFiles/TestLED.dir/Utils/Delay/Util_Delay.c.obj
                                                  CMakeFiles/TestLED.dir/Application/Test01/main.c.obj
Delay_Ms                                          CMakeFiles/TestLED.dir/Utils/Delay/Util_Delay.c.obj
                                                  CMakeFiles/TestLED.dir/Application/Test01/main.c.obj
Delay_Us                                          CMakeFiles/TestLED.dir/Utils/Delay/Util_Delay.c.obj
EXTI0_IRQHandler                                  CMakeFiles/TestLED.dir/Core/startup_stm32f103rbtx.s.obj
EXTI15_10_IRQHandler                              CMakeFiles/TestLED.dir/Core/startup_stm32f103rbtx.s.obj
EXTI1_IRQHandler                                  CMakeFiles/TestLED.dir/Core/startup_stm32f103rbtx.s.obj
EXTI2_IRQHandler                                  CMakeFiles/TestLED.dir/Core/startup_stm32f103rbtx.s.obj
EXTI3_IRQHandler                                  CMakeFiles/TestLED.dir/Core/startup_stm32f103rbtx.s.obj
EXTI4_IRQHandler                                  CMakeFiles/TestLED.dir/Core/startup_stm32f103rbtx.s.obj
EXTI9_5_IRQHandler                                CMakeFiles/TestLED.dir/Core/startup_stm32f103rbtx.s.obj
EXTI_ClearFlag                                    CMakeFiles/TestLED.dir/Libraries/STM32F10x_StdPeriph_Driver/src/stm32f10x_exti.c.obj
EXTI_ClearITPendingBit                            CMakeFiles/TestLED.dir/Libraries/STM32F10x_StdPeriph_Driver/src/stm32f10x_exti.c.obj
EXTI_DeInit                                       CMakeFiles/TestLED.dir/Libraries/STM32F10x_StdPeriph_Driver/src/stm32f10x_exti.c.obj
EXTI_GenerateSWInterrupt                          CMakeFiles/TestLED.dir/Libraries/STM32F10x_StdPeriph_Driver/src/stm32f10x_exti.c.obj
EXTI_GetFlagStatus                                CMakeFiles/TestLED.dir/Libraries/STM32F10x_StdPeriph_Driver/src/stm32f10x_exti.c.obj
EXTI_GetITStatus                                  CMakeFiles/TestLED.dir/Libraries/STM32F10x_StdPeriph_Driver/src/stm32f10x_exti.c.obj
EXTI_Init                                         CMakeFiles/TestLED.dir/Libraries/STM32F10x_StdPeriph_Driver/src/stm32f10x_exti.c.obj
EXTI_StructInit                                   CMakeFiles/TestLED.dir/Libraries/STM32F10x_StdPeriph_Driver/src/stm32f10x_exti.c.obj
FLASH_ClearFlag                                   CMakeFiles/TestLED.dir/Libraries/STM32F10x_StdPeriph_Driver/src/stm32f10x_flash.c.obj
FLASH_EnableWriteProtection                       CMakeFiles/TestLED.dir/Libraries/STM32F10x_StdPeriph_Driver/src/stm32f10x_flash.c.obj
FLASH_EraseAllBank1Pages                          CMakeFiles/TestLED.dir/Libraries/STM32F10x_StdPeriph_Driver/src/stm32f10x_flash.c.obj
FLASH_EraseAllPages                               CMakeFiles/TestLED.dir/Libraries/STM32F10x_StdPeriph_Driver/src/stm32f10x_flash.c.obj
FLASH_EraseOptionBytes                            CMakeFiles/TestLED.dir/Libraries/STM32F10x_StdPeriph_Driver/src/stm32f10x_flash.c.obj
FLASH_ErasePage                                   CMakeFiles/TestLED.dir/Libraries/STM32F10x_StdPeriph_Driver/src/stm32f10x_flash.c.obj
FLASH_GetBank1Status                              CMakeFiles/TestLED.dir/Libraries/STM32F10x_StdPeriph_Driver/src/stm32f10x_flash.c.obj
FLASH_GetFlagStatus                               CMakeFiles/TestLED.dir/Libraries/STM32F10x_StdPeriph_Driver/src/stm32f10x_flash.c.obj
FLASH_GetPrefetchBufferStatus                     CMakeFiles/TestLED.dir/Libraries/STM32F10x_StdPeriph_Driver/src/stm32f10x_flash.c.obj
FLASH_GetReadOutProtectionStatus                  CMakeFiles/TestLED.dir/Libraries/STM32F10x_StdPeriph_Driver/src/stm32f10x_flash.c.obj
FLASH_GetStatus                                   CMakeFiles/TestLED.dir/Libraries/STM32F10x_StdPeriph_Driver/src/stm32f10x_flash.c.obj
FLASH_GetUserOptionByte                           CMakeFiles/TestLED.dir/Libraries/STM32F10x_StdPeriph_Driver/src/stm32f10x_flash.c.obj
FLASH_GetWriteProtectionOptionByte                CMakeFiles/TestLED.dir/Libraries/STM32F10x_StdPeriph_Driver/src/stm32f10x_flash.c.obj
FLASH_HalfCycleAccessCmd                          CMakeFiles/TestLED.dir/Libraries/STM32F10x_StdPeriph_Driver/src/stm32f10x_flash.c.obj
FLASH_IRQHandler                                  CMakeFiles/TestLED.dir/Core/startup_stm32f103rbtx.s.obj
FLASH_ITConfig                                    CMakeFiles/TestLED.dir/Libraries/STM32F10x_StdPeriph_Driver/src/stm32f10x_flash.c.obj
FLASH_Lock                                        CMakeFiles/TestLED.dir/Libraries/STM32F10x_StdPeriph_Driver/src/stm32f10x_flash.c.obj
FLASH_LockBank1                                   CMakeFiles/TestLED.dir/Libraries/STM32F10x_StdPeriph_Driver/src/stm32f10x_flash.c.obj
FLASH_PrefetchBufferCmd                           CMakeFiles/TestLED.dir/Libraries/STM32F10x_StdPeriph_Driver/src/stm32f10x_flash.c.obj
FLASH_ProgramHalfWord                             CMakeFiles/TestLED.dir/Libraries/STM32F10x_StdPeriph_Driver/src/stm32f10x_flash.c.obj
FLASH_ProgramOptionByteData                       CMakeFiles/TestLED.dir/Libraries/STM32F10x_StdPeriph_Driver/src/stm32f10x_flash.c.obj
FLASH_ProgramWord                                 CMakeFiles/TestLED.dir/Libraries/STM32F10x_StdPeriph_Driver/src/stm32f10x_flash.c.obj
FLASH_ReadOutProtection                           CMakeFiles/TestLED.dir/Libraries/STM32F10x_StdPeriph_Driver/src/stm32f10x_flash.c.obj
FLASH_SetLatency                                  CMakeFiles/TestLED.dir/Libraries/STM32F10x_StdPeriph_Driver/src/stm32f10x_flash.c.obj
FLASH_Unlock                                      CMakeFiles/TestLED.dir/Libraries/STM32F10x_StdPeriph_Driver/src/stm32f10x_flash.c.obj
FLASH_UnlockBank1                                 CMakeFiles/TestLED.dir/Libraries/STM32F10x_StdPeriph_Driver/src/stm32f10x_flash.c.obj
FLASH_UserOptionByteConfig                        CMakeFiles/TestLED.dir/Libraries/STM32F10x_StdPeriph_Driver/src/stm32f10x_flash.c.obj
FLASH_WaitForLastBank1Operation                   CMakeFiles/TestLED.dir/Libraries/STM32F10x_StdPeriph_Driver/src/stm32f10x_flash.c.obj
FLASH_WaitForLastOperation                        CMakeFiles/TestLED.dir/Libraries/STM32F10x_StdPeriph_Driver/src/stm32f10x_flash.c.obj
FSMC_ClearFlag                                    CMakeFiles/TestLED.dir/Libraries/STM32F10x_StdPeriph_Driver/src/stm32f10x_fsmc.c.obj
FSMC_ClearITPendingBit                            CMakeFiles/TestLED.dir/Libraries/STM32F10x_StdPeriph_Driver/src/stm32f10x_fsmc.c.obj
FSMC_GetECC                                       CMakeFiles/TestLED.dir/Libraries/STM32F10x_StdPeriph_Driver/src/stm32f10x_fsmc.c.obj
FSMC_GetFlagStatus                                CMakeFiles/TestLED.dir/Libraries/STM32F10x_StdPeriph_Driver/src/stm32f10x_fsmc.c.obj
FSMC_GetITStatus                                  CMakeFiles/TestLED.dir/Libraries/STM32F10x_StdPeriph_Driver/src/stm32f10x_fsmc.c.obj
FSMC_IRQHandler                                   CMakeFiles/TestLED.dir/Core/startup_stm32f103rbtx.s.obj
FSMC_ITConfig                                     CMakeFiles/TestLED.dir/Libraries/STM32F10x_StdPeriph_Driver/src/stm32f10x_fsmc.c.obj
FSMC_NANDCmd                                      CMakeFiles/TestLED.dir/Libraries/STM32F10x_StdPeriph_Driver/src/stm32f10x_fsmc.c.obj
FSMC_NANDDeInit                                   CMakeFiles/TestLED.dir/Libraries/STM32F10x_StdPeriph_Driver/src/stm32f10x_fsmc.c.obj
FSMC_NANDECCCmd                                   CMakeFiles/TestLED.dir/Libraries/STM32F10x_StdPeriph_Driver/src/stm32f10x_fsmc.c.obj
FSMC_NANDInit                                     CMakeFiles/TestLED.dir/Libraries/STM32F10x_StdPeriph_Driver/src/stm32f10x_fsmc.c.obj
FSMC_NANDStructInit                               CMakeFiles/TestLED.dir/Libraries/STM32F10x_StdPeriph_Driver/src/stm32f10x_fsmc.c.obj
FSMC_NORSRAMCmd                                   CMakeFiles/TestLED.dir/Libraries/STM32F10x_StdPeriph_Driver/src/stm32f10x_fsmc.c.obj
FSMC_NORSRAMDeInit                                CMakeFiles/TestLED.dir/Libraries/STM32F10x_StdPeriph_Driver/src/stm32f10x_fsmc.c.obj
FSMC_NORSRAMInit                                  CMakeFiles/TestLED.dir/Libraries/STM32F10x_StdPeriph_Driver/src/stm32f10x_fsmc.c.obj
FSMC_NORSRAMStructInit                            CMakeFiles/TestLED.dir/Libraries/STM32F10x_StdPeriph_Driver/src/stm32f10x_fsmc.c.obj
FSMC_PCCARDCmd                                    CMakeFiles/TestLED.dir/Libraries/STM32F10x_StdPeriph_Driver/src/stm32f10x_fsmc.c.obj
FSMC_PCCARDDeInit                                 CMakeFiles/TestLED.dir/Libraries/STM32F10x_StdPeriph_Driver/src/stm32f10x_fsmc.c.obj
FSMC_PCCARDInit                                   CMakeFiles/TestLED.dir/Libraries/STM32F10x_StdPeriph_Driver/src/stm32f10x_fsmc.c.obj
FSMC_PCCARDStructInit                             CMakeFiles/TestLED.dir/Libraries/STM32F10x_StdPeriph_Driver/src/stm32f10x_fsmc.c.obj
GPIO_AFIODeInit                                   CMakeFiles/TestLED.dir/Libraries/STM32F10x_StdPeriph_Driver/src/stm32f10x_gpio.c.obj
GPIO_DeInit                                       CMakeFiles/TestLED.dir/Libraries/STM32F10x_StdPeriph_Driver/src/stm32f10x_gpio.c.obj
GPIO_ETH_MediaInterfaceConfig                     CMakeFiles/TestLED.dir/Libraries/STM32F10x_StdPeriph_Driver/src/stm32f10x_gpio.c.obj
GPIO_EXTILineConfig                               CMakeFiles/TestLED.dir/Libraries/STM32F10x_StdPeriph_Driver/src/stm32f10x_gpio.c.obj
GPIO_EventOutputCmd                               CMakeFiles/TestLED.dir/Libraries/STM32F10x_StdPeriph_Driver/src/stm32f10x_gpio.c.obj
GPIO_EventOutputConfig                            CMakeFiles/TestLED.dir/Libraries/STM32F10x_StdPeriph_Driver/src/stm32f10x_gpio.c.obj
GPIO_Init                                         CMakeFiles/TestLED.dir/Libraries/STM32F10x_StdPeriph_Driver/src/stm32f10x_gpio.c.obj
                                                  CMakeFiles/TestLED.dir/Application/Test01/main.c.obj
GPIO_PinLockConfig                                CMakeFiles/TestLED.dir/Libraries/STM32F10x_StdPeriph_Driver/src/stm32f10x_gpio.c.obj
GPIO_PinRemapConfig                               CMakeFiles/TestLED.dir/Libraries/STM32F10x_StdPeriph_Driver/src/stm32f10x_gpio.c.obj
GPIO_ReadInputData                                CMakeFiles/TestLED.dir/Libraries/STM32F10x_StdPeriph_Driver/src/stm32f10x_gpio.c.obj
GPIO_ReadInputDataBit                             CMakeFiles/TestLED.dir/Libraries/STM32F10x_StdPeriph_Driver/src/stm32f10x_gpio.c.obj
GPIO_ReadOutputData                               CMakeFiles/TestLED.dir/Libraries/STM32F10x_StdPeriph_Driver/src/stm32f10x_gpio.c.obj
GPIO_ReadOutputDataBit                            CMakeFiles/TestLED.dir/Libraries/STM32F10x_StdPeriph_Driver/src/stm32f10x_gpio.c.obj
GPIO_ResetBits                                    CMakeFiles/TestLED.dir/Libraries/STM32F10x_StdPeriph_Driver/src/stm32f10x_gpio.c.obj
                                                  CMakeFiles/TestLED.dir/Application/Test01/main.c.obj
GPIO_SetBits                                      CMakeFiles/TestLED.dir/Libraries/STM32F10x_StdPeriph_Driver/src/stm32f10x_gpio.c.obj
                                                  CMakeFiles/TestLED.dir/Application/Test01/main.c.obj
GPIO_StructInit                                   CMakeFiles/TestLED.dir/Libraries/STM32F10x_StdPeriph_Driver/src/stm32f10x_gpio.c.obj
GPIO_Write                                        CMakeFiles/TestLED.dir/Libraries/STM32F10x_StdPeriph_Driver/src/stm32f10x_gpio.c.obj
GPIO_WriteBit                                     CMakeFiles/TestLED.dir/Libraries/STM32F10x_StdPeriph_Driver/src/stm32f10x_gpio.c.obj
HardFault_Handler                                 CMakeFiles/TestLED.dir/Core/startup_stm32f103rbtx.s.obj
I2C1_ER_IRQHandler                                CMakeFiles/TestLED.dir/Core/startup_stm32f103rbtx.s.obj
I2C1_EV_IRQHandler                                CMakeFiles/TestLED.dir/Core/startup_stm32f103rbtx.s.obj
I2C2_ER_IRQHandler                                CMakeFiles/TestLED.dir/Core/startup_stm32f103rbtx.s.obj
I2C2_EV_IRQHandler                                CMakeFiles/TestLED.dir/Core/startup_stm32f103rbtx.s.obj
I2C_ARPCmd                                        CMakeFiles/TestLED.dir/Libraries/STM32F10x_StdPeriph_Driver/src/stm32f10x_i2c.c.obj
I2C_AcknowledgeConfig                             CMakeFiles/TestLED.dir/Libraries/STM32F10x_StdPeriph_Driver/src/stm32f10x_i2c.c.obj
I2C_CalculatePEC                                  CMakeFiles/TestLED.dir/Libraries/STM32F10x_StdPeriph_Driver/src/stm32f10x_i2c.c.obj
I2C_CheckEvent                                    CMakeFiles/TestLED.dir/Libraries/STM32F10x_StdPeriph_Driver/src/stm32f10x_i2c.c.obj
I2C_ClearFlag                                     CMakeFiles/TestLED.dir/Libraries/STM32F10x_StdPeriph_Driver/src/stm32f10x_i2c.c.obj
I2C_ClearITPendingBit                             CMakeFiles/TestLED.dir/Libraries/STM32F10x_StdPeriph_Driver/src/stm32f10x_i2c.c.obj
I2C_Cmd                                           CMakeFiles/TestLED.dir/Libraries/STM32F10x_StdPeriph_Driver/src/stm32f10x_i2c.c.obj
I2C_DMACmd                                        CMakeFiles/TestLED.dir/Libraries/STM32F10x_StdPeriph_Driver/src/stm32f10x_i2c.c.obj
I2C_DMALastTransferCmd                            CMakeFiles/TestLED.dir/Libraries/STM32F10x_StdPeriph_Driver/src/stm32f10x_i2c.c.obj
I2C_DeInit                                        CMakeFiles/TestLED.dir/Libraries/STM32F10x_StdPeriph_Driver/src/stm32f10x_i2c.c.obj
I2C_DualAddressCmd                                CMakeFiles/TestLED.dir/Libraries/STM32F10x_StdPeriph_Driver/src/stm32f10x_i2c.c.obj
I2C_FastModeDutyCycleConfig                       CMakeFiles/TestLED.dir/Libraries/STM32F10x_StdPeriph_Driver/src/stm32f10x_i2c.c.obj
I2C_GeneralCallCmd                                CMakeFiles/TestLED.dir/Libraries/STM32F10x_StdPeriph_Driver/src/stm32f10x_i2c.c.obj
I2C_GenerateSTART                                 CMakeFiles/TestLED.dir/Libraries/STM32F10x_StdPeriph_Driver/src/stm32f10x_i2c.c.obj
I2C_GenerateSTOP                                  CMakeFiles/TestLED.dir/Libraries/STM32F10x_StdPeriph_Driver/src/stm32f10x_i2c.c.obj
I2C_GetFlagStatus                                 CMakeFiles/TestLED.dir/Libraries/STM32F10x_StdPeriph_Driver/src/stm32f10x_i2c.c.obj
I2C_GetITStatus                                   CMakeFiles/TestLED.dir/Libraries/STM32F10x_StdPeriph_Driver/src/stm32f10x_i2c.c.obj
I2C_GetLastEvent                                  CMakeFiles/TestLED.dir/Libraries/STM32F10x_StdPeriph_Driver/src/stm32f10x_i2c.c.obj
I2C_GetPEC                                        CMakeFiles/TestLED.dir/Libraries/STM32F10x_StdPeriph_Driver/src/stm32f10x_i2c.c.obj
I2C_ITConfig                                      CMakeFiles/TestLED.dir/Libraries/STM32F10x_StdPeriph_Driver/src/stm32f10x_i2c.c.obj
I2C_Init                                          CMakeFiles/TestLED.dir/Libraries/STM32F10x_StdPeriph_Driver/src/stm32f10x_i2c.c.obj
I2C_NACKPositionConfig                            CMakeFiles/TestLED.dir/Libraries/STM32F10x_StdPeriph_Driver/src/stm32f10x_i2c.c.obj
I2C_OwnAddress2Config                             CMakeFiles/TestLED.dir/Libraries/STM32F10x_StdPeriph_Driver/src/stm32f10x_i2c.c.obj
I2C_PECPositionConfig                             CMakeFiles/TestLED.dir/Libraries/STM32F10x_StdPeriph_Driver/src/stm32f10x_i2c.c.obj
I2C_ReadRegister                                  CMakeFiles/TestLED.dir/Libraries/STM32F10x_StdPeriph_Driver/src/stm32f10x_i2c.c.obj
I2C_ReceiveData                                   CMakeFiles/TestLED.dir/Libraries/STM32F10x_StdPeriph_Driver/src/stm32f10x_i2c.c.obj
I2C_SMBusAlertConfig                              CMakeFiles/TestLED.dir/Libraries/STM32F10x_StdPeriph_Driver/src/stm32f10x_i2c.c.obj
I2C_Send7bitAddress                               CMakeFiles/TestLED.dir/Libraries/STM32F10x_StdPeriph_Driver/src/stm32f10x_i2c.c.obj
I2C_SendData                                      CMakeFiles/TestLED.dir/Libraries/STM32F10x_StdPeriph_Driver/src/stm32f10x_i2c.c.obj
I2C_SoftwareResetCmd                              CMakeFiles/TestLED.dir/Libraries/STM32F10x_StdPeriph_Driver/src/stm32f10x_i2c.c.obj
I2C_StretchClockCmd                               CMakeFiles/TestLED.dir/Libraries/STM32F10x_StdPeriph_Driver/src/stm32f10x_i2c.c.obj
I2C_StructInit                                    CMakeFiles/TestLED.dir/Libraries/STM32F10x_StdPeriph_Driver/src/stm32f10x_i2c.c.obj
I2C_TransmitPEC                                   CMakeFiles/TestLED.dir/Libraries/STM32F10x_StdPeriph_Driver/src/stm32f10x_i2c.c.obj
I2S_Cmd                                           CMakeFiles/TestLED.dir/Libraries/STM32F10x_StdPeriph_Driver/src/stm32f10x_spi.c.obj
I2S_Init                                          CMakeFiles/TestLED.dir/Libraries/STM32F10x_StdPeriph_Driver/src/stm32f10x_spi.c.obj
I2S_StructInit                                    CMakeFiles/TestLED.dir/Libraries/STM32F10x_StdPeriph_Driver/src/stm32f10x_spi.c.obj
IWDG_Enable                                       CMakeFiles/TestLED.dir/Libraries/STM32F10x_StdPeriph_Driver/src/stm32f10x_iwdg.c.obj
IWDG_GetFlagStatus                                CMakeFiles/TestLED.dir/Libraries/STM32F10x_StdPeriph_Driver/src/stm32f10x_iwdg.c.obj
IWDG_ReloadCounter                                CMakeFiles/TestLED.dir/Libraries/STM32F10x_StdPeriph_Driver/src/stm32f10x_iwdg.c.obj
IWDG_SetPrescaler                                 CMakeFiles/TestLED.dir/Libraries/STM32F10x_StdPeriph_Driver/src/stm32f10x_iwdg.c.obj
IWDG_SetReload                                    CMakeFiles/TestLED.dir/Libraries/STM32F10x_StdPeriph_Driver/src/stm32f10x_iwdg.c.obj
IWDG_WriteAccessCmd                               CMakeFiles/TestLED.dir/Libraries/STM32F10x_StdPeriph_Driver/src/stm32f10x_iwdg.c.obj
MemManage_Handler                                 CMakeFiles/TestLED.dir/Core/startup_stm32f103rbtx.s.obj
NMI_Handler                                       CMakeFiles/TestLED.dir/Core/startup_stm32f103rbtx.s.obj
NVIC_Init                                         CMakeFiles/TestLED.dir/Libraries/STM32F10x_StdPeriph_Driver/src/misc.c.obj
NVIC_PriorityGroupConfig                          CMakeFiles/TestLED.dir/Libraries/STM32F10x_StdPeriph_Driver/src/misc.c.obj
NVIC_SetVectorTable                               CMakeFiles/TestLED.dir/Libraries/STM32F10x_StdPeriph_Driver/src/misc.c.obj
NVIC_SystemLPConfig                               CMakeFiles/TestLED.dir/Libraries/STM32F10x_StdPeriph_Driver/src/misc.c.obj
PVD_IRQHandler                                    CMakeFiles/TestLED.dir/Core/startup_stm32f103rbtx.s.obj
PWR_BackupAccessCmd                               CMakeFiles/TestLED.dir/Libraries/STM32F10x_StdPeriph_Driver/src/stm32f10x_pwr.c.obj
PWR_ClearFlag                                     CMakeFiles/TestLED.dir/Libraries/STM32F10x_StdPeriph_Driver/src/stm32f10x_pwr.c.obj
PWR_DeInit                                        CMakeFiles/TestLED.dir/Libraries/STM32F10x_StdPeriph_Driver/src/stm32f10x_pwr.c.obj
PWR_EnterSTANDBYMode                              CMakeFiles/TestLED.dir/Libraries/STM32F10x_StdPeriph_Driver/src/stm32f10x_pwr.c.obj
PWR_EnterSTOPMode                                 CMakeFiles/TestLED.dir/Libraries/STM32F10x_StdPeriph_Driver/src/stm32f10x_pwr.c.obj
PWR_GetFlagStatus                                 CMakeFiles/TestLED.dir/Libraries/STM32F10x_StdPeriph_Driver/src/stm32f10x_pwr.c.obj
PWR_PVDCmd                                        CMakeFiles/TestLED.dir/Libraries/STM32F10x_StdPeriph_Driver/src/stm32f10x_pwr.c.obj
PWR_PVDLevelConfig                                CMakeFiles/TestLED.dir/Libraries/STM32F10x_StdPeriph_Driver/src/stm32f10x_pwr.c.obj
PWR_WakeUpPinCmd                                  CMakeFiles/TestLED.dir/Libraries/STM32F10x_StdPeriph_Driver/src/stm32f10x_pwr.c.obj
PendSV_Handler                                    CMakeFiles/TestLED.dir/Core/startup_stm32f103rbtx.s.obj
RCC_ADCCLKConfig                                  CMakeFiles/TestLED.dir/Libraries/STM32F10x_StdPeriph_Driver/src/stm32f10x_rcc.c.obj
RCC_AHBPeriphClockCmd                             CMakeFiles/TestLED.dir/Libraries/STM32F10x_StdPeriph_Driver/src/stm32f10x_rcc.c.obj
RCC_APB1PeriphClockCmd                            CMakeFiles/TestLED.dir/Libraries/STM32F10x_StdPeriph_Driver/src/stm32f10x_rcc.c.obj
RCC_APB1PeriphResetCmd                            CMakeFiles/TestLED.dir/Libraries/STM32F10x_StdPeriph_Driver/src/stm32f10x_rcc.c.obj
                                                  CMakeFiles/TestLED.dir/Libraries/STM32F10x_StdPeriph_Driver/src/stm32f10x_wwdg.c.obj
                                                  CMakeFiles/TestLED.dir/Libraries/STM32F10x_StdPeriph_Driver/src/stm32f10x_usart.c.obj
                                                  CMakeFiles/TestLED.dir/Libraries/STM32F10x_StdPeriph_Driver/src/stm32f10x_tim.c.obj
                                                  CMakeFiles/TestLED.dir/Libraries/STM32F10x_StdPeriph_Driver/src/stm32f10x_spi.c.obj
                                                  CMakeFiles/TestLED.dir/Libraries/STM32F10x_StdPeriph_Driver/src/stm32f10x_pwr.c.obj
                                                  CMakeFiles/TestLED.dir/Libraries/STM32F10x_StdPeriph_Driver/src/stm32f10x_i2c.c.obj
                                                  CMakeFiles/TestLED.dir/Libraries/STM32F10x_StdPeriph_Driver/src/stm32f10x_dac.c.obj
                                                  CMakeFiles/TestLED.dir/Libraries/STM32F10x_StdPeriph_Driver/src/stm32f10x_cec.c.obj
                                                  CMakeFiles/TestLED.dir/Libraries/STM32F10x_StdPeriph_Driver/src/stm32f10x_can.c.obj
RCC_APB2PeriphClockCmd                            CMakeFiles/TestLED.dir/Libraries/STM32F10x_StdPeriph_Driver/src/stm32f10x_rcc.c.obj
                                                  CMakeFiles/TestLED.dir/Application/Test01/main.c.obj
RCC_APB2PeriphResetCmd                            CMakeFiles/TestLED.dir/Libraries/STM32F10x_StdPeriph_Driver/src/stm32f10x_rcc.c.obj
                                                  CMakeFiles/TestLED.dir/Libraries/STM32F10x_StdPeriph_Driver/src/stm32f10x_usart.c.obj
                                                  CMakeFiles/TestLED.dir/Libraries/STM32F10x_StdPeriph_Driver/src/stm32f10x_tim.c.obj
                                                  CMakeFiles/TestLED.dir/Libraries/STM32F10x_StdPeriph_Driver/src/stm32f10x_spi.c.obj
                                                  CMakeFiles/TestLED.dir/Libraries/STM32F10x_StdPeriph_Driver/src/stm32f10x_gpio.c.obj
                                                  CMakeFiles/TestLED.dir/Libraries/STM32F10x_StdPeriph_Driver/src/stm32f10x_adc.c.obj
RCC_AdjustHSICalibrationValue                     CMakeFiles/TestLED.dir/Libraries/STM32F10x_StdPeriph_Driver/src/stm32f10x_rcc.c.obj
RCC_BackupResetCmd                                CMakeFiles/TestLED.dir/Libraries/STM32F10x_StdPeriph_Driver/src/stm32f10x_rcc.c.obj
                                                  CMakeFiles/TestLED.dir/Libraries/STM32F10x_StdPeriph_Driver/src/stm32f10x_bkp.c.obj
RCC_ClearFlag                                     CMakeFiles/TestLED.dir/Libraries/STM32F10x_StdPeriph_Driver/src/stm32f10x_rcc.c.obj
RCC_ClearITPendingBit                             CMakeFiles/TestLED.dir/Libraries/STM32F10x_StdPeriph_Driver/src/stm32f10x_rcc.c.obj
RCC_ClockSecuritySystemCmd                        CMakeFiles/TestLED.dir/Libraries/STM32F10x_StdPeriph_Driver/src/stm32f10x_rcc.c.obj
RCC_DeInit                                        CMakeFiles/TestLED.dir/Libraries/STM32F10x_StdPeriph_Driver/src/stm32f10x_rcc.c.obj
RCC_GetClocksFreq                                 CMakeFiles/TestLED.dir/Libraries/STM32F10x_StdPeriph_Driver/src/stm32f10x_rcc.c.obj
                                                  CMakeFiles/TestLED.dir/Libraries/STM32F10x_StdPeriph_Driver/src/stm32f10x_usart.c.obj
                                                  CMakeFiles/TestLED.dir/Libraries/STM32F10x_StdPeriph_Driver/src/stm32f10x_spi.c.obj
                                                  CMakeFiles/TestLED.dir/Libraries/STM32F10x_StdPeriph_Driver/src/stm32f10x_i2c.c.obj
RCC_GetFlagStatus                                 CMakeFiles/TestLED.dir/Libraries/STM32F10x_StdPeriph_Driver/src/stm32f10x_rcc.c.obj
RCC_GetITStatus                                   CMakeFiles/TestLED.dir/Libraries/STM32F10x_StdPeriph_Driver/src/stm32f10x_rcc.c.obj
RCC_GetSYSCLKSource                               CMakeFiles/TestLED.dir/Libraries/STM32F10x_StdPeriph_Driver/src/stm32f10x_rcc.c.obj
RCC_HCLKConfig                                    CMakeFiles/TestLED.dir/Libraries/STM32F10x_StdPeriph_Driver/src/stm32f10x_rcc.c.obj
RCC_HSEConfig                                     CMakeFiles/TestLED.dir/Libraries/STM32F10x_StdPeriph_Driver/src/stm32f10x_rcc.c.obj
RCC_HSICmd                                        CMakeFiles/TestLED.dir/Libraries/STM32F10x_StdPeriph_Driver/src/stm32f10x_rcc.c.obj
RCC_IRQHandler                                    CMakeFiles/TestLED.dir/Core/startup_stm32f103rbtx.s.obj
RCC_ITConfig                                      CMakeFiles/TestLED.dir/Libraries/STM32F10x_StdPeriph_Driver/src/stm32f10x_rcc.c.obj
RCC_LSEConfig                                     CMakeFiles/TestLED.dir/Libraries/STM32F10x_StdPeriph_Driver/src/stm32f10x_rcc.c.obj
RCC_LSICmd                                        CMakeFiles/TestLED.dir/Libraries/STM32F10x_StdPeriph_Driver/src/stm32f10x_rcc.c.obj
RCC_MCOConfig                                     CMakeFiles/TestLED.dir/Libraries/STM32F10x_StdPeriph_Driver/src/stm32f10x_rcc.c.obj
RCC_PCLK1Config                                   CMakeFiles/TestLED.dir/Libraries/STM32F10x_StdPeriph_Driver/src/stm32f10x_rcc.c.obj
RCC_PCLK2Config                                   CMakeFiles/TestLED.dir/Libraries/STM32F10x_StdPeriph_Driver/src/stm32f10x_rcc.c.obj
RCC_PLLCmd                                        CMakeFiles/TestLED.dir/Libraries/STM32F10x_StdPeriph_Driver/src/stm32f10x_rcc.c.obj
RCC_PLLConfig                                     CMakeFiles/TestLED.dir/Libraries/STM32F10x_StdPeriph_Driver/src/stm32f10x_rcc.c.obj
RCC_RTCCLKCmd                                     CMakeFiles/TestLED.dir/Libraries/STM32F10x_StdPeriph_Driver/src/stm32f10x_rcc.c.obj
RCC_RTCCLKConfig                                  CMakeFiles/TestLED.dir/Libraries/STM32F10x_StdPeriph_Driver/src/stm32f10x_rcc.c.obj
RCC_SYSCLKConfig                                  CMakeFiles/TestLED.dir/Libraries/STM32F10x_StdPeriph_Driver/src/stm32f10x_rcc.c.obj
RCC_USBCLKConfig                                  CMakeFiles/TestLED.dir/Libraries/STM32F10x_StdPeriph_Driver/src/stm32f10x_rcc.c.obj
RCC_WaitForHSEStartUp                             CMakeFiles/TestLED.dir/Libraries/STM32F10x_StdPeriph_Driver/src/stm32f10x_rcc.c.obj
RTCAlarm_IRQHandler                               CMakeFiles/TestLED.dir/Core/startup_stm32f103rbtx.s.obj
RTC_ClearFlag                                     CMakeFiles/TestLED.dir/Libraries/STM32F10x_StdPeriph_Driver/src/stm32f10x_rtc.c.obj
RTC_ClearITPendingBit                             CMakeFiles/TestLED.dir/Libraries/STM32F10x_StdPeriph_Driver/src/stm32f10x_rtc.c.obj
RTC_EnterConfigMode                               CMakeFiles/TestLED.dir/Libraries/STM32F10x_StdPeriph_Driver/src/stm32f10x_rtc.c.obj
RTC_ExitConfigMode                                CMakeFiles/TestLED.dir/Libraries/STM32F10x_StdPeriph_Driver/src/stm32f10x_rtc.c.obj
RTC_GetCounter                                    CMakeFiles/TestLED.dir/Libraries/STM32F10x_StdPeriph_Driver/src/stm32f10x_rtc.c.obj
RTC_GetDivider                                    CMakeFiles/TestLED.dir/Libraries/STM32F10x_StdPeriph_Driver/src/stm32f10x_rtc.c.obj
RTC_GetFlagStatus                                 CMakeFiles/TestLED.dir/Libraries/STM32F10x_StdPeriph_Driver/src/stm32f10x_rtc.c.obj
RTC_GetITStatus                                   CMakeFiles/TestLED.dir/Libraries/STM32F10x_StdPeriph_Driver/src/stm32f10x_rtc.c.obj
RTC_IRQHandler                                    CMakeFiles/TestLED.dir/Core/startup_stm32f103rbtx.s.obj
RTC_ITConfig                                      CMakeFiles/TestLED.dir/Libraries/STM32F10x_StdPeriph_Driver/src/stm32f10x_rtc.c.obj
RTC_SetAlarm                                      CMakeFiles/TestLED.dir/Libraries/STM32F10x_StdPeriph_Driver/src/stm32f10x_rtc.c.obj
RTC_SetCounter                                    CMakeFiles/TestLED.dir/Libraries/STM32F10x_StdPeriph_Driver/src/stm32f10x_rtc.c.obj
RTC_SetPrescaler                                  CMakeFiles/TestLED.dir/Libraries/STM32F10x_StdPeriph_Driver/src/stm32f10x_rtc.c.obj
RTC_WaitForLastTask                               CMakeFiles/TestLED.dir/Libraries/STM32F10x_StdPeriph_Driver/src/stm32f10x_rtc.c.obj
RTC_WaitForSynchro                                CMakeFiles/TestLED.dir/Libraries/STM32F10x_StdPeriph_Driver/src/stm32f10x_rtc.c.obj
Reset_Handler                                     CMakeFiles/TestLED.dir/Core/startup_stm32f103rbtx.s.obj
SDIO_CEATAITCmd                                   CMakeFiles/TestLED.dir/Libraries/STM32F10x_StdPeriph_Driver/src/stm32f10x_sdio.c.obj
SDIO_ClearFlag                                    CMakeFiles/TestLED.dir/Libraries/STM32F10x_StdPeriph_Driver/src/stm32f10x_sdio.c.obj
SDIO_ClearITPendingBit                            CMakeFiles/TestLED.dir/Libraries/STM32F10x_StdPeriph_Driver/src/stm32f10x_sdio.c.obj
SDIO_ClockCmd                                     CMakeFiles/TestLED.dir/Libraries/STM32F10x_StdPeriph_Driver/src/stm32f10x_sdio.c.obj
SDIO_CmdStructInit                                CMakeFiles/TestLED.dir/Libraries/STM32F10x_StdPeriph_Driver/src/stm32f10x_sdio.c.obj
SDIO_CommandCompletionCmd                         CMakeFiles/TestLED.dir/Libraries/STM32F10x_StdPeriph_Driver/src/stm32f10x_sdio.c.obj
SDIO_DMACmd                                       CMakeFiles/TestLED.dir/Libraries/STM32F10x_StdPeriph_Driver/src/stm32f10x_sdio.c.obj
SDIO_DataConfig                                   CMakeFiles/TestLED.dir/Libraries/STM32F10x_StdPeriph_Driver/src/stm32f10x_sdio.c.obj
SDIO_DataStructInit                               CMakeFiles/TestLED.dir/Libraries/STM32F10x_StdPeriph_Driver/src/stm32f10x_sdio.c.obj
SDIO_DeInit                                       CMakeFiles/TestLED.dir/Libraries/STM32F10x_StdPeriph_Driver/src/stm32f10x_sdio.c.obj
SDIO_GetCommandResponse                           CMakeFiles/TestLED.dir/Libraries/STM32F10x_StdPeriph_Driver/src/stm32f10x_sdio.c.obj
SDIO_GetDataCounter                               CMakeFiles/TestLED.dir/Libraries/STM32F10x_StdPeriph_Driver/src/stm32f10x_sdio.c.obj
SDIO_GetFIFOCount                                 CMakeFiles/TestLED.dir/Libraries/STM32F10x_StdPeriph_Driver/src/stm32f10x_sdio.c.obj
SDIO_GetFlagStatus                                CMakeFiles/TestLED.dir/Libraries/STM32F10x_StdPeriph_Driver/src/stm32f10x_sdio.c.obj
SDIO_GetITStatus                                  CMakeFiles/TestLED.dir/Libraries/STM32F10x_StdPeriph_Driver/src/stm32f10x_sdio.c.obj
SDIO_GetPowerState                                CMakeFiles/TestLED.dir/Libraries/STM32F10x_StdPeriph_Driver/src/stm32f10x_sdio.c.obj
SDIO_GetResponse                                  CMakeFiles/TestLED.dir/Libraries/STM32F10x_StdPeriph_Driver/src/stm32f10x_sdio.c.obj
SDIO_IRQHandler                                   CMakeFiles/TestLED.dir/Core/startup_stm32f103rbtx.s.obj
SDIO_ITConfig                                     CMakeFiles/TestLED.dir/Libraries/STM32F10x_StdPeriph_Driver/src/stm32f10x_sdio.c.obj
SDIO_Init                                         CMakeFiles/TestLED.dir/Libraries/STM32F10x_StdPeriph_Driver/src/stm32f10x_sdio.c.obj
SDIO_ReadData                                     CMakeFiles/TestLED.dir/Libraries/STM32F10x_StdPeriph_Driver/src/stm32f10x_sdio.c.obj
SDIO_SendCEATACmd                                 CMakeFiles/TestLED.dir/Libraries/STM32F10x_StdPeriph_Driver/src/stm32f10x_sdio.c.obj
SDIO_SendCommand                                  CMakeFiles/TestLED.dir/Libraries/STM32F10x_StdPeriph_Driver/src/stm32f10x_sdio.c.obj
SDIO_SendSDIOSuspendCmd                           CMakeFiles/TestLED.dir/Libraries/STM32F10x_StdPeriph_Driver/src/stm32f10x_sdio.c.obj
SDIO_SetPowerState                                CMakeFiles/TestLED.dir/Libraries/STM32F10x_StdPeriph_Driver/src/stm32f10x_sdio.c.obj
SDIO_SetSDIOOperation                             CMakeFiles/TestLED.dir/Libraries/STM32F10x_StdPeriph_Driver/src/stm32f10x_sdio.c.obj
SDIO_SetSDIOReadWaitMode                          CMakeFiles/TestLED.dir/Libraries/STM32F10x_StdPeriph_Driver/src/stm32f10x_sdio.c.obj
SDIO_StartSDIOReadWait                            CMakeFiles/TestLED.dir/Libraries/STM32F10x_StdPeriph_Driver/src/stm32f10x_sdio.c.obj
SDIO_StopSDIOReadWait                             CMakeFiles/TestLED.dir/Libraries/STM32F10x_StdPeriph_Driver/src/stm32f10x_sdio.c.obj
SDIO_StructInit                                   CMakeFiles/TestLED.dir/Libraries/STM32F10x_StdPeriph_Driver/src/stm32f10x_sdio.c.obj
SDIO_WriteData                                    CMakeFiles/TestLED.dir/Libraries/STM32F10x_StdPeriph_Driver/src/stm32f10x_sdio.c.obj
SPI1_IRQHandler                                   CMakeFiles/TestLED.dir/Core/startup_stm32f103rbtx.s.obj
SPI2_IRQHandler                                   CMakeFiles/TestLED.dir/Core/startup_stm32f103rbtx.s.obj
SPI3_IRQHandler                                   CMakeFiles/TestLED.dir/Core/startup_stm32f103rbtx.s.obj
SPI_BiDirectionalLineConfig                       CMakeFiles/TestLED.dir/Libraries/STM32F10x_StdPeriph_Driver/src/stm32f10x_spi.c.obj
SPI_CalculateCRC                                  CMakeFiles/TestLED.dir/Libraries/STM32F10x_StdPeriph_Driver/src/stm32f10x_spi.c.obj
SPI_Cmd                                           CMakeFiles/TestLED.dir/Libraries/STM32F10x_StdPeriph_Driver/src/stm32f10x_spi.c.obj
SPI_DataSizeConfig                                CMakeFiles/TestLED.dir/Libraries/STM32F10x_StdPeriph_Driver/src/stm32f10x_spi.c.obj
SPI_GetCRC                                        CMakeFiles/TestLED.dir/Libraries/STM32F10x_StdPeriph_Driver/src/stm32f10x_spi.c.obj
SPI_GetCRCPolynomial                              CMakeFiles/TestLED.dir/Libraries/STM32F10x_StdPeriph_Driver/src/stm32f10x_spi.c.obj
SPI_I2S_ClearFlag                                 CMakeFiles/TestLED.dir/Libraries/STM32F10x_StdPeriph_Driver/src/stm32f10x_spi.c.obj
SPI_I2S_ClearITPendingBit                         CMakeFiles/TestLED.dir/Libraries/STM32F10x_StdPeriph_Driver/src/stm32f10x_spi.c.obj
SPI_I2S_DMACmd                                    CMakeFiles/TestLED.dir/Libraries/STM32F10x_StdPeriph_Driver/src/stm32f10x_spi.c.obj
SPI_I2S_DeInit                                    CMakeFiles/TestLED.dir/Libraries/STM32F10x_StdPeriph_Driver/src/stm32f10x_spi.c.obj
SPI_I2S_GetFlagStatus                             CMakeFiles/TestLED.dir/Libraries/STM32F10x_StdPeriph_Driver/src/stm32f10x_spi.c.obj
SPI_I2S_GetITStatus                               CMakeFiles/TestLED.dir/Libraries/STM32F10x_StdPeriph_Driver/src/stm32f10x_spi.c.obj
SPI_I2S_ITConfig                                  CMakeFiles/TestLED.dir/Libraries/STM32F10x_StdPeriph_Driver/src/stm32f10x_spi.c.obj
SPI_I2S_ReceiveData                               CMakeFiles/TestLED.dir/Libraries/STM32F10x_StdPeriph_Driver/src/stm32f10x_spi.c.obj
SPI_I2S_SendData                                  CMakeFiles/TestLED.dir/Libraries/STM32F10x_StdPeriph_Driver/src/stm32f10x_spi.c.obj
SPI_Init                                          CMakeFiles/TestLED.dir/Libraries/STM32F10x_StdPeriph_Driver/src/stm32f10x_spi.c.obj
SPI_NSSInternalSoftwareConfig                     CMakeFiles/TestLED.dir/Libraries/STM32F10x_StdPeriph_Driver/src/stm32f10x_spi.c.obj
SPI_SSOutputCmd                                   CMakeFiles/TestLED.dir/Libraries/STM32F10x_StdPeriph_Driver/src/stm32f10x_spi.c.obj
SPI_StructInit                                    CMakeFiles/TestLED.dir/Libraries/STM32F10x_StdPeriph_Driver/src/stm32f10x_spi.c.obj
SPI_TransmitCRC                                   CMakeFiles/TestLED.dir/Libraries/STM32F10x_StdPeriph_Driver/src/stm32f10x_spi.c.obj
SVC_Handler                                       CMakeFiles/TestLED.dir/Core/startup_stm32f103rbtx.s.obj
SysTick_CLKSourceConfig                           CMakeFiles/TestLED.dir/Libraries/STM32F10x_StdPeriph_Driver/src/misc.c.obj
SysTick_Handler                                   CMakeFiles/TestLED.dir/Utils/Delay/Util_Delay.c.obj
                                                  CMakeFiles/TestLED.dir/Core/startup_stm32f103rbtx.s.obj
SystemCoreClock                                   CMakeFiles/TestLED.dir/Core/system_stm32f10x.c.obj
                                                  CMakeFiles/TestLED.dir/Utils/Delay/Util_Delay.c.obj
SystemCoreClockUpdate                             CMakeFiles/TestLED.dir/Core/system_stm32f10x.c.obj
                                                  CMakeFiles/TestLED.dir/Application/Test01/main.c.obj
SystemInit                                        CMakeFiles/TestLED.dir/Core/system_stm32f10x.c.obj
                                                  CMakeFiles/TestLED.dir/Application/Test01/main.c.obj
                                                  CMakeFiles/TestLED.dir/Core/startup_stm32f103rbtx.s.obj
TAMPER_IRQHandler                                 CMakeFiles/TestLED.dir/Core/startup_stm32f103rbtx.s.obj
TIM1_BRK_IRQHandler                               CMakeFiles/TestLED.dir/Core/startup_stm32f103rbtx.s.obj
TIM1_CC_IRQHandler                                CMakeFiles/TestLED.dir/Core/startup_stm32f103rbtx.s.obj
TIM1_TRG_COM_IRQHandler                           CMakeFiles/TestLED.dir/Core/startup_stm32f103rbtx.s.obj
TIM1_UP_IRQHandler                                CMakeFiles/TestLED.dir/Core/startup_stm32f103rbtx.s.obj
TIM2_IRQHandler                                   CMakeFiles/TestLED.dir/Core/startup_stm32f103rbtx.s.obj
TIM3_IRQHandler                                   CMakeFiles/TestLED.dir/Core/startup_stm32f103rbtx.s.obj
TIM4_IRQHandler                                   CMakeFiles/TestLED.dir/Core/startup_stm32f103rbtx.s.obj
TIM5_IRQHandler                                   CMakeFiles/TestLED.dir/Core/startup_stm32f103rbtx.s.obj
TIM6_IRQHandler                                   CMakeFiles/TestLED.dir/Core/startup_stm32f103rbtx.s.obj
TIM7_IRQHandler                                   CMakeFiles/TestLED.dir/Core/startup_stm32f103rbtx.s.obj
TIM8_BRK_IRQHandler                               CMakeFiles/TestLED.dir/Core/startup_stm32f103rbtx.s.obj
TIM8_CC_IRQHandler                                CMakeFiles/TestLED.dir/Core/startup_stm32f103rbtx.s.obj
TIM8_TRG_COM_IRQHandler                           CMakeFiles/TestLED.dir/Core/startup_stm32f103rbtx.s.obj
TIM8_UP_IRQHandler                                CMakeFiles/TestLED.dir/Core/startup_stm32f103rbtx.s.obj
TIM_ARRPreloadConfig                              CMakeFiles/TestLED.dir/Libraries/STM32F10x_StdPeriph_Driver/src/stm32f10x_tim.c.obj
TIM_BDTRConfig                                    CMakeFiles/TestLED.dir/Libraries/STM32F10x_StdPeriph_Driver/src/stm32f10x_tim.c.obj
TIM_BDTRStructInit                                CMakeFiles/TestLED.dir/Libraries/STM32F10x_StdPeriph_Driver/src/stm32f10x_tim.c.obj
TIM_CCPreloadControl                              CMakeFiles/TestLED.dir/Libraries/STM32F10x_StdPeriph_Driver/src/stm32f10x_tim.c.obj
TIM_CCxCmd                                        CMakeFiles/TestLED.dir/Libraries/STM32F10x_StdPeriph_Driver/src/stm32f10x_tim.c.obj
TIM_CCxNCmd                                       CMakeFiles/TestLED.dir/Libraries/STM32F10x_StdPeriph_Driver/src/stm32f10x_tim.c.obj
TIM_ClearFlag                                     CMakeFiles/TestLED.dir/Libraries/STM32F10x_StdPeriph_Driver/src/stm32f10x_tim.c.obj
TIM_ClearITPendingBit                             CMakeFiles/TestLED.dir/Libraries/STM32F10x_StdPeriph_Driver/src/stm32f10x_tim.c.obj
TIM_ClearOC1Ref                                   CMakeFiles/TestLED.dir/Libraries/STM32F10x_StdPeriph_Driver/src/stm32f10x_tim.c.obj
TIM_ClearOC2Ref                                   CMakeFiles/TestLED.dir/Libraries/STM32F10x_StdPeriph_Driver/src/stm32f10x_tim.c.obj
TIM_ClearOC3Ref                                   CMakeFiles/TestLED.dir/Libraries/STM32F10x_StdPeriph_Driver/src/stm32f10x_tim.c.obj
TIM_ClearOC4Ref                                   CMakeFiles/TestLED.dir/Libraries/STM32F10x_StdPeriph_Driver/src/stm32f10x_tim.c.obj
TIM_Cmd                                           CMakeFiles/TestLED.dir/Libraries/STM32F10x_StdPeriph_Driver/src/stm32f10x_tim.c.obj
TIM_CounterModeConfig                             CMakeFiles/TestLED.dir/Libraries/STM32F10x_StdPeriph_Driver/src/stm32f10x_tim.c.obj
TIM_CtrlPWMOutputs                                CMakeFiles/TestLED.dir/Libraries/STM32F10x_StdPeriph_Driver/src/stm32f10x_tim.c.obj
TIM_DMACmd                                        CMakeFiles/TestLED.dir/Libraries/STM32F10x_StdPeriph_Driver/src/stm32f10x_tim.c.obj
TIM_DMAConfig                                     CMakeFiles/TestLED.dir/Libraries/STM32F10x_StdPeriph_Driver/src/stm32f10x_tim.c.obj
TIM_DeInit                                        CMakeFiles/TestLED.dir/Libraries/STM32F10x_StdPeriph_Driver/src/stm32f10x_tim.c.obj
TIM_ETRClockMode1Config                           CMakeFiles/TestLED.dir/Libraries/STM32F10x_StdPeriph_Driver/src/stm32f10x_tim.c.obj
TIM_ETRClockMode2Config                           CMakeFiles/TestLED.dir/Libraries/STM32F10x_StdPeriph_Driver/src/stm32f10x_tim.c.obj
TIM_ETRConfig                                     CMakeFiles/TestLED.dir/Libraries/STM32F10x_StdPeriph_Driver/src/stm32f10x_tim.c.obj
TIM_EncoderInterfaceConfig                        CMakeFiles/TestLED.dir/Libraries/STM32F10x_StdPeriph_Driver/src/stm32f10x_tim.c.obj
TIM_ForcedOC1Config                               CMakeFiles/TestLED.dir/Libraries/STM32F10x_StdPeriph_Driver/src/stm32f10x_tim.c.obj
TIM_ForcedOC2Config                               CMakeFiles/TestLED.dir/Libraries/STM32F10x_StdPeriph_Driver/src/stm32f10x_tim.c.obj
TIM_ForcedOC3Config                               CMakeFiles/TestLED.dir/Libraries/STM32F10x_StdPeriph_Driver/src/stm32f10x_tim.c.obj
TIM_ForcedOC4Config                               CMakeFiles/TestLED.dir/Libraries/STM32F10x_StdPeriph_Driver/src/stm32f10x_tim.c.obj
TIM_GenerateEvent                                 CMakeFiles/TestLED.dir/Libraries/STM32F10x_StdPeriph_Driver/src/stm32f10x_tim.c.obj
TIM_GetCapture1                                   CMakeFiles/TestLED.dir/Libraries/STM32F10x_StdPeriph_Driver/src/stm32f10x_tim.c.obj
TIM_GetCapture2                                   CMakeFiles/TestLED.dir/Libraries/STM32F10x_StdPeriph_Driver/src/stm32f10x_tim.c.obj
TIM_GetCapture3                                   CMakeFiles/TestLED.dir/Libraries/STM32F10x_StdPeriph_Driver/src/stm32f10x_tim.c.obj
TIM_GetCapture4                                   CMakeFiles/TestLED.dir/Libraries/STM32F10x_StdPeriph_Driver/src/stm32f10x_tim.c.obj
TIM_GetCounter                                    CMakeFiles/TestLED.dir/Libraries/STM32F10x_StdPeriph_Driver/src/stm32f10x_tim.c.obj
TIM_GetFlagStatus                                 CMakeFiles/TestLED.dir/Libraries/STM32F10x_StdPeriph_Driver/src/stm32f10x_tim.c.obj
TIM_GetITStatus                                   CMakeFiles/TestLED.dir/Libraries/STM32F10x_StdPeriph_Driver/src/stm32f10x_tim.c.obj
TIM_GetPrescaler                                  CMakeFiles/TestLED.dir/Libraries/STM32F10x_StdPeriph_Driver/src/stm32f10x_tim.c.obj
TIM_ICInit                                        CMakeFiles/TestLED.dir/Libraries/STM32F10x_StdPeriph_Driver/src/stm32f10x_tim.c.obj
TIM_ICStructInit                                  CMakeFiles/TestLED.dir/Libraries/STM32F10x_StdPeriph_Driver/src/stm32f10x_tim.c.obj
TIM_ITConfig                                      CMakeFiles/TestLED.dir/Libraries/STM32F10x_StdPeriph_Driver/src/stm32f10x_tim.c.obj
TIM_ITRxExternalClockConfig                       CMakeFiles/TestLED.dir/Libraries/STM32F10x_StdPeriph_Driver/src/stm32f10x_tim.c.obj
TIM_InternalClockConfig                           CMakeFiles/TestLED.dir/Libraries/STM32F10x_StdPeriph_Driver/src/stm32f10x_tim.c.obj
TIM_OC1FastConfig                                 CMakeFiles/TestLED.dir/Libraries/STM32F10x_StdPeriph_Driver/src/stm32f10x_tim.c.obj
TIM_OC1Init                                       CMakeFiles/TestLED.dir/Libraries/STM32F10x_StdPeriph_Driver/src/stm32f10x_tim.c.obj
TIM_OC1NPolarityConfig                            CMakeFiles/TestLED.dir/Libraries/STM32F10x_StdPeriph_Driver/src/stm32f10x_tim.c.obj
TIM_OC1PolarityConfig                             CMakeFiles/TestLED.dir/Libraries/STM32F10x_StdPeriph_Driver/src/stm32f10x_tim.c.obj
TIM_OC1PreloadConfig                              CMakeFiles/TestLED.dir/Libraries/STM32F10x_StdPeriph_Driver/src/stm32f10x_tim.c.obj
TIM_OC2FastConfig                                 CMakeFiles/TestLED.dir/Libraries/STM32F10x_StdPeriph_Driver/src/stm32f10x_tim.c.obj
TIM_OC2Init                                       CMakeFiles/TestLED.dir/Libraries/STM32F10x_StdPeriph_Driver/src/stm32f10x_tim.c.obj
TIM_OC2NPolarityConfig                            CMakeFiles/TestLED.dir/Libraries/STM32F10x_StdPeriph_Driver/src/stm32f10x_tim.c.obj
TIM_OC2PolarityConfig                             CMakeFiles/TestLED.dir/Libraries/STM32F10x_StdPeriph_Driver/src/stm32f10x_tim.c.obj
TIM_OC2PreloadConfig                              CMakeFiles/TestLED.dir/Libraries/STM32F10x_StdPeriph_Driver/src/stm32f10x_tim.c.obj
TIM_OC3FastConfig                                 CMakeFiles/TestLED.dir/Libraries/STM32F10x_StdPeriph_Driver/src/stm32f10x_tim.c.obj
TIM_OC3Init                                       CMakeFiles/TestLED.dir/Libraries/STM32F10x_StdPeriph_Driver/src/stm32f10x_tim.c.obj
TIM_OC3NPolarityConfig                            CMakeFiles/TestLED.dir/Libraries/STM32F10x_StdPeriph_Driver/src/stm32f10x_tim.c.obj
TIM_OC3PolarityConfig                             CMakeFiles/TestLED.dir/Libraries/STM32F10x_StdPeriph_Driver/src/stm32f10x_tim.c.obj
TIM_OC3PreloadConfig                              CMakeFiles/TestLED.dir/Libraries/STM32F10x_StdPeriph_Driver/src/stm32f10x_tim.c.obj
TIM_OC4FastConfig                                 CMakeFiles/TestLED.dir/Libraries/STM32F10x_StdPeriph_Driver/src/stm32f10x_tim.c.obj
TIM_OC4Init                                       CMakeFiles/TestLED.dir/Libraries/STM32F10x_StdPeriph_Driver/src/stm32f10x_tim.c.obj
TIM_OC4PolarityConfig                             CMakeFiles/TestLED.dir/Libraries/STM32F10x_StdPeriph_Driver/src/stm32f10x_tim.c.obj
TIM_OC4PreloadConfig                              CMakeFiles/TestLED.dir/Libraries/STM32F10x_StdPeriph_Driver/src/stm32f10x_tim.c.obj
TIM_OCStructInit                                  CMakeFiles/TestLED.dir/Libraries/STM32F10x_StdPeriph_Driver/src/stm32f10x_tim.c.obj
TIM_PWMIConfig                                    CMakeFiles/TestLED.dir/Libraries/STM32F10x_StdPeriph_Driver/src/stm32f10x_tim.c.obj
TIM_PrescalerConfig                               CMakeFiles/TestLED.dir/Libraries/STM32F10x_StdPeriph_Driver/src/stm32f10x_tim.c.obj
TIM_SelectCCDMA                                   CMakeFiles/TestLED.dir/Libraries/STM32F10x_StdPeriph_Driver/src/stm32f10x_tim.c.obj
TIM_SelectCOM                                     CMakeFiles/TestLED.dir/Libraries/STM32F10x_StdPeriph_Driver/src/stm32f10x_tim.c.obj
TIM_SelectHallSensor                              CMakeFiles/TestLED.dir/Libraries/STM32F10x_StdPeriph_Driver/src/stm32f10x_tim.c.obj
TIM_SelectInputTrigger                            CMakeFiles/TestLED.dir/Libraries/STM32F10x_StdPeriph_Driver/src/stm32f10x_tim.c.obj
TIM_SelectMasterSlaveMode                         CMakeFiles/TestLED.dir/Libraries/STM32F10x_StdPeriph_Driver/src/stm32f10x_tim.c.obj
TIM_SelectOCxM                                    CMakeFiles/TestLED.dir/Libraries/STM32F10x_StdPeriph_Driver/src/stm32f10x_tim.c.obj
TIM_SelectOnePulseMode                            CMakeFiles/TestLED.dir/Libraries/STM32F10x_StdPeriph_Driver/src/stm32f10x_tim.c.obj
TIM_SelectOutputTrigger                           CMakeFiles/TestLED.dir/Libraries/STM32F10x_StdPeriph_Driver/src/stm32f10x_tim.c.obj
TIM_SelectSlaveMode                               CMakeFiles/TestLED.dir/Libraries/STM32F10x_StdPeriph_Driver/src/stm32f10x_tim.c.obj
TIM_SetAutoreload                                 CMakeFiles/TestLED.dir/Libraries/STM32F10x_StdPeriph_Driver/src/stm32f10x_tim.c.obj
TIM_SetClockDivision                              CMakeFiles/TestLED.dir/Libraries/STM32F10x_StdPeriph_Driver/src/stm32f10x_tim.c.obj
TIM_SetCompare1                                   CMakeFiles/TestLED.dir/Libraries/STM32F10x_StdPeriph_Driver/src/stm32f10x_tim.c.obj