Archive member included to satisfy reference by file (symbol)

C:/ST/STM32CubeCLT/GNU-tools-for-STM32/bin/../lib/gcc/arm-none-eabi/13.3.1/../../../../arm-none-eabi/lib/thumb/v7-m/nofp\libg.a(libc_a-exit.o)
                              C:/ST/STM32CubeCLT/GNU-tools-for-STM32/bin/../lib/gcc/arm-none-eabi/13.3.1/../../../../arm-none-eabi/lib/thumb/v7-m/nofp/crt0.o (exit)
C:/ST/STM32CubeCLT/GNU-tools-for-STM32/bin/../lib/gcc/arm-none-eabi/13.3.1/../../../../arm-none-eabi/lib/thumb/v7-m/nofp\libg.a(libc_a-findfp.o)
                              C:/ST/STM32CubeCLT/GNU-tools-for-STM32/bin/../lib/gcc/arm-none-eabi/13.3.1/../../../../arm-none-eabi/lib/thumb/v7-m/nofp\libg.a(libc_a-exit.o) (__stdio_exit_handler)
C:/ST/STM32CubeCLT/GNU-tools-for-STM32/bin/../lib/gcc/arm-none-eabi/13.3.1/../../../../arm-none-eabi/lib/thumb/v7-m/nofp\libg.a(libc_a-fwalk.o)
                              C:/ST/STM32CubeCLT/GNU-tools-for-STM32/bin/../lib/gcc/arm-none-eabi/13.3.1/../../../../arm-none-eabi/lib/thumb/v7-m/nofp\libg.a(libc_a-findfp.o) (_fwalk_sglue)
C:/ST/STM32CubeCLT/GNU-tools-for-STM32/bin/../lib/gcc/arm-none-eabi/13.3.1/../../../../arm-none-eabi/lib/thumb/v7-m/nofp\libg.a(libc_a-printf.o)
                              Peripherals/USART/CMakeFiles/Periph_USART.dir/Periph_USART.c.obj (printf)
C:/ST/STM32CubeCLT/GNU-tools-for-STM32/bin/../lib/gcc/arm-none-eabi/13.3.1/../../../../arm-none-eabi/lib/thumb/v7-m/nofp\libg.a(libc_a-stdio.o)
                              C:/ST/STM32CubeCLT/GNU-tools-for-STM32/bin/../lib/gcc/arm-none-eabi/13.3.1/../../../../arm-none-eabi/lib/thumb/v7-m/nofp\libg.a(libc_a-findfp.o) (__sread)
C:/ST/STM32CubeCLT/GNU-tools-for-STM32/bin/../lib/gcc/arm-none-eabi/13.3.1/../../../../arm-none-eabi/lib/thumb/v7-m/nofp\libg.a(libc_a-vprintf.o)
                              Peripherals/USART/CMakeFiles/Periph_USART.dir/Periph_USART.c.obj (vprintf)
C:/ST/STM32CubeCLT/GNU-tools-for-STM32/bin/../lib/gcc/arm-none-eabi/13.3.1/../../../../arm-none-eabi/lib/thumb/v7-m/nofp\libg.a(libc_a-memset.o)
                              C:/ST/STM32CubeCLT/GNU-tools-for-STM32/bin/../lib/gcc/arm-none-eabi/13.3.1/../../../../arm-none-eabi/lib/thumb/v7-m/nofp/crt0.o (memset)
C:/ST/STM32CubeCLT/GNU-tools-for-STM32/bin/../lib/gcc/arm-none-eabi/13.3.1/../../../../arm-none-eabi/lib/thumb/v7-m/nofp\libg.a(libc_a-closer.o)
                              C:/ST/STM32CubeCLT/GNU-tools-for-STM32/bin/../lib/gcc/arm-none-eabi/13.3.1/../../../../arm-none-eabi/lib/thumb/v7-m/nofp\libg.a(libc_a-stdio.o) (_close_r)
C:/ST/STM32CubeCLT/GNU-tools-for-STM32/bin/../lib/gcc/arm-none-eabi/13.3.1/../../../../arm-none-eabi/lib/thumb/v7-m/nofp\libg.a(libc_a-reent.o)
                              C:/ST/STM32CubeCLT/GNU-tools-for-STM32/bin/../lib/gcc/arm-none-eabi/13.3.1/../../../../arm-none-eabi/lib/thumb/v7-m/nofp\libg.a(libc_a-closer.o) (errno)
C:/ST/STM32CubeCLT/GNU-tools-for-STM32/bin/../lib/gcc/arm-none-eabi/13.3.1/../../../../arm-none-eabi/lib/thumb/v7-m/nofp\libg.a(libc_a-impure.o)
                              C:/ST/STM32CubeCLT/GNU-tools-for-STM32/bin/../lib/gcc/arm-none-eabi/13.3.1/../../../../arm-none-eabi/lib/thumb/v7-m/nofp\libg.a(libc_a-printf.o) (_impure_ptr)
C:/ST/STM32CubeCLT/GNU-tools-for-STM32/bin/../lib/gcc/arm-none-eabi/13.3.1/../../../../arm-none-eabi/lib/thumb/v7-m/nofp\libg.a(libc_a-lseekr.o)
                              C:/ST/STM32CubeCLT/GNU-tools-for-STM32/bin/../lib/gcc/arm-none-eabi/13.3.1/../../../../arm-none-eabi/lib/thumb/v7-m/nofp\libg.a(libc_a-stdio.o) (_lseek_r)
C:/ST/STM32CubeCLT/GNU-tools-for-STM32/bin/../lib/gcc/arm-none-eabi/13.3.1/../../../../arm-none-eabi/lib/thumb/v7-m/nofp\libg.a(libc_a-readr.o)
                              C:/ST/STM32CubeCLT/GNU-tools-for-STM32/bin/../lib/gcc/arm-none-eabi/13.3.1/../../../../arm-none-eabi/lib/thumb/v7-m/nofp\libg.a(libc_a-stdio.o) (_read_r)
C:/ST/STM32CubeCLT/GNU-tools-for-STM32/bin/../lib/gcc/arm-none-eabi/13.3.1/../../../../arm-none-eabi/lib/thumb/v7-m/nofp\libg.a(libc_a-writer.o)
                              C:/ST/STM32CubeCLT/GNU-tools-for-STM32/bin/../lib/gcc/arm-none-eabi/13.3.1/../../../../arm-none-eabi/lib/thumb/v7-m/nofp\libg.a(libc_a-stdio.o) (_write_r)
C:/ST/STM32CubeCLT/GNU-tools-for-STM32/bin/../lib/gcc/arm-none-eabi/13.3.1/../../../../arm-none-eabi/lib/thumb/v7-m/nofp\libg.a(libc_a-errno.o)
                              CMakeFiles/Test01.dir/Core/sysmem.c.obj (__errno)
C:/ST/STM32CubeCLT/GNU-tools-for-STM32/bin/../lib/gcc/arm-none-eabi/13.3.1/../../../../arm-none-eabi/lib/thumb/v7-m/nofp\libg.a(libc_a-init.o)
                              C:/ST/STM32CubeCLT/GNU-tools-for-STM32/bin/../lib/gcc/arm-none-eabi/13.3.1/../../../../arm-none-eabi/lib/thumb/v7-m/nofp/crt0.o (__libc_init_array)
C:/ST/STM32CubeCLT/GNU-tools-for-STM32/bin/../lib/gcc/arm-none-eabi/13.3.1/../../../../arm-none-eabi/lib/thumb/v7-m/nofp\libg.a(libc_a-lock.o)
[...]
Memory Configuration

Name             Origin             Length             Attributes
RAM              0x20000000         0x00005000         xrw
FLASH            0x08000000         0x00020000         xr
*default*        0x00000000         0xffffffff

Linker script and memory map

LOAD C:/ST/STM32CubeCLT/GNU-tools-for-STM32/bin/../lib/gcc/arm-none-eabi/13.3.1/thumb/v7-m/nofp/crti.o
LOAD C:/ST/STM32CubeCLT/GNU-tools-for-STM32/bin/../lib/gcc/arm-none-eabi/13.3.1/thumb/v7-m/nofp/crtbegin.o
LOAD C:/ST/STM32CubeCLT/GNU-tools-for-STM32/bin/../lib/gcc/arm-none-eabi/13.3.1/../../../../arm-none-eabi/lib/thumb/v7-m/nofp/crt0.o
LOAD Utils/Delay/CMakeFiles/Util_Delay.dir/Util_Delay.c.obj
LOAD Utils/Log/CMakeFiles/Util_Log.dir/Util_Log.c.obj
LOAD Utils/Math/CMakeFiles/Util_Math.dir/Util_Math.c.obj
LOAD Utils/String/CMakeFiles/Util_String.dir/Util_String.c.obj
LOAD Peripherals/USART/CMakeFiles/Periph_USART.dir/Periph_USART.c.obj
LOAD CMakeFiles/Test01.dir/Application/Test01/main.c.obj
LOAD CMakeFiles/Test01.dir/Core/sysmem.c.obj
LOAD CMakeFiles/Test01.dir/Core/syscalls.c.obj
LOAD CMakeFiles/Test01.dir/Core/startup_stm32f103rbtx.s.obj
LOAD CMakeFiles/Test01.dir/Libraries/CMSIS/CM3/DeviceSupport/ST/STM32F10x/system_stm32f10x.c.obj
LOAD CMakeFiles/Test01.dir/Libraries/STM32F10x_StdPeriph_Driver/src/misc.c.obj
LOAD CMakeFiles/Test01.dir/Libraries/STM32F10x_StdPeriph_Driver/src/stm32f10x_adc.c.obj
LOAD CMakeFiles/Test01.dir/Libraries/STM32F10x_StdPeriph_Driver/src/stm32f10x_bkp.c.obj
LOAD CMakeFiles/Test01.dir/Libraries/STM32F10x_StdPeriph_Driver/src/stm32f10x_can.c.obj
LOAD CMakeFiles/Test01.dir/Libraries/STM32F10x_StdPeriph_Driver/src/stm32f10x_cec.c.obj
LOAD CMakeFiles/Test01.dir/Libraries/STM32F10x_StdPeriph_Driver/src/stm32f10x_crc.c.obj
LOAD CMakeFiles/Test01.dir/Libraries/STM32F10x_StdPeriph_Driver/src/stm32f10x_dac.c.obj
LOAD CMakeFiles/Test01.dir/Libraries/STM32F10x_StdPeriph_Driver/src/stm32f10x_dbgmcu.c.obj
LOAD CMakeFiles/Test01.dir/Libraries/STM32F10x_StdPeriph_Driver/src/stm32f10x_dma.c.obj
LOAD CMakeFiles/Test01.dir/Libraries/STM32F10x_StdPeriph_Driver/src/stm32f10x_exti.c.obj
LOAD CMakeFiles/Test01.dir/Libraries/STM32F10x_StdPeriph_Driver/src/stm32f10x_flash.c.obj
LOAD CMakeFiles/Test01.dir/Libraries/STM32F10x_StdPeriph_Driver/src/stm32f10x_fsmc.c.obj
LOAD CMakeFiles/Test01.dir/Libraries/STM32F10x_StdPeriph_Driver/src/stm32f10x_gpio.c.obj
LOAD CMakeFiles/Test01.dir/Libraries/STM32F10x_StdPeriph_Driver/src/stm32f10x_i2c.c.obj
LOAD CMakeFiles/Test01.dir/Libraries/STM32F10x_StdPeriph_Driver/src/stm32f10x_iwdg.c.obj
LOAD CMakeFiles/Test01.dir/Libraries/STM32F10x_StdPeriph_Driver/src/stm32f10x_pwr.c.obj
LOAD CMakeFiles/Test01.dir/Libraries/STM32F10x_StdPeriph_Driver/src/stm32f10x_rcc.c.obj
LOAD CMakeFiles/Test01.dir/Libraries/STM32F10x_StdPeriph_Driver/src/stm32f10x_rtc.c.obj
LOAD CMakeFiles/Test01.dir/Libraries/STM32F10x_StdPeriph_Driver/src/stm32f10x_sdio.c.obj
LOAD CMakeFiles/Test01.dir/Libraries/STM32F10x_StdPeriph_Driver/src/stm32f10x_spi.c.obj
LOAD CMakeFiles/Test01.dir/Libraries/STM32F10x_StdPeriph_Driver/src/stm32f10x_tim.c.obj
LOAD CMakeFiles/Test01.dir/Libraries/STM32F10x_StdPeriph_Driver/src/stm32f10x_usart.c.obj
LOAD CMakeFiles/Test01.dir/Libraries/STM32F10x_StdPeriph_Driver/src/stm32f10x_wwdg.c.obj
START GROUP
LOAD C:/ST/STM32CubeCLT/GNU-tools-for-STM32/bin/../lib/gcc/arm-none-eabi/13.3.1/thumb/v7-m/nofp\libgcc.a
LOAD C:/ST/STM32CubeCLT/GNU-tools-for-STM32/bin/../lib/gcc/arm-none-eabi/13.3.1/../../../../arm-none-eabi/lib/thumb/v7-m/nofp\libg.a
LOAD C:/ST/STM32CubeCLT/GNU-tools-for-STM32/bin/../lib/gcc/arm-none-eabi/13.3.1/../../../../arm-none-eabi/lib/thumb/v7-m/nofp\libc.a
END GROUP
START GROUP
LOAD C:/ST/STM32CubeCLT/GNU-tools-for-STM32/bin/../lib/gcc/arm-none-eabi/13.3.1/thumb/v7-m/nofp\libgcc.a
LOAD C:/ST/STM32CubeCLT/GNU-tools-for-STM32/bin/../lib/gcc/arm-none-eabi/13.3.1/../../../../arm-none-eabi/lib/thumb/v7-m/nofp\libc.a
LOAD C:/ST/STM32CubeCLT/GNU-tools-for-STM32/bin/../lib/gcc/arm-none-eabi/13.3.1/../../../../arm-none-eabi/lib/thumb/v7-m/nofp\libnosys.a
END GROUP
LOAD C:/ST/STM32CubeCLT/GNU-tools-for-STM32/bin/../lib/gcc/arm-none-eabi/13.3.1/thumb/v7-m/nofp/crtend.o
LOAD C:/ST/STM32CubeCLT/GNU-tools-for-STM32/bin/../lib/gcc/arm-none-eabi/13.3.1/thumb/v7-m/nofp/crtn.o
                0x20005000                        _estack = (ORIGIN (RAM) + LENGTH (RAM))
                0x00000200                        _Min_Heap_Size = 0x200
                0x00000400                        _Min_Stack_Size = 0x400

.isr_vector     0x08000000      0x130
                0x08000000                        . = ALIGN (0x4)
 *(.isr_vector)
 .isr_vector    0x08000000      0x130 CMakeFiles/Test01.dir/Core/startup_stm32f103rbtx.s.obj
                0x08000000                g_pfnVectors
                0x08000130                        . = ALIGN (0x4)

.text           0x08000130     0x61f0
                0x08000130                        . = ALIGN (0x4)
 *(.text)
 .text          0x08000130       0x40 C:/ST/STM32CubeCLT/GNU-tools-for-STM32/bin/../lib/gcc/arm-none-eabi/13.3.1/thumb/v7-m/nofp/crtbegin.o
 .text          0x08000170       0x10 C:/ST/STM32CubeCLT/GNU-tools-for-STM32/bin/../lib/gcc/arm-none-eabi/13.3.1/../../../../arm-none-eabi/lib/thumb/v7-m/nofp\libg.a(libc_a-strlen.o)
                0x08000170                strlen
 .text          0x08000180      0x378 C:/ST/STM32CubeCLT/GNU-tools-for-STM32/bin/../lib/gcc/arm-none-eabi/13.3.1/thumb/v7-m/nofp\libgcc.a(_arm_addsubdf3.o)
                0x08000180                __aeabi_drsub
                0x08000188                __aeabi_dsub
                0x08000188                __subdf3
                0x0800018c                __aeabi_dadd
                0x0800018c                __adddf3
                0x08000404                __floatunsidf
                0x08000404                __aeabi_ui2d
                0x08000424                __floatsidf
                0x08000424                __aeabi_i2d
                0x08000448                __aeabi_f2d
                0x08000448                __extendsfdf2
                0x0800048c                __floatundidf
                0x0800048c                __aeabi_ul2d
                0x0800049c                __floatdidf
                0x0800049c                __aeabi_l2d
 .text          0x080004f8      0x424 C:/ST/STM32CubeCLT/GNU-tools-for-STM32/bin/../lib/gcc/arm-none-eabi/13.3.1/thumb/v7-m/nofp\libgcc.a(_arm_muldivdf3.o)
                0x080004f8                __aeabi_dmul
                0x080004f8                __muldf3
                0x0800074c                __divdf3
                0x0800074c                __aeabi_ddiv
 .text          0x0800091c      0x110 C:/ST/STM32CubeCLT/GNU-tools-for-STM32/bin/../lib/gcc/arm-none-eabi/13.3.1/thumb/v7-m/nofp\libgcc.a(_arm_cmpdf2.o)
                0x0800091c                __gtdf2
                0x0800091c                __gedf2
                0x08000924                __ltdf2
                0x08000924                __ledf2
                0x0800092c                __nedf2
                0x0800092c                __eqdf2
                0x0800092c                __cmpdf2
                0x080009a8                __aeabi_cdrcmple
                0x080009b8                __aeabi_cdcmpeq
                0x080009b8                __aeabi_cdcmple
                0x080009c8                __aeabi_dcmpeq
                0x080009dc                __aeabi_dcmplt
                0x080009f0                __aeabi_dcmple
                0x08000a04                __aeabi_dcmpge
                0x08000a18                __aeabi_dcmpgt
 .text          0x08000a2c       0x2c C:/ST/STM32CubeCLT/GNU-tools-for-STM32/bin/../lib/gcc/arm-none-eabi/13.3.1/thumb/v7-m/nofp\libgcc.a(_arm_unorddf2.o)
                0x08000a2c                __unorddf2
                0x08000a2c                __aeabi_dcmpun
 .text          0x08000a58       0x50 C:/ST/STM32CubeCLT/GNU-tools-for-STM32/bin/../lib/gcc/arm-none-eabi/13.3.1/thumb/v7-m/nofp\libgcc.a(_arm_fixdfsi.o)
                0x08000a58                __aeabi_d2iz
                0x08000a58                __fixdfsi
 .text          0x08000aa8       0x30 C:/ST/STM32CubeCLT/GNU-tools-for-STM32/bin/../lib/gcc/arm-none-eabi/13.3.1/thumb/v7-m/nofp\libgcc.a(_aeabi_uldivmod.o)
                0x08000aa8                __aeabi_uldivmod
 .text          0x08000ad8      0x300 C:/ST/STM32CubeCLT/GNU-tools-for-STM32/bin/../lib/gcc/arm-none-eabi/13.3.1/thumb/v7-m/nofp\libgcc.a(_udivmoddi4.o)
                0x08000ad8                __udivmoddi4
 .text          0x08000dd8        0x4 C:/ST/STM32CubeCLT/GNU-tools-for-STM32/bin/../lib/gcc/arm-none-eabi/13.3.1/thumb/v7-m/nofp\libgcc.a(_dvmd_tls.o)
                0x08000dd8                __aeabi_idiv0
                0x08000dd8                __aeabi_ldiv0
 *(.text*)
 .text.__NOP    0x08000ddc        0xe Utils/Delay/CMakeFiles/Util_Delay.dir/Util_Delay.c.obj
 *fill*         0x08000dea        0x2 
 .text.NVIC_SetPriority
                0x08000dec       0x54 Utils/Delay/CMakeFiles/Util_Delay.dir/Util_Delay.c.obj
 .text.SysTick_Config
                0x08000e40       0x44 Utils/Delay/CMakeFiles/Util_Delay.dir/Util_Delay.c.obj
 .text.SysTick_Handler
                0x08000e84       0x1c Utils/Delay/CMakeFiles/Util_Delay.dir/Util_Delay.c.obj
                0x08000e84                SysTick_Handler
 .text.Util_Delay_Init
                0x08000ea0       0x24 Utils/Delay/CMakeFiles/Util_Delay.dir/Util_Delay.c.obj
                0x08000ea0                Util_Delay_Init
 .text.Util_Delay_Ms
                0x08000ec4       0x30 Utils/Delay/CMakeFiles/Util_Delay.dir/Util_Delay.c.obj
                0x08000ec4                Util_Delay_Ms
 .text.Periph_USART_Init
                0x08000ef4       0x80 Peripherals/USART/CMakeFiles/Periph_USART.dir/Periph_USART.c.obj
                0x08000ef4                Periph_USART_Init
 .text.Periph_USART_SendChar
                0x08000f74       0x34 Peripherals/USART/CMakeFiles/Periph_USART.dir/Periph_USART.c.obj
                0x08000f74                Periph_USART_SendChar
 .text._write   0x08000fa8       0x38 Peripherals/USART/CMakeFiles/Periph_USART.dir/Periph_USART.c.obj
                0x08000fa8                _write
 .text.Periph_USART_Printf
                0x08000fe0       0x3c Peripherals/USART/CMakeFiles/Periph_USART.dir/Periph_USART.c.obj
                0x08000fe0                Periph_USART_Printf
 .text.main     0x0800101c       0x9c CMakeFiles/Test01.dir/Application/Test01/main.c.obj
                0x0800101c                main
 .text._sbrk    0x080010b8       0x6c CMakeFiles/Test01.dir/Core/sysmem.c.obj
                0x080010b8                _sbrk
 .text._getpid  0x08001124        0xe CMakeFiles/Test01.dir/Core/syscalls.c.obj
                0x08001124                _getpid
 .text._kill    0x08001132       0x20 CMakeFiles/Test01.dir/Core/syscalls.c.obj
                0x08001132                _kill
 .text._exit    0x08001152       0x16 CMakeFiles/Test01.dir/Core/syscalls.c.obj
                0x08001152                _exit
 .text._read    0x08001168       0x3a CMakeFiles/Test01.dir/Core/syscalls.c.obj
                0x08001168                _read
 .text._close   0x080011a2       0x16 CMakeFiles/Test01.dir/Core/syscalls.c.obj
                0x080011a2                _close
 .text._fstat   0x080011b8       0x1e CMakeFiles/Test01.dir/Core/syscalls.c.obj
                0x080011b8                _fstat
 .text._isatty  0x080011d6       0x14 CMakeFiles/Test01.dir/Core/syscalls.c.obj
                0x080011d6                _isatty
 .text._lseek   0x080011ea       0x18 CMakeFiles/Test01.dir/Core/syscalls.c.obj
                0x080011ea                _lseek
 *fill*         0x08001202        0x2 
 .text.Reset_Handler
                0x08001204       0x50 CMakeFiles/Test01.dir/Core/startup_stm32f103rbtx.s.obj
                0x08001204                Reset_Handler
 .text.Default_Handler
                0x08001254        0x2 CMakeFiles/Test01.dir/Core/startup_stm32f103rbtx.s.obj
                0x08001254                EXTI2_IRQHandler
                0x08001254                TIM8_TRG_COM_IRQHandler
                0x08001254                TIM8_CC_IRQHandler
                0x08001254                TIM1_CC_IRQHandler
                0x08001254                HardFault_Handler
                0x08001254                TIM6_IRQHandler
                0x08001254                PVD_IRQHandler
                0x08001254                SDIO_IRQHandler
                0x08001254                PendSV_Handler
                0x08001254                NMI_Handler
                0x08001254                EXTI3_IRQHandler
                0x08001254                USB_HP_CAN_TX_IRQHandler
                0x08001254                EXTI0_IRQHandler
                0x08001254                I2C2_EV_IRQHandler
                0x08001254                UsageFault_Handler
                0x08001254                ADC1_2_IRQHandler
                0x08001254                SPI1_IRQHandler
                0x08001254                CAN_SCE_IRQHandler
                0x08001254                TAMPER_IRQHandler
                0x08001254                TIM8_UP_IRQHandler
                0x08001254                DMA2_Channel2_IRQHandler
                0x08001254                DMA1_Channel4_IRQHandler
                0x08001254                USART3_IRQHandler
                0x08001254                RTC_IRQHandler
                0x08001254                DMA1_Channel7_IRQHandler
                0x08001254                UART5_IRQHandler
                0x08001254                ADC3_IRQHandler
                0x08001254                TIM4_IRQHandler
                0x08001254                CAN_RX1_IRQHandler
                0x08001254                DMA2_Channel1_IRQHandler
                0x08001254                I2C1_EV_IRQHandler
                0x08001254                DMA1_Channel6_IRQHandler
                0x08001254                UART4_IRQHandler
                0x08001254                TIM3_IRQHandler
                0x08001254                RCC_IRQHandler
                0x08001254                TIM1_TRG_COM_IRQHandler
                0x08001254                DMA1_Channel1_IRQHandler
                0x08001254                Default_Handler
                0x08001254                EXTI15_10_IRQHandler
                0x08001254                TIM7_IRQHandler
                0x08001254                TIM5_IRQHandler
                0x08001254                EXTI9_5_IRQHandler
                0x08001254                SPI2_IRQHandler
                0x08001254                USB_LP_CAN_RX0_IRQHandler
                0x08001254                MemManage_Handler
                0x08001254                SVC_Handler
                0x08001254                DMA1_Channel5_IRQHandler
                0x08001254                EXTI4_IRQHandler
                0x08001254                DMA1_Channel3_IRQHandler
                0x08001254                FSMC_IRQHandler
                0x08001254                TIM1_UP_IRQHandler
                0x08001254                WWDG_IRQHandler
                0x08001254                TIM2_IRQHandler
                0x08001254                TIM1_BRK_IRQHandler
                0x08001254                EXTI1_IRQHandler
                0x08001254                RTCAlarm_IRQHandler
                0x08001254                DMA2_Channel4_5_IRQHandler
                0x08001254                USART2_IRQHandler
                0x08001254                I2C2_ER_IRQHandler
                0x08001254                DMA1_Channel2_IRQHandler
                0x08001254                TIM8_BRK_IRQHandler
                0x08001254                FLASH_IRQHandler
                0x08001254                BusFault_Handler
                0x08001254                USART1_IRQHandler
                0x08001254                SPI3_IRQHandler
                0x08001254                I2C1_ER_IRQHandler
                0x08001254                DMA2_Channel3_IRQHandler
 *fill*         0x08001256        0x2 
 .text.SystemInit
                0x08001258       0x68 CMakeFiles/Test01.dir/Libraries/CMSIS/CM3/DeviceSupport/ST/STM32F10x/system_stm32f10x.c.obj
                0x08001258                SystemInit
 .text.SystemCoreClockUpdate
                0x080012c0       0xe4 CMakeFiles/Test01.dir/Libraries/CMSIS/CM3/DeviceSupport/ST/STM32F10x/system_stm32f10x.c.obj
                0x080012c0                SystemCoreClockUpdate
 .text.SetSysClock
                0x080013a4        0xc CMakeFiles/Test01.dir/Libraries/CMSIS/CM3/DeviceSupport/ST/STM32F10x/system_stm32f10x.c.obj
 .text.SetSysClockTo72
                0x080013b0      0x100 CMakeFiles/Test01.dir/Libraries/CMSIS/CM3/DeviceSupport/ST/STM32F10x/system_stm32f10x.c.obj
 .text.GPIO_Init
                0x080014b0      0x178 CMakeFiles/Test01.dir/Libraries/STM32F10x_StdPeriph_Driver/src/stm32f10x_gpio.c.obj
                0x080014b0                GPIO_Init
 .text.GPIO_SetBits
                0x08001628       0x1c CMakeFiles/Test01.dir/Libraries/STM32F10x_StdPeriph_Driver/src/stm32f10x_gpio.c.obj
                0x08001628                GPIO_SetBits
 .text.GPIO_ResetBits
                0x08001644       0x1c CMakeFiles/Test01.dir/Libraries/STM32F10x_StdPeriph_Driver/src/stm32f10x_gpio.c.obj
                0x08001644                GPIO_ResetBits
 .text.RCC_GetClocksFreq
                0x08001660      0x16c CMakeFiles/Test01.dir/Libraries/STM32F10x_StdPeriph_Driver/src/stm32f10x_rcc.c.obj
                0x08001660                RCC_GetClocksFreq
 .text.RCC_APB2PeriphClockCmd
                0x080017cc       0x3c CMakeFiles/Test01.dir/Libraries/STM32F10x_StdPeriph_Driver/src/stm32f10x_rcc.c.obj
                0x080017cc                RCC_APB2PeriphClockCmd
 .text.RCC_APB1PeriphClockCmd
                0x08001808       0x3c CMakeFiles/Test01.dir/Libraries/STM32F10x_StdPeriph_Driver/src/stm32f10x_rcc.c.obj
                0x08001808                RCC_APB1PeriphClockCmd
 .text.USART_Init
                0x08001844      0x174 CMakeFiles/Test01.dir/Libraries/STM32F10x_StdPeriph_Driver/src/stm32f10x_usart.c.obj
                0x08001844                USART_Init
 .text.USART_Cmd
                0x080019b8       0x3e CMakeFiles/Test01.dir/Libraries/STM32F10x_StdPeriph_Driver/src/stm32f10x_usart.c.obj
                0x080019b8                USART_Cmd
 .text.USART_SendData
                0x080019f6       0x22 CMakeFiles/Test01.dir/Libraries/STM32F10x_StdPeriph_Driver/src/stm32f10x_usart.c.obj
                0x080019f6                USART_SendData
 .text.USART_GetFlagStatus
                0x08001a18       0x36 CMakeFiles/Test01.dir/Libraries/STM32F10x_StdPeriph_Driver/src/stm32f10x_usart.c.obj
                0x08001a18                USART_GetFlagStatus
 *fill*         0x08001a4e        0x2 
 .text.std      0x08001a50       0x6c C:/ST/STM32CubeCLT/GNU-tools-for-STM32/bin/../lib/gcc/arm-none-eabi/13.3.1/../../../../arm-none-eabi/lib/thumb/v7-m/nofp\libg.a(libc_a-findfp.o)
 .text.stdio_exit_handler
                0x08001abc       0x18 C:/ST/STM32CubeCLT/GNU-tools-for-STM32/bin/../lib/gcc/arm-none-eabi/13.3.1/../../../../arm-none-eabi/lib/thumb/v7-m/nofp\libg.a(libc_a-findfp.o)
 .text.cleanup_stdio
                0x08001ad4       0x40 C:/ST/STM32CubeCLT/GNU-tools-for-STM32/bin/../lib/gcc/arm-none-eabi/13.3.1/../../../../arm-none-eabi/lib/thumb/v7-m/nofp\libg.a(libc_a-findfp.o)
 .text.global_stdio_init.part.0
                0x08001b14       0x3c C:/ST/STM32CubeCLT/GNU-tools-for-STM32/bin/../lib/gcc/arm-none-eabi/13.3.1/../../../../arm-none-eabi/lib/thumb/v7-m/nofp\libg.a(libc_a-findfp.o)
 .text.__sfp_lock_acquire
                0x08001b50        0xc C:/ST/STM32CubeCLT/GNU-tools-for-STM32/bin/../lib/gcc/arm-none-eabi/13.3.1/../../../../arm-none-eabi/lib/thumb/v7-m/nofp\libg.a(libc_a-findfp.o)
                0x08001b50                __sfp_lock_acquire
 .text.__sfp_lock_release
                0x08001b5c        0xc C:/ST/STM32CubeCLT/GNU-tools-for-STM32/bin/../lib/gcc/arm-none-eabi/13.3.1/../../../../arm-none-eabi/lib/thumb/v7-m/nofp\libg.a(libc_a-findfp.o)
                0x08001b5c                __sfp_lock_release
 .text.__sinit  0x08001b68       0x30 C:/ST/STM32CubeCLT/GNU-tools-for-STM32/bin/../lib/gcc/arm-none-eabi/13.3.1/../../../../arm-none-eabi/lib/thumb/v7-m/nofp\libg.a(libc_a-findfp.o)
                0x08001b68                __sinit
 .text._fwalk_sglue
                0x08001b98       0x3c C:/ST/STM32CubeCLT/GNU-tools-for-STM32/bin/../lib/gcc/arm-none-eabi/13.3.1/../../../../arm-none-eabi/lib/thumb/v7-m/nofp\libg.a(libc_a-fwalk.o)
                0x08001b98                _fwalk_sglue
 .text.printf   0x08001bd4       0x24 C:/ST/STM32CubeCLT/GNU-tools-for-STM32/bin/../lib/gcc/arm-none-eabi/13.3.1/../../../../arm-none-eabi/lib/thumb/v7-m/nofp\libg.a(libc_a-printf.o)
                0x08001bd4                printf
 .text.__sread  0x08001bf8       0x22 C:/ST/STM32CubeCLT/GNU-tools-for-STM32/bin/../lib/gcc/arm-none-eabi/13.3.1/../../../../arm-none-eabi/lib/thumb/v7-m/nofp\libg.a(libc_a-stdio.o)
                0x08001bf8                __sread
 .text.__swrite
                0x08001c1a       0x38 C:/ST/STM32CubeCLT/GNU-tools-for-STM32/bin/../lib/gcc/arm-none-eabi/13.3.1/../../../../arm-none-eabi/lib/thumb/v7-m/nofp\libg.a(libc_a-stdio.o)
                0x08001c1a                __swrite
 .text.__sseek  0x08001c52       0x24 C:/ST/STM32CubeCLT/GNU-tools-for-STM32/bin/../lib/gcc/arm-none-eabi/13.3.1/../../../../arm-none-eabi/lib/thumb/v7-m/nofp\libg.a(libc_a-stdio.o)
                0x08001c52                __sseek
 .text.__sclose
                0x08001c76        0x8 C:/ST/STM32CubeCLT/GNU-tools-for-STM32/bin/../lib/gcc/arm-none-eabi/13.3.1/../../../../arm-none-eabi/lib/thumb/v7-m/nofp\libg.a(libc_a-stdio.o)
                0x08001c76                __sclose
 *fill*         0x08001c7e        0x2 
 .text.vprintf  0x08001c80       0x14 C:/ST/STM32CubeCLT/GNU-tools-for-STM32/bin/../lib/gcc/arm-none-eabi/13.3.1/../../../../arm-none-eabi/lib/thumb/v7-m/nofp\libg.a(libc_a-vprintf.o)
                0x08001c80                vprintf
 .text.memset   0x08001c94       0x10 C:/ST/STM32CubeCLT/GNU-tools-for-STM32/bin/../lib/gcc/arm-none-eabi/13.3.1/../../../../arm-none-eabi/lib/thumb/v7-m/nofp\libg.a(libc_a-memset.o)
                0x08001c94                memset
 .text._close_r
                0x08001ca4       0x20 C:/ST/STM32CubeCLT/GNU-tools-for-STM32/bin/../lib/gcc/arm-none-eabi/13.3.1/../../../../arm-none-eabi/lib/thumb/v7-m/nofp\libg.a(libc_a-closer.o)
                0x08001ca4                _close_r
 .text._lseek_r
                0x08001cc4       0x24 C:/ST/STM32CubeCLT/GNU-tools-for-STM32/bin/../lib/gcc/arm-none-eabi/13.3.1/../../../../arm-none-eabi/lib/thumb/v7-m/nofp\libg.a(libc_a-lseekr.o)
                0x08001cc4                _lseek_r
 .text._read_r  0x08001ce8       0x24 C:/ST/STM32CubeCLT/GNU-tools-for-STM32/bin/../lib/gcc/arm-none-eabi/13.3.1/../../../../arm-none-eabi/lib/thumb/v7-m/nofp\libg.a(libc_a-readr.o)
                0x08001ce8                _read_r
 .text._write_r
                0x08001d0c       0x24 C:/ST/STM32CubeCLT/GNU-tools-for-STM32/bin/../lib/gcc/arm-none-eabi/13.3.1/../../../../arm-none-eabi/lib/thumb/v7-m/nofp\libg.a(libc_a-writer.o)
                0x08001d0c                _write_r
 .text.__errno  0x08001d30        0xc C:/ST/STM32CubeCLT/GNU-tools-for-STM32/bin/../lib/gcc/arm-none-eabi/13.3.1/../../../../arm-none-eabi/lib/thumb/v7-m/nofp\libg.a(libc_a-errno.o)
                0x08001d30                __errno
 .text.__libc_init_array
                0x08001d3c       0x48 C:/ST/STM32CubeCLT/GNU-tools-for-STM32/bin/../lib/gcc/arm-none-eabi/13.3.1/../../../../arm-none-eabi/lib/thumb/v7-m/nofp\libg.a(libc_a-init.o)
                0x08001d3c                __libc_init_array
 .text.__retarget_lock_init_recursive
                0x08001d84        0x2 C:/ST/STM32CubeCLT/GNU-tools-for-STM32/bin/../lib/gcc/arm-none-eabi/13.3.1/../../../../arm-none-eabi/lib/thumb/v7-m/nofp\libg.a(libc_a-lock.o)
                0x08001d84                __retarget_lock_init_recursive
 .text.__retarget_lock_close_recursive
                0x08001d86        0x2 C:/ST/STM32CubeCLT/GNU-tools-for-STM32/bin/../lib/gcc/arm-none-eabi/13.3.1/../../../../arm-none-eabi/lib/thumb/v7-m/nofp\libg.a(libc_a-lock.o)
                0x08001d86                __retarget_lock_close_recursive
 .text.__retarget_lock_acquire_recursive
                0x08001d88        0x2 C:/ST/STM32CubeCLT/GNU-tools-for-STM32/bin/../lib/gcc/arm-none-eabi/13.3.1/../../../../arm-none-eabi/lib/thumb/v7-m/nofp\libg.a(libc_a-lock.o)
                0x08001d88                __retarget_lock_acquire_recursive
 .text.__retarget_lock_release_recursive
                0x08001d8a        0x2 C:/ST/STM32CubeCLT/GNU-tools-for-STM32/bin/../lib/gcc/arm-none-eabi/13.3.1/../../../../arm-none-eabi/lib/thumb/v7-m/nofp\libg.a(libc_a-lock.o)
                0x08001d8a                __retarget_lock_release_recursive
 .text.startup.register_fini
                0x08001d8c       0x14 C:/ST/STM32CubeCLT/GNU-tools-for-STM32/bin/../lib/gcc/arm-none-eabi/13.3.1/../../../../arm-none-eabi/lib/thumb/v7-m/nofp\libg.a(libc_a-__call_atexit.o)
 .text.atexit   0x08001da0        0xc C:/ST/STM32CubeCLT/GNU-tools-for-STM32/bin/../lib/gcc/arm-none-eabi/13.3.1/../../../../arm-none-eabi/lib/thumb/v7-m/nofp\libg.a(libc_a-atexit.o)
                0x08001da0                atexit
 .text._malloc_trim_r
                0x08001dac       0xac C:/ST/STM32CubeCLT/GNU-tools-for-STM32/bin/../lib/gcc/arm-none-eabi/13.3.1/../../../../arm-none-eabi/lib/thumb/v7-m/nofp\libg.a(libc_a-freer.o)
                0x08001dac                _malloc_trim_r
 .text._free_r  0x08001e58      0x180 C:/ST/STM32CubeCLT/GNU-tools-for-STM32/bin/../lib/gcc/arm-none-eabi/13.3.1/../../../../arm-none-eabi/lib/thumb/v7-m/nofp\libg.a(libc_a-freer.o)
                0x08001e58                _free_r
 .text._malloc_r
                0x08001fd8      0x474 C:/ST/STM32CubeCLT/GNU-tools-for-STM32/bin/../lib/gcc/arm-none-eabi/13.3.1/../../../../arm-none-eabi/lib/thumb/v7-m/nofp\libg.a(libc_a-mallocr.o)
                0x08001fd8                _malloc_r
 .text.__malloc_lock
                0x0800244c        0xc C:/ST/STM32CubeCLT/GNU-tools-for-STM32/bin/../lib/gcc/arm-none-eabi/13.3.1/../../../../arm-none-eabi/lib/thumb/v7-m/nofp\libg.a(libc_a-mlock.o)
                0x0800244c                __malloc_lock
 .text.__malloc_unlock
                0x08002458        0xc C:/ST/STM32CubeCLT/GNU-tools-for-STM32/bin/../lib/gcc/arm-none-eabi/13.3.1/../../../../arm-none-eabi/lib/thumb/v7-m/nofp\libg.a(libc_a-mlock.o)
                0x08002458                __malloc_unlock
 .text._vfprintf_r
                0x08002464     0x146c C:/ST/STM32CubeCLT/GNU-tools-for-STM32/bin/../lib/gcc/arm-none-eabi/13.3.1/../../../../arm-none-eabi/lib/thumb/v7-m/nofp\libg.a(libc_a-vfprintf.o)
                0x08002464                _vfprintf_r
 .text.__sbprintf
                0x080038d0       0x80 C:/ST/STM32CubeCLT/GNU-tools-for-STM32/bin/../lib/gcc/arm-none-eabi/13.3.1/../../../../arm-none-eabi/lib/thumb/v7-m/nofp\libg.a(libc_a-vfprintf.o)
 .text.__sprint_r
                0x08003950       0x1a C:/ST/STM32CubeCLT/GNU-tools-for-STM32/bin/../lib/gcc/arm-none-eabi/13.3.1/../../../../arm-none-eabi/lib/thumb/v7-m/nofp\libg.a(libc_a-sprint_r.o)
                0x08003950                __sprint_r
 .text._fclose_r
                0x0800396a       0xac C:/ST/STM32CubeCLT/GNU-tools-for-STM32/bin/../lib/gcc/arm-none-eabi/13.3.1/../../../../arm-none-eabi/lib/thumb/v7-m/nofp\libg.a(libc_a-fclose.o)
                0x0800396a                _fclose_r
 *fill*         0x08003a16        0x2 
 .text.__sflush_r
                0x08003a18      0x108 C:/ST/STM32CubeCLT/GNU-tools-for-STM32/bin/../lib/gcc/arm-none-eabi/13.3.1/../../../../arm-none-eabi/lib/thumb/v7-m/nofp\libg.a(libc_a-fflush.o)
                0x08003a18                __sflush_r
 .text._fflush_r
                0x08003b20       0x4a C:/ST/STM32CubeCLT/GNU-tools-for-STM32/bin/../lib/gcc/arm-none-eabi/13.3.1/../../../../arm-none-eabi/lib/thumb/v7-m/nofp\libg.a(libc_a-fflush.o)
                0x08003b20                _fflush_r
 *fill*         0x08003b6a        0x2 
 .text.__sfvwrite_r
                0x08003b6c      0x298 C:/ST/STM32CubeCLT/GNU-tools-for-STM32/bin/../lib/gcc/arm-none-eabi/13.3.1/../../../../arm-none-eabi/lib/thumb/v7-m/nofp\libg.a(libc_a-fvwrite.o)
                0x08003b6c                __sfvwrite_r
 .text.__swsetup_r
                0x08003e04       0xac C:/ST/STM32CubeCLT/GNU-tools-for-STM32/bin/../lib/gcc/arm-none-eabi/13.3.1/../../../../arm-none-eabi/lib/thumb/v7-m/nofp\libg.a(libc_a-wsetup.o)
                0x08003e04                __swsetup_r
 .text.memmove  0x08003eb0       0x34 C:/ST/STM32CubeCLT/GNU-tools-for-STM32/bin/../lib/gcc/arm-none-eabi/13.3.1/../../../../arm-none-eabi/lib/thumb/v7-m/nofp\libg.a(libc_a-memmove.o)
                0x08003eb0                memmove
 .text.strncpy  0x08003ee4       0x26 C:/ST/STM32CubeCLT/GNU-tools-for-STM32/bin/../lib/gcc/arm-none-eabi/13.3.1/../../../../arm-none-eabi/lib/thumb/v7-m/nofp\libg.a(libc_a-strncpy.o)
                0x08003ee4                strncpy
 *fill*         0x08003f0a        0x2 
 .text._localeconv_r
                0x08003f0c        0x8 C:/ST/STM32CubeCLT/GNU-tools-for-STM32/bin/../lib/gcc/arm-none-eabi/13.3.1/../../../../arm-none-eabi/lib/thumb/v7-m/nofp\libg.a(libc_a-localeconv.o)
                0x08003f0c                _localeconv_r
 .text._sbrk_r  0x08003f14       0x20 C:/ST/STM32CubeCLT/GNU-tools-for-STM32/bin/../lib/gcc/arm-none-eabi/13.3.1/../../../../arm-none-eabi/lib/thumb/v7-m/nofp\libg.a(libc_a-sbrkr.o)
                0x08003f14                _sbrk_r
 .text.__libc_fini_array
                0x08003f34       0x28 C:/ST/STM32CubeCLT/GNU-tools-for-STM32/bin/../lib/gcc/arm-none-eabi/13.3.1/../../../../arm-none-eabi/lib/thumb/v7-m/nofp\libg.a(libc_a-fini.o)
                0x08003f34                __libc_fini_array
 .text.sysconf  0x08003f5c       0x18 C:/ST/STM32CubeCLT/GNU-tools-for-STM32/bin/../lib/gcc/arm-none-eabi/13.3.1/../../../../arm-none-eabi/lib/thumb/v7-m/nofp\libg.a(libc_a-sysconf.o)
                0x08003f5c                sysconf
 .text.memchr   0x08003f74       0x1c C:/ST/STM32CubeCLT/GNU-tools-for-STM32/bin/../lib/gcc/arm-none-eabi/13.3.1/../../../../arm-none-eabi/lib/thumb/v7-m/nofp\libg.a(libc_a-memchr-stub.o)
                0x08003f74                memchr
 .text.memcpy   0x08003f90       0x1c C:/ST/STM32CubeCLT/GNU-tools-for-STM32/bin/../lib/gcc/arm-none-eabi/13.3.1/../../../../arm-none-eabi/lib/thumb/v7-m/nofp\libg.a(libc_a-memcpy-stub.o)
                0x08003f90                memcpy
 .text.frexp    0x08003fac       0x64 C:/ST/STM32CubeCLT/GNU-tools-for-STM32/bin/../lib/gcc/arm-none-eabi/13.3.1/../../../../arm-none-eabi/lib/thumb/v7-m/nofp\libg.a(libm_a-s_frexp.o)
                0x08003fac                frexp
 .text.__register_exitproc
                0x08004010       0x80 C:/ST/STM32CubeCLT/GNU-tools-for-STM32/bin/../lib/gcc/arm-none-eabi/13.3.1/../../../../arm-none-eabi/lib/thumb/v7-m/nofp\libg.a(libc_a-__atexit.o)
                0x08004010                __register_exitproc
 .text.quorem   0x08004090      0x110 C:/ST/STM32CubeCLT/GNU-tools-for-STM32/bin/../lib/gcc/arm-none-eabi/13.3.1/../../../../arm-none-eabi/lib/thumb/v7-m/nofp\libg.a(libc_a-dtoa.o)
 .text._dtoa_r  0x080041a0      0xb74 C:/ST/STM32CubeCLT/GNU-tools-for-STM32/bin/../lib/gcc/arm-none-eabi/13.3.1/../../../../arm-none-eabi/lib/thumb/v7-m/nofp\libg.a(libc_a-dtoa.o)
                0x080041a0                _dtoa_r
 .text._Balloc  0x08004d14       0x4a C:/ST/STM32CubeCLT/GNU-tools-for-STM32/bin/../lib/gcc/arm-none-eabi/13.3.1/../../../../arm-none-eabi/lib/thumb/v7-m/nofp\libg.a(libc_a-mprec.o)
                0x08004d14                _Balloc
 .text._Bfree   0x08004d5e       0x12 C:/ST/STM32CubeCLT/GNU-tools-for-STM32/bin/../lib/gcc/arm-none-eabi/13.3.1/../../../../arm-none-eabi/lib/thumb/v7-m/nofp\libg.a(libc_a-mprec.o)
                0x08004d5e                _Bfree
 .text.__multadd
                0x08004d70       0x8c C:/ST/STM32CubeCLT/GNU-tools-for-STM32/bin/../lib/gcc/arm-none-eabi/13.3.1/../../../../arm-none-eabi/lib/thumb/v7-m/nofp\libg.a(libc_a-mprec.o)
                0x08004d70                __multadd
 .text.__hi0bits
                0x08004dfc       0x3e C:/ST/STM32CubeCLT/GNU-tools-for-STM32/bin/../lib/gcc/arm-none-eabi/13.3.1/../../../../arm-none-eabi/lib/thumb/v7-m/nofp\libg.a(libc_a-mprec.o)
                0x08004dfc                __hi0bits
 .text.__lo0bits
                0x08004e3a       0x5a C:/ST/STM32CubeCLT/GNU-tools-for-STM32/bin/../lib/gcc/arm-none-eabi/13.3.1/../../../../arm-none-eabi/lib/thumb/v7-m/nofp\libg.a(libc_a-mprec.o)
                0x08004e3a                __lo0bits
 .text.__i2b    0x08004e94       0x2c C:/ST/STM32CubeCLT/GNU-tools-for-STM32/bin/../lib/gcc/arm-none-eabi/13.3.1/../../../../arm-none-eabi/lib/thumb/v7-m/nofp\libg.a(libc_a-mprec.o)
                0x08004e94                __i2b
 .text.__multiply
                0x08004ec0      0x144 C:/ST/STM32CubeCLT/GNU-tools-for-STM32/bin/../lib/gcc/arm-none-eabi/13.3.1/../../../../arm-none-eabi/lib/thumb/v7-m/nofp\libg.a(libc_a-mprec.o)
                0x08004ec0                __multiply
 .text.__pow5mult
                0x08005004       0x80 C:/ST/STM32CubeCLT/GNU-tools-for-STM32/bin/../lib/gcc/arm-none-eabi/13.3.1/../../../../arm-none-eabi/lib/thumb/v7-m/nofp\libg.a(libc_a-mprec.o)
                0x08005004                __pow5mult
 .text.__lshift
                0x08005084       0xd8 C:/ST/STM32CubeCLT/GNU-tools-for-STM32/bin/../lib/gcc/arm-none-eabi/13.3.1/../../../../arm-none-eabi/lib/thumb/v7-m/nofp\libg.a(libc_a-mprec.o)
                0x08005084                __lshift
 .text.__mcmp   0x0800515c       0x36 C:/ST/STM32CubeCLT/GNU-tools-for-STM32/bin/../lib/gcc/arm-none-eabi/13.3.1/../../../../arm-none-eabi/lib/thumb/v7-m/nofp\libg.a(libc_a-mprec.o)
                0x0800515c                __mcmp
 *fill*         0x08005192        0x2 
 .text.__mdiff  0x08005194      0x128 C:/ST/STM32CubeCLT/GNU-tools-for-STM32/bin/../lib/gcc/arm-none-eabi/13.3.1/../../../../arm-none-eabi/lib/thumb/v7-m/nofp\libg.a(libc_a-mprec.o)
                0x08005194                __mdiff
 .text.__d2b    0x080052bc       0xb0 C:/ST/STM32CubeCLT/GNU-tools-for-STM32/bin/../lib/gcc/arm-none-eabi/13.3.1/../../../../arm-none-eabi/lib/thumb/v7-m/nofp\libg.a(libc_a-mprec.o)
                0x080052bc                __d2b
 .text._realloc_r
                0x0800536c      0x358 C:/ST/STM32CubeCLT/GNU-tools-for-STM32/bin/../lib/gcc/arm-none-eabi/13.3.1/../../../../arm-none-eabi/lib/thumb/v7-m/nofp\libg.a(libc_a-reallocr.o)
                0x0800536c                _realloc_r
 .text.__swhatbuf_r
                0x080056c4       0x50 C:/ST/STM32CubeCLT/GNU-tools-for-STM32/bin/../lib/gcc/arm-none-eabi/13.3.1/../../../../arm-none-eabi/lib/thumb/v7-m/nofp\libg.a(libc_a-makebuf.o)
                0x080056c4                __swhatbuf_r
 .text.__smakebuf_r
                0x08005714       0x78 C:/ST/STM32CubeCLT/GNU-tools-for-STM32/bin/../lib/gcc/arm-none-eabi/13.3.1/../../../../arm-none-eabi/lib/thumb/v7-m/nofp\libg.a(libc_a-makebuf.o)
                0x08005714                __smakebuf_r
 .text._fstat_r
                0x0800578c       0x24 C:/ST/STM32CubeCLT/GNU-tools-for-STM32/bin/../lib/gcc/arm-none-eabi/13.3.1/../../../../arm-none-eabi/lib/thumb/v7-m/nofp\libg.a(libc_a-fstatr.o)
                0x0800578c                _fstat_r
 .text._isatty_r
                0x080057b0       0x20 C:/ST/STM32CubeCLT/GNU-tools-for-STM32/bin/../lib/gcc/arm-none-eabi/13.3.1/../../../../arm-none-eabi/lib/thumb/v7-m/nofp\libg.a(libc_a-isattyr.o)
                0x080057b0                _isatty_r
 .text.__assert_func
                0x080057d0       0x3c C:/ST/STM32CubeCLT/GNU-tools-for-STM32/bin/../lib/gcc/arm-none-eabi/13.3.1/../../../../arm-none-eabi/lib/thumb/v7-m/nofp\libg.a(libc_a-assert.o)
                0x080057d0                __assert_func
 .text._calloc_r
                0x0800580c       0x6a C:/ST/STM32CubeCLT/GNU-tools-for-STM32/bin/../lib/gcc/arm-none-eabi/13.3.1/../../../../arm-none-eabi/lib/thumb/v7-m/nofp\libg.a(libc_a-callocr.o)
                0x0800580c                _calloc_r
 .text.__ascii_mbtowc
                0x08005876       0x24 C:/ST/STM32CubeCLT/GNU-tools-for-STM32/bin/../lib/gcc/arm-none-eabi/13.3.1/../../../../arm-none-eabi/lib/thumb/v7-m/nofp\libg.a(libc_a-mbtowc_r.o)
                0x08005876                __ascii_mbtowc
 .text.__ascii_wctomb
                0x0800589a       0x1a C:/ST/STM32CubeCLT/GNU-tools-for-STM32/bin/../lib/gcc/arm-none-eabi/13.3.1/../../../../arm-none-eabi/lib/thumb/v7-m/nofp\libg.a(libc_a-wctomb_r.o)
                0x0800589a                __ascii_wctomb
 .text.fiprintf
                0x080058b4       0x24 C:/ST/STM32CubeCLT/GNU-tools-for-STM32/bin/../lib/gcc/arm-none-eabi/13.3.1/../../../../arm-none-eabi/lib/thumb/v7-m/nofp\libg.a(libc_a-fiprintf.o)
                0x080058b4                fiprintf
 .text._vfiprintf_r
                0x080058d8      0x918 C:/ST/STM32CubeCLT/GNU-tools-for-STM32/bin/../lib/gcc/arm-none-eabi/13.3.1/../../../../arm-none-eabi/lib/thumb/v7-m/nofp\libg.a(libc_a-vfiprintf.o)
                0x080058d8                _vfiprintf_r
 .text.__sbprintf
                0x080061f0       0x80 C:/ST/STM32CubeCLT/GNU-tools-for-STM32/bin/../lib/gcc/arm-none-eabi/13.3.1/../../../../arm-none-eabi/lib/thumb/v7-m/nofp\libg.a(libc_a-vfiprintf.o)
 .text.abort    0x08006270        0xe C:/ST/STM32CubeCLT/GNU-tools-for-STM32/bin/../lib/gcc/arm-none-eabi/13.3.1/../../../../arm-none-eabi/lib/thumb/v7-m/nofp\libg.a(libc_a-abort.o)
                0x08006270                abort
 .text._raise_r
                0x0800627e       0x52 C:/ST/STM32CubeCLT/GNU-tools-for-STM32/bin/../lib/gcc/arm-none-eabi/13.3.1/../../../../arm-none-eabi/lib/thumb/v7-m/nofp\libg.a(libc_a-signal.o)
                0x0800627e                _raise_r
 .text.raise    0x080062d0       0x10 C:/ST/STM32CubeCLT/GNU-tools-for-STM32/bin/../lib/gcc/arm-none-eabi/13.3.1/../../../../arm-none-eabi/lib/thumb/v7-m/nofp\libg.a(libc_a-signal.o)
                0x080062d0                raise
 .text._kill_r  0x080062e0       0x24 C:/ST/STM32CubeCLT/GNU-tools-for-STM32/bin/../lib/gcc/arm-none-eabi/13.3.1/../../../../arm-none-eabi/lib/thumb/v7-m/nofp\libg.a(libc_a-signalr.o)
                0x080062e0                _kill_r
 .text._getpid_r
                0x08006304        0x4 C:/ST/STM32CubeCLT/GNU-tools-for-STM32/bin/../lib/gcc/arm-none-eabi/13.3.1/../../../../arm-none-eabi/lib/thumb/v7-m/nofp\libg.a(libc_a-signalr.o)
                0x08006304                _getpid_r
 *(.glue_7)
 .glue_7        0x08006308        0x0 linker stubs
 *(.glue_7t)
 .glue_7t       0x08006308        0x0 linker stubs
 *(.eh_frame)
 .eh_frame      0x08006308        0x0 C:/ST/STM32CubeCLT/GNU-tools-for-STM32/bin/../lib/gcc/arm-none-eabi/13.3.1/thumb/v7-m/nofp/crtbegin.o
 *(.init)
 .init          0x08006308        0x4 C:/ST/STM32CubeCLT/GNU-tools-for-STM32/bin/../lib/gcc/arm-none-eabi/13.3.1/thumb/v7-m/nofp/crti.o
                0x08006308                _init
 .init          0x0800630c        0x8 C:/ST/STM32CubeCLT/GNU-tools-for-STM32/bin/../lib/gcc/arm-none-eabi/13.3.1/thumb/v7-m/nofp/crtn.o
 *(.fini)
 .fini          0x08006314        0x4 C:/ST/STM32CubeCLT/GNU-tools-for-STM32/bin/../lib/gcc/arm-none-eabi/13.3.1/thumb/v7-m/nofp/crti.o
                0x08006314                _fini
 .fini          0x08006318        0x8 C:/ST/STM32CubeCLT/GNU-tools-for-STM32/bin/../lib/gcc/arm-none-eabi/13.3.1/thumb/v7-m/nofp/crtn.o
                0x08006320                        . = ALIGN (0x4)
                0x08006320                        _etext = .

.vfp11_veneer   0x08006320        0x0
 .vfp11_veneer  0x08006320        0x0 linker stubs

.v4_bx          0x08006320        0x0
 .v4_bx         0x08006320        0x0 linker stubs

.iplt           0x08006320        0x0
 .iplt          0x08006320        0x0 C:/ST/STM32CubeCLT/GNU-tools-for-STM32/bin/../lib/gcc/arm-none-eabi/13.3.1/thumb/v7-m/nofp/crtbegin.o

.rodata         0x08006320      0x41c
                0x08006320                        . = ALIGN (0x4)
 *(.rodata)
 .rodata        0x08006320        0xf Peripherals/USART/CMakeFiles/Periph_USART.dir/Periph_USART.c.obj
 *fill*         0x0800632f        0x1 
 .rodata        0x08006330       0x57 CMakeFiles/Test01.dir/Application/Test01/main.c.obj
 *(.rodata*)
 *fill*         0x08006387        0x1 
 .rodata.AHBPrescTable
                0x08006388       0x10 CMakeFiles/Test01.dir/Libraries/CMSIS/CM3/DeviceSupport/ST/STM32F10x/system_stm32f10x.c.obj
                0x08006388                AHBPrescTable
 .rodata.APBAHBPrescTable
                0x08006398       0x10 CMakeFiles/Test01.dir/Libraries/STM32F10x_StdPeriph_Driver/src/stm32f10x_rcc.c.obj
 .rodata.ADCPrescTable
                0x080063a8        0x4 CMakeFiles/Test01.dir/Libraries/STM32F10x_StdPeriph_Driver/src/stm32f10x_rcc.c.obj
 .rodata._vfprintf_r.str1.1
                0x080063ac      0x149 C:/ST/STM32CubeCLT/GNU-tools-for-STM32/bin/../lib/gcc/arm-none-eabi/13.3.1/../../../../arm-none-eabi/lib/thumb/v7-m/nofp\libg.a(libc_a-vfprintf.o)
                                 0x34 (size before relaxing)
 .rodata.zeroes.0
                0x080064f5       0x10 C:/ST/STM32CubeCLT/GNU-tools-for-STM32/bin/../lib/gcc/arm-none-eabi/13.3.1/../../../../arm-none-eabi/lib/thumb/v7-m/nofp\libg.a(libc_a-vfprintf.o)
 .rodata.blanks.1
                0x08006505       0x10 C:/ST/STM32CubeCLT/GNU-tools-for-STM32/bin/../lib/gcc/arm-none-eabi/13.3.1/../../../../arm-none-eabi/lib/thumb/v7-m/nofp\libg.a(libc_a-vfprintf.o)
 .rodata._dtoa_r.str1.1
                0x08006515        0x0 C:/ST/STM32CubeCLT/GNU-tools-for-STM32/bin/../lib/gcc/arm-none-eabi/13.3.1/../../../../arm-none-eabi/lib/thumb/v7-m/nofp\libg.a(libc_a-dtoa.o)
                                 0x78 (size before relaxing)
 .rodata.__multadd.str1.1
                0x08006515        0x0 C:/ST/STM32CubeCLT/GNU-tools-for-STM32/bin/../lib/gcc/arm-none-eabi/13.3.1/../../../../arm-none-eabi/lib/thumb/v7-m/nofp\libg.a(libc_a-mprec.o)
                                 0x6a (size before relaxing)
 *fill*         0x08006515        0x3 
 .rodata.p05.0  0x08006518        0xc C:/ST/STM32CubeCLT/GNU-tools-for-STM32/bin/../lib/gcc/arm-none-eabi/13.3.1/../../../../arm-none-eabi/lib/thumb/v7-m/nofp\libg.a(libc_a-mprec.o)
 *fill*         0x08006524        0x4 
 .rodata.__mprec_bigtens
                0x08006528       0x28 C:/ST/STM32CubeCLT/GNU-tools-for-STM32/bin/../lib/gcc/arm-none-eabi/13.3.1/../../../../arm-none-eabi/lib/thumb/v7-m/nofp\libg.a(libc_a-mprec.o)
                0x08006528                __mprec_bigtens
 .rodata.__mprec_tens
                0x08006550       0xc8 C:/ST/STM32CubeCLT/GNU-tools-for-STM32/bin/../lib/gcc/arm-none-eabi/13.3.1/../../../../arm-none-eabi/lib/thumb/v7-m/nofp\libg.a(libc_a-mprec.o)
                0x08006550                __mprec_tens
 .rodata._setlocale_r.str1.1
                0x08006618        0x0 C:/ST/STM32CubeCLT/GNU-tools-for-STM32/bin/../lib/gcc/arm-none-eabi/13.3.1/../../../../arm-none-eabi/lib/thumb/v7-m/nofp\libg.a(libc_a-locale.o)
                                  0x9 (size before relaxing)
 .rodata.str1.1
                0x08006618        0x0 C:/ST/STM32CubeCLT/GNU-tools-for-STM32/bin/../lib/gcc/arm-none-eabi/13.3.1/../../../../arm-none-eabi/lib/thumb/v7-m/nofp\libg.a(libc_a-locale.o)
                                  0x2 (size before relaxing)
 .rodata.__assert_func.str1.1
                0x08006618        0x0 C:/ST/STM32CubeCLT/GNU-tools-for-STM32/bin/../lib/gcc/arm-none-eabi/13.3.1/../../../../arm-none-eabi/lib/thumb/v7-m/nofp\libg.a(libc_a-assert.o)
                                 0x3d (size before relaxing)
 .rodata._ctype_
                0x08006618      0x101 C:/ST/STM32CubeCLT/GNU-tools-for-STM32/bin/../lib/gcc/arm-none-eabi/13.3.1/../../../../arm-none-eabi/lib/thumb/v7-m/nofp\libg.a(libc_a-ctype_.o)
                0x08006618                _ctype_
 .rodata._vfiprintf_r.str1.1
                0x08006719        0x0 C:/ST/STM32CubeCLT/GNU-tools-for-STM32/bin/../lib/gcc/arm-none-eabi/13.3.1/../../../../arm-none-eabi/lib/thumb/v7-m/nofp\libg.a(libc_a-vfiprintf.o)
                                 0x22 (size before relaxing)
 .rodata.zeroes.0
                0x08006719       0x10 C:/ST/STM32CubeCLT/GNU-tools-for-STM32/bin/../lib/gcc/arm-none-eabi/13.3.1/../../../../arm-none-eabi/lib/thumb/v7-m/nofp\libg.a(libc_a-vfiprintf.o)
 .rodata.blanks.1
                0x08006729       0x10 C:/ST/STM32CubeCLT/GNU-tools-for-STM32/bin/../lib/gcc/arm-none-eabi/13.3.1/../../../../arm-none-eabi/lib/thumb/v7-m/nofp\libg.a(libc_a-vfiprintf.o)
                0x0800673c                        . = ALIGN (0x4)
 *fill*         0x08006739        0x3 

.ARM.extab      0x0800673c        0x0
                0x0800673c                        . = ALIGN (0x4)
 *(.ARM.extab* .gnu.linkonce.armextab.*)
                0x0800673c                        . = ALIGN (0x4)

.ARM            0x0800673c        0x8
                0x0800673c                        . = ALIGN (0x4)
                0x0800673c                        __exidx_start = .
 *(.ARM.exidx*)
 .ARM.exidx     0x0800673c        0x8 C:/ST/STM32CubeCLT/GNU-tools-for-STM32/bin/../lib/gcc/arm-none-eabi/13.3.1/../../../../arm-none-eabi/lib/thumb/v7-m/nofp\libg.a(libc_a-strlen.o)
 .ARM.exidx     0x08006744        0x0 C:/ST/STM32CubeCLT/GNU-tools-for-STM32/bin/../lib/gcc/arm-none-eabi/13.3.1/thumb/v7-m/nofp\libgcc.a(_udivmoddi4.o)
                                  0x8 (size before relaxing)
                0x08006744                        __exidx_end = .
                0x08006744                        . = ALIGN (0x4)

.preinit_array  0x08006744        0x0
                0x08006744                        . = ALIGN (0x4)
                0x08006744                        PROVIDE (__preinit_array_start = .)
 *(.preinit_array*)
                0x08006744                        PROVIDE (__preinit_array_end = .)
                0x08006744                        . = ALIGN (0x4)

.init_array     0x08006744        0x8
                0x08006744                        . = ALIGN (0x4)
                0x08006744                        PROVIDE (__init_array_start = .)
 *(SORT_BY_NAME(.init_array.*))
 .init_array.00000
                0x08006744        0x4 C:/ST/STM32CubeCLT/GNU-tools-for-STM32/bin/../lib/gcc/arm-none-eabi/13.3.1/../../../../arm-none-eabi/lib/thumb/v7-m/nofp\libg.a(libc_a-__call_atexit.o)
 *(.init_array*)
 .init_array    0x08006748        0x4 C:/ST/STM32CubeCLT/GNU-tools-for-STM32/bin/../lib/gcc/arm-none-eabi/13.3.1/thumb/v7-m/nofp/crtbegin.o
                0x0800674c                        PROVIDE (__init_array_end = .)
                0x0800674c                        . = ALIGN (0x4)

.fini_array     0x0800674c        0x4
                0x0800674c                        . = ALIGN (0x4)
                0x0800674c                        PROVIDE (__fini_array_start = .)
 *(SORT_BY_NAME(.fini_array.*))
 *(.fini_array*)
 .fini_array    0x0800674c        0x4 C:/ST/STM32CubeCLT/GNU-tools-for-STM32/bin/../lib/gcc/arm-none-eabi/13.3.1/thumb/v7-m/nofp/crtbegin.o
                0x08006750                        PROVIDE (__fini_array_end = .)
                0x08006750                        . = ALIGN (0x4)
                0x08006750                        _sidata = LOADADDR (.data)

.rel.dyn        0x08006750        0x0
 .rel.iplt      0x08006750        0x0 C:/ST/STM32CubeCLT/GNU-tools-for-STM32/bin/../lib/gcc/arm-none-eabi/13.3.1/thumb/v7-m/nofp/crtbegin.o

.data           0x20000000      0x6d8 load address 0x08006750
                0x20000000                        . = ALIGN (0x4)
                0x20000000                        _sdata = .
 *(.data)
 *(.data*)
 .data.SystemCoreClock
                0x20000000        0x4 CMakeFiles/Test01.dir/Libraries/CMSIS/CM3/DeviceSupport/ST/STM32F10x/system_stm32f10x.c.obj
                0x20000000                SystemCoreClock
 .data.__sglue  0x20000004        0xc C:/ST/STM32CubeCLT/GNU-tools-for-STM32/bin/../lib/gcc/arm-none-eabi/13.3.1/../../../../arm-none-eabi/lib/thumb/v7-m/nofp\libg.a(libc_a-findfp.o)
                0x20000004                __sglue
 .data._impure_ptr
                0x20000010        0x4 C:/ST/STM32CubeCLT/GNU-tools-for-STM32/bin/../lib/gcc/arm-none-eabi/13.3.1/../../../../arm-none-eabi/lib/thumb/v7-m/nofp\libg.a(libc_a-impure.o)
                0x20000010                _impure_ptr
 *fill*         0x20000014        0x4 
 .data._impure_data
                0x20000018      0x140 C:/ST/STM32CubeCLT/GNU-tools-for-STM32/bin/../lib/gcc/arm-none-eabi/13.3.1/../../../../arm-none-eabi/lib/thumb/v7-m/nofp\libg.a(libc_a-impure.o)
                0x20000018                _impure_data
 .data.__atexit_recursive_mutex
                0x20000158        0x4 C:/ST/STM32CubeCLT/GNU-tools-for-STM32/bin/../lib/gcc/arm-none-eabi/13.3.1/../../../../arm-none-eabi/lib/thumb/v7-m/nofp\libg.a(libc_a-__call_atexit.o)
                0x20000158                __atexit_recursive_mutex
 .data.__malloc_sbrk_base
                0x2000015c        0x4 C:/ST/STM32CubeCLT/GNU-tools-for-STM32/bin/../lib/gcc/arm-none-eabi/13.3.1/../../../../arm-none-eabi/lib/thumb/v7-m/nofp\libg.a(libc_a-mallocr.o)
                0x2000015c                __malloc_sbrk_base
 .data.__malloc_trim_threshold
                0x20000160        0x4 C:/ST/STM32CubeCLT/GNU-tools-for-STM32/bin/../lib/gcc/arm-none-eabi/13.3.1/../../../../arm-none-eabi/lib/thumb/v7-m/nofp\libg.a(libc_a-mallocr.o)
                0x20000160                __malloc_trim_threshold
 .data.__malloc_av_
                0x20000164      0x408 C:/ST/STM32CubeCLT/GNU-tools-for-STM32/bin/../lib/gcc/arm-none-eabi/13.3.1/../../../../arm-none-eabi/lib/thumb/v7-m/nofp\libg.a(libc_a-mallocr.o)
                0x20000164                __malloc_av_
 .data.__global_locale
                0x2000056c      0x16c C:/ST/STM32CubeCLT/GNU-tools-for-STM32/bin/../lib/gcc/arm-none-eabi/13.3.1/../../../../arm-none-eabi/lib/thumb/v7-m/nofp\libg.a(libc_a-locale.o)
                0x2000056c                __global_locale
 *(.RamFunc)
 *(.RamFunc*)
                0x200006d8                        . = ALIGN (0x4)
                0x200006d8                        _edata = .

.igot.plt       0x200006d8        0x0 load address 0x08006e28
 .igot.plt      0x200006d8        0x0 C:/ST/STM32CubeCLT/GNU-tools-for-STM32/bin/../lib/gcc/arm-none-eabi/13.3.1/thumb/v7-m/nofp/crtbegin.o
                0x200006d8                        . = ALIGN (0x4)

.bss            0x200006d8      0x330 load address 0x08006e28
                0x200006d8                        _sbss = .
                0x200006d8                        __bss_start__ = _sbss
 *(.bss)
 .bss           0x200006d8       0x1c C:/ST/STM32CubeCLT/GNU-tools-for-STM32/bin/../lib/gcc/arm-none-eabi/13.3.1/thumb/v7-m/nofp/crtbegin.o
 *(.bss*)
 .bss.uwTick    0x200006f4        0x4 Utils/Delay/CMakeFiles/Util_Delay.dir/Util_Delay.c.obj
 .bss.__sbrk_heap_end
                0x200006f8        0x4 CMakeFiles/Test01.dir/Core/sysmem.c.obj
 .bss.__sf      0x200006fc      0x138 C:/ST/STM32CubeCLT/GNU-tools-for-STM32/bin/../lib/gcc/arm-none-eabi/13.3.1/../../../../arm-none-eabi/lib/thumb/v7-m/nofp\libg.a(libc_a-findfp.o)
                0x200006fc                __sf
 .bss.__stdio_exit_handler
                0x20000834        0x4 C:/ST/STM32CubeCLT/GNU-tools-for-STM32/bin/../lib/gcc/arm-none-eabi/13.3.1/../../../../arm-none-eabi/lib/thumb/v7-m/nofp\libg.a(libc_a-findfp.o)
                0x20000834                __stdio_exit_handler
 .bss.errno     0x20000838        0x4 C:/ST/STM32CubeCLT/GNU-tools-for-STM32/bin/../lib/gcc/arm-none-eabi/13.3.1/../../../../arm-none-eabi/lib/thumb/v7-m/nofp\libg.a(libc_a-reent.o)
                0x20000838                errno
 .bss.__lock___malloc_recursive_mutex
                0x2000083c        0x1 C:/ST/STM32CubeCLT/GNU-tools-for-STM32/bin/../lib/gcc/arm-none-eabi/13.3.1/../../../../arm-none-eabi/lib/thumb/v7-m/nofp\libg.a(libc_a-lock.o)
                0x2000083c                __lock___malloc_recursive_mutex
 .bss.__lock___atexit_recursive_mutex
                0x2000083d        0x1 C:/ST/STM32CubeCLT/GNU-tools-for-STM32/bin/../lib/gcc/arm-none-eabi/13.3.1/../../../../arm-none-eabi/lib/thumb/v7-m/nofp\libg.a(libc_a-lock.o)
                0x2000083d                __lock___atexit_recursive_mutex
 .bss.__lock___sfp_recursive_mutex
                0x2000083e        0x1 C:/ST/STM32CubeCLT/GNU-tools-for-STM32/bin/../lib/gcc/arm-none-eabi/13.3.1/../../../../arm-none-eabi/lib/thumb/v7-m/nofp\libg.a(libc_a-lock.o)
                0x2000083e                __lock___sfp_recursive_mutex
 *fill*         0x2000083f        0x1 
 .bss.__atexit  0x20000840        0x4 C:/ST/STM32CubeCLT/GNU-tools-for-STM32/bin/../lib/gcc/arm-none-eabi/13.3.1/../../../../arm-none-eabi/lib/thumb/v7-m/nofp\libg.a(libc_a-__call_atexit.o)
                0x20000840                __atexit
 .bss.__malloc_current_mallinfo
                0x20000844       0x28 C:/ST/STM32CubeCLT/GNU-tools-for-STM32/bin/../lib/gcc/arm-none-eabi/13.3.1/../../../../arm-none-eabi/lib/thumb/v7-m/nofp\libg.a(libc_a-mallocr.o)
                0x20000844                __malloc_current_mallinfo
 .bss.__malloc_max_total_mem
                0x2000086c        0x4 C:/ST/STM32CubeCLT/GNU-tools-for-STM32/bin/../lib/gcc/arm-none-eabi/13.3.1/../../../../arm-none-eabi/lib/thumb/v7-m/nofp\libg.a(libc_a-mallocr.o)
                0x2000086c                __malloc_max_total_mem
 .bss.__malloc_max_sbrked_mem
                0x20000870        0x4 C:/ST/STM32CubeCLT/GNU-tools-for-STM32/bin/../lib/gcc/arm-none-eabi/13.3.1/../../../../arm-none-eabi/lib/thumb/v7-m/nofp\libg.a(libc_a-mallocr.o)
                0x20000870                __malloc_max_sbrked_mem
 .bss.__malloc_top_pad
                0x20000874        0x4 C:/ST/STM32CubeCLT/GNU-tools-for-STM32/bin/../lib/gcc/arm-none-eabi/13.3.1/../../../../arm-none-eabi/lib/thumb/v7-m/nofp\libg.a(libc_a-mallocr.o)
                0x20000874                __malloc_top_pad
 .bss.__atexit0
                0x20000878      0x190 C:/ST/STM32CubeCLT/GNU-tools-for-STM32/bin/../lib/gcc/arm-none-eabi/13.3.1/../../../../arm-none-eabi/lib/thumb/v7-m/nofp\libg.a(libc_a-__atexit.o)
                0x20000878                __atexit0
 *(COMMON)
                0x20000a08                        . = ALIGN (0x4)
                0x20000a08                        _ebss = .
                0x20000a08                        __bss_end__ = _ebss

._user_heap_stack
                0x20000a08      0x600 load address 0x08006e28
                0x20000a08                        . = ALIGN (0x8)
                [!provide]                        PROVIDE (end = .)
                0x20000a08                        PROVIDE (_end = .)
                0x20000c08                        . = (. + _Min_Heap_Size)
 *fill*         0x20000a08      0x200 
                0x20001008                        . = (. + _Min_Stack_Size)
 *fill*         0x20000c08      0x400 
                0x20001008                        . = ALIGN (0x8)

/DISCARD/
 libc.a(*)
 libm.a(*)
 libgcc.a(*)

.ARM.attributes
                0x00000000       0x29
 *(.ARM.attributes)
 .ARM.attributes
                0x00000000       0x1d C:/ST/STM32CubeCLT/GNU-tools-for-STM32/bin/../lib/gcc/arm-none-eabi/13.3.1/thumb/v7-m/nofp/crti.o
 .ARM.attributes
                0x0000001d       0x2d C:/ST/STM32CubeCLT/GNU-tools-for-STM32/bin/../lib/gcc/arm-none-eabi/13.3.1/thumb/v7-m/nofp/crtbegin.o
 .ARM.attributes
                0x0000004a       0x2d Utils/Delay/CMakeFiles/Util_Delay.dir/Util_Delay.c.obj
 .ARM.attributes
                0x00000077       0x2d Peripherals/USART/CMakeFiles/Periph_USART.dir/Periph_USART.c.obj
 .ARM.attributes
                0x000000a4       0x2d CMakeFiles/Test01.dir/Application/Test01/main.c.obj
 .ARM.attributes
                0x000000d1       0x2d CMakeFiles/Test01.dir/Core/sysmem.c.obj
 .ARM.attributes
                0x000000fe       0x2d CMakeFiles/Test01.dir/Core/syscalls.c.obj
 .ARM.attributes
                0x0000012b       0x21 CMakeFiles/Test01.dir/Core/startup_stm32f103rbtx.s.obj
 .ARM.attributes
                0x0000014c       0x2d CMakeFiles/Test01.dir/Libraries/CMSIS/CM3/DeviceSupport/ST/STM32F10x/system_stm32f10x.c.obj
 .ARM.attributes
                0x00000179       0x2d CMakeFiles/Test01.dir/Libraries/STM32F10x_StdPeriph_Driver/src/stm32f10x_gpio.c.obj
 .ARM.attributes
                0x000001a6       0x2d CMakeFiles/Test01.dir/Libraries/STM32F10x_StdPeriph_Driver/src/stm32f10x_rcc.c.obj
 .ARM.attributes
                0x000001d3       0x2d CMakeFiles/Test01.dir/Libraries/STM32F10x_StdPeriph_Driver/src/stm32f10x_usart.c.obj
 .ARM.attributes
                0x00000200       0x2d C:/ST/STM32CubeCLT/GNU-tools-for-STM32/bin/../lib/gcc/arm-none-eabi/13.3.1/../../../../arm-none-eabi/lib/thumb/v7-m/nofp\libg.a(libc_a-findfp.o)
 .ARM.attributes
                0x0000022d       0x2d C:/ST/STM32CubeCLT/GNU-tools-for-STM32/bin/../lib/gcc/arm-none-eabi/13.3.1/../../../../arm-none-eabi/lib/thumb/v7-m/nofp\libg.a(libc_a-fwalk.o)
 .ARM.attributes
                0x0000025a       0x2d C:/ST/STM32CubeCLT/GNU-tools-for-STM32/bin/../lib/gcc/arm-none-eabi/13.3.1/../../../../arm-none-eabi/lib/thumb/v7-m/nofp\libg.a(libc_a-printf.o)
 .ARM.attributes
                0x00000287       0x2d C:/ST/STM32CubeCLT/GNU-tools-for-STM32/bin/../lib/gcc/arm-none-eabi/13.3.1/../../../../arm-none-eabi/lib/thumb/v7-m/nofp\libg.a(libc_a-stdio.o)
 .ARM.attributes
                0x000002b4       0x2d C:/ST/STM32CubeCLT/GNU-tools-for-STM32/bin/../lib/gcc/arm-none-eabi/13.3.1/../../../../arm-none-eabi/lib/thumb/v7-m/nofp\libg.a(libc_a-vprintf.o)
 .ARM.attributes
                0x000002e1       0x2d C:/ST/STM32CubeCLT/GNU-tools-for-STM32/bin/../lib/gcc/arm-none-eabi/13.3.1/../../../../arm-none-eabi/lib/thumb/v7-m/nofp\libg.a(libc_a-memset.o)
 .ARM.attributes
                0x0000030e       0x2d C:/ST/STM32CubeCLT/GNU-tools-for-STM32/bin/../lib/gcc/arm-none-eabi/13.3.1/../../../../arm-none-eabi/lib/thumb/v7-m/nofp\libg.a(libc_a-closer.o)
 .ARM.attributes
                0x0000033b       0x2d C:/ST/STM32CubeCLT/GNU-tools-for-STM32/bin/../lib/gcc/arm-none-eabi/13.3.1/../../../../arm-none-eabi/lib/thumb/v7-m/nofp\libg.a(libc_a-reent.o)
 .ARM.attributes
                0x00000368       0x2d C:/ST/STM32CubeCLT/GNU-tools-for-STM32/bin/../lib/gcc/arm-none-eabi/13.3.1/../../../../arm-none-eabi/lib/thumb/v7-m/nofp\libg.a(libc_a-impure.o)
 .ARM.attributes
                0x00000395       0x2d C:/ST/STM32CubeCLT/GNU-tools-for-STM32/bin/../lib/gcc/arm-none-eabi/13.3.1/../../../../arm-none-eabi/lib/thumb/v7-m/nofp\libg.a(libc_a-lseekr.o)
 .ARM.attributes
                0x000003c2       0x2d C:/ST/STM32CubeCLT/GNU-tools-for-STM32/bin/../lib/gcc/arm-none-eabi/13.3.1/../../../../arm-none-eabi/lib/thumb/v7-m/nofp\libg.a(libc_a-readr.o)
 .ARM.attributes
                0x000003ef       0x2d C:/ST/STM32CubeCLT/GNU-tools-for-STM32/bin/../lib/gcc/arm-none-eabi/13.3.1/../../../../arm-none-eabi/lib/thumb/v7-m/nofp\libg.a(libc_a-writer.o)
 .ARM.attributes
                0x0000041c       0x2d C:/ST/STM32CubeCLT/GNU-tools-for-STM32/bin/../lib/gcc/arm-none-eabi/13.3.1/../../../../arm-none-eabi/lib/thumb/v7-m/nofp\libg.a(libc_a-errno.o)
 .ARM.attributes
                0x00000449       0x2d C:/ST/STM32CubeCLT/GNU-tools-for-STM32/bin/../lib/gcc/arm-none-eabi/13.3.1/../../../../arm-none-eabi/lib/thumb/v7-m/nofp\libg.a(libc_a-init.o)
 .ARM.attributes
                0x00000476       0x2d C:/ST/STM32CubeCLT/GNU-tools-for-STM32/bin/../lib/gcc/arm-none-eabi/13.3.1/../../../../arm-none-eabi/lib/thumb/v7-m/nofp\libg.a(libc_a-lock.o)
 .ARM.attributes
                0x000004a3       0x2d C:/ST/STM32CubeCLT/GNU-tools-for-STM32/bin/../lib/gcc/arm-none-eabi/13.3.1/../../../../arm-none-eabi/lib/thumb/v7-m/nofp\libg.a(libc_a-__call_atexit.o)
 .ARM.attributes
                0x000004d0       0x2d C:/ST/STM32CubeCLT/GNU-tools-for-STM32/bin/../lib/gcc/arm-none-eabi/13.3.1/../../../../arm-none-eabi/lib/thumb/v7-m/nofp\libg.a(libc_a-atexit.o)
 .ARM.attributes
                0x000004fd       0x2d C:/ST/STM32CubeCLT/GNU-tools-for-STM32/bin/../lib/gcc/arm-none-eabi/13.3.1/../../../../arm-none-eabi/lib/thumb/v7-m/nofp\libg.a(libc_a-freer.o)
 .ARM.attributes
                0x0000052a       0x2d C:/ST/STM32CubeCLT/GNU-tools-for-STM32/bin/../lib/gcc/arm-none-eabi/13.3.1/../../../../arm-none-eabi/lib/thumb/v7-m/nofp\libg.a(libc_a-mallocr.o)
 .ARM.attributes
                0x00000557       0x2d C:/ST/STM32CubeCLT/GNU-tools-for-STM32/bin/../lib/gcc/arm-none-eabi/13.3.1/../../../../arm-none-eabi/lib/thumb/v7-m/nofp\libg.a(libc_a-mlock.o)
 .ARM.attributes
                0x00000584       0x2d C:/ST/STM32CubeCLT/GNU-tools-for-STM32/bin/../lib/gcc/arm-none-eabi/13.3.1/../../../../arm-none-eabi/lib/thumb/v7-m/nofp\libg.a(libc_a-vfprintf.o)
 .ARM.attributes
                0x000005b1       0x2d C:/ST/STM32CubeCLT/GNU-tools-for-STM32/bin/../lib/gcc/arm-none-eabi/13.3.1/../../../../arm-none-eabi/lib/thumb/v7-m/nofp\libg.a(libc_a-sprint_r.o)
 .ARM.attributes
                0x000005de       0x2d C:/ST/STM32CubeCLT/GNU-tools-for-STM32/bin/../lib/gcc/arm-none-eabi/13.3.1/../../../../arm-none-eabi/lib/thumb/v7-m/nofp\libg.a(libc_a-fclose.o)
 .ARM.attributes
                0x0000060b       0x2d C:/ST/STM32CubeCLT/GNU-tools-for-STM32/bin/../lib/gcc/arm-none-eabi/13.3.1/../../../../arm-none-eabi/lib/thumb/v7-m/nofp\libg.a(libc_a-fflush.o)
 .ARM.attributes
                0x00000638       0x2d C:/ST/STM32CubeCLT/GNU-tools-for-STM32/bin/../lib/gcc/arm-none-eabi/13.3.1/../../../../arm-none-eabi/lib/thumb/v7-m/nofp\libg.a(libc_a-fvwrite.o)
 .ARM.attributes
                0x00000665       0x2d C:/ST/STM32CubeCLT/GNU-tools-for-STM32/bin/../lib/gcc/arm-none-eabi/13.3.1/../../../../arm-none-eabi/lib/thumb/v7-m/nofp\libg.a(libc_a-wsetup.o)
 .ARM.attributes
                0x00000692       0x2d C:/ST/STM32CubeCLT/GNU-tools-for-STM32/bin/../lib/gcc/arm-none-eabi/13.3.1/../../../../arm-none-eabi/lib/thumb/v7-m/nofp\libg.a(libc_a-memmove.o)
 .ARM.attributes
                0x000006bf       0x2d C:/ST/STM32CubeCLT/GNU-tools-for-STM32/bin/../lib/gcc/arm-none-eabi/13.3.1/../../../../arm-none-eabi/lib/thumb/v7-m/nofp\libg.a(libc_a-strncpy.o)
 .ARM.attributes
                0x000006ec       0x2d C:/ST/STM32CubeCLT/GNU-tools-for-STM32/bin/../lib/gcc/arm-none-eabi/13.3.1/../../../../arm-none-eabi/lib/thumb/v7-m/nofp\libg.a(libc_a-localeconv.o)
 .ARM.attributes
                0x00000719       0x2d C:/ST/STM32CubeCLT/GNU-tools-for-STM32/bin/../lib/gcc/arm-none-eabi/13.3.1/../../../../arm-none-eabi/lib/thumb/v7-m/nofp\libg.a(libc_a-sbrkr.o)
 .ARM.attributes
                0x00000746       0x2d C:/ST/STM32CubeCLT/GNU-tools-for-STM32/bin/../lib/gcc/arm-none-eabi/13.3.1/../../../../arm-none-eabi/lib/thumb/v7-m/nofp\libg.a(libc_a-fini.o)
 .ARM.attributes
                0x00000773       0x2d C:/ST/STM32CubeCLT/GNU-tools-for-STM32/bin/../lib/gcc/arm-none-eabi/13.3.1/../../../../arm-none-eabi/lib/thumb/v7-m/nofp\libg.a(libc_a-sysconf.o)
 .ARM.attributes
                0x000007a0       0x2d C:/ST/STM32CubeCLT/GNU-tools-for-STM32/bin/../lib/gcc/arm-none-eabi/13.3.1/../../../../arm-none-eabi/lib/thumb/v7-m/nofp\libg.a(libc_a-memchr-stub.o)
 .ARM.attributes
                0x000007cd       0x2d C:/ST/STM32CubeCLT/GNU-tools-for-STM32/bin/../lib/gcc/arm-none-eabi/13.3.1/../../../../arm-none-eabi/lib/thumb/v7-m/nofp\libg.a(libc_a-memcpy-stub.o)
 .ARM.attributes
                0x000007fa       0x17 C:/ST/STM32CubeCLT/GNU-tools-for-STM32/bin/../lib/gcc/arm-none-eabi/13.3.1/../../../../arm-none-eabi/lib/thumb/v7-m/nofp\libg.a(libc_a-strlen.o)
 .ARM.attributes
                0x00000811       0x2d C:/ST/STM32CubeCLT/GNU-tools-for-STM32/bin/../lib/gcc/arm-none-eabi/13.3.1/../../../../arm-none-eabi/lib/thumb/v7-m/nofp\libg.a(libm_a-s_frexp.o)
 .ARM.attributes
                0x0000083e       0x2d C:/ST/STM32CubeCLT/GNU-tools-for-STM32/bin/../lib/gcc/arm-none-eabi/13.3.1/../../../../arm-none-eabi/lib/thumb/v7-m/nofp\libg.a(libc_a-__atexit.o)
 .ARM.attributes
                0x0000086b       0x2d C:/ST/STM32CubeCLT/GNU-tools-for-STM32/bin/../lib/gcc/arm-none-eabi/13.3.1/../../../../arm-none-eabi/lib/thumb/v7-m/nofp\libg.a(libc_a-dtoa.o)
 .ARM.attributes
                0x00000898       0x2d C:/ST/STM32CubeCLT/GNU-tools-for-STM32/bin/../lib/gcc/arm-none-eabi/13.3.1/../../../../arm-none-eabi/lib/thumb/v7-m/nofp\libg.a(libc_a-mprec.o)
 .ARM.attributes
                0x000008c5       0x2d C:/ST/STM32CubeCLT/GNU-tools-for-STM32/bin/../lib/gcc/arm-none-eabi/13.3.1/../../../../arm-none-eabi/lib/thumb/v7-m/nofp\libg.a(libc_a-reallocr.o)
 .ARM.attributes
                0x000008f2       0x2d C:/ST/STM32CubeCLT/GNU-tools-for-STM32/bin/../lib/gcc/arm-none-eabi/13.3.1/../../../../arm-none-eabi/lib/thumb/v7-m/nofp\libg.a(libc_a-makebuf.o)
 .ARM.attributes
                0x0000091f       0x2d C:/ST/STM32CubeCLT/GNU-tools-for-STM32/bin/../lib/gcc/arm-none-eabi/13.3.1/../../../../arm-none-eabi/lib/thumb/v7-m/nofp\libg.a(libc_a-locale.o)
 .ARM.attributes
                0x0000094c       0x2d C:/ST/STM32CubeCLT/GNU-tools-for-STM32/bin/../lib/gcc/arm-none-eabi/13.3.1/../../../../arm-none-eabi/lib/thumb/v7-m/nofp\libg.a(libc_a-fstatr.o)
 .ARM.attributes
                0x00000979       0x2d C:/ST/STM32CubeCLT/GNU-tools-for-STM32/bin/../lib/gcc/arm-none-eabi/13.3.1/../../../../arm-none-eabi/lib/thumb/v7-m/nofp\libg.a(libc_a-isattyr.o)
 .ARM.attributes
                0x000009a6       0x2d C:/ST/STM32CubeCLT/GNU-tools-for-STM32/bin/../lib/gcc/arm-none-eabi/13.3.1/../../../../arm-none-eabi/lib/thumb/v7-m/nofp\libg.a(libc_a-assert.o)
 .ARM.attributes
                0x000009d3       0x2d C:/ST/STM32CubeCLT/GNU-tools-for-STM32/bin/../lib/gcc/arm-none-eabi/13.3.1/../../../../arm-none-eabi/lib/thumb/v7-m/nofp\libg.a(libc_a-callocr.o)
 .ARM.attributes
                0x00000a00       0x2d C:/ST/STM32CubeCLT/GNU-tools-for-STM32/bin/../lib/gcc/arm-none-eabi/13.3.1/../../../../arm-none-eabi/lib/thumb/v7-m/nofp\libg.a(libc_a-mbtowc_r.o)
 .ARM.attributes
                0x00000a2d       0x2d C:/ST/STM32CubeCLT/GNU-tools-for-STM32/bin/../lib/gcc/arm-none-eabi/13.3.1/../../../../arm-none-eabi/lib/thumb/v7-m/nofp\libg.a(libc_a-wctomb_r.o)
 .ARM.attributes
                0x00000a5a       0x2d C:/ST/STM32CubeCLT/GNU-tools-for-STM32/bin/../lib/gcc/arm-none-eabi/13.3.1/../../../../arm-none-eabi/lib/thumb/v7-m/nofp\libg.a(libc_a-ctype_.o)
 .ARM.attributes
                0x00000a87       0x2d C:/ST/STM32CubeCLT/GNU-tools-for-STM32/bin/../lib/gcc/arm-none-eabi/13.3.1/../../../../arm-none-eabi/lib/thumb/v7-m/nofp\libg.a(libc_a-fiprintf.o)
 .ARM.attributes
                0x00000ab4       0x2d C:/ST/STM32CubeCLT/GNU-tools-for-STM32/bin/../lib/gcc/arm-none-eabi/13.3.1/../../../../arm-none-eabi/lib/thumb/v7-m/nofp\libg.a(libc_a-vfiprintf.o)
 .ARM.attributes
                0x00000ae1       0x2d C:/ST/STM32CubeCLT/GNU-tools-for-STM32/bin/../lib/gcc/arm-none-eabi/13.3.1/../../../../arm-none-eabi/lib/thumb/v7-m/nofp\libg.a(libc_a-abort.o)
 .ARM.attributes
                0x00000b0e       0x2d C:/ST/STM32CubeCLT/GNU-tools-for-STM32/bin/../lib/gcc/arm-none-eabi/13.3.1/../../../../arm-none-eabi/lib/thumb/v7-m/nofp\libg.a(libc_a-signal.o)
 .ARM.attributes
                0x00000b3b       0x2d C:/ST/STM32CubeCLT/GNU-tools-for-STM32/bin/../lib/gcc/arm-none-eabi/13.3.1/../../../../arm-none-eabi/lib/thumb/v7-m/nofp\libg.a(libc_a-signalr.o)
 .ARM.attributes
                0x00000b68       0x1d C:/ST/STM32CubeCLT/GNU-tools-for-STM32/bin/../lib/gcc/arm-none-eabi/13.3.1/thumb/v7-m/nofp\libgcc.a(_arm_addsubdf3.o)
 .ARM.attributes
                0x00000b85       0x1d C:/ST/STM32CubeCLT/GNU-tools-for-STM32/bin/../lib/gcc/arm-none-eabi/13.3.1/thumb/v7-m/nofp\libgcc.a(_arm_muldivdf3.o)
 .ARM.attributes
                0x00000ba2       0x1d C:/ST/STM32CubeCLT/GNU-tools-for-STM32/bin/../lib/gcc/arm-none-eabi/13.3.1/thumb/v7-m/nofp\libgcc.a(_arm_cmpdf2.o)
 .ARM.attributes
                0x00000bbf       0x1d C:/ST/STM32CubeCLT/GNU-tools-for-STM32/bin/../lib/gcc/arm-none-eabi/13.3.1/thumb/v7-m/nofp\libgcc.a(_arm_unorddf2.o)
 .ARM.attributes
                0x00000bdc       0x1d C:/ST/STM32CubeCLT/GNU-tools-for-STM32/bin/../lib/gcc/arm-none-eabi/13.3.1/thumb/v7-m/nofp\libgcc.a(_arm_fixdfsi.o)
 .ARM.attributes
                0x00000bf9       0x1d C:/ST/STM32CubeCLT/GNU-tools-for-STM32/bin/../lib/gcc/arm-none-eabi/13.3.1/thumb/v7-m/nofp\libgcc.a(_aeabi_uldivmod.o)
 .ARM.attributes
                0x00000c16       0x2d C:/ST/STM32CubeCLT/GNU-tools-for-STM32/bin/../lib/gcc/arm-none-eabi/13.3.1/thumb/v7-m/nofp\libgcc.a(_udivmoddi4.o)
 .ARM.attributes
                0x00000c43       0x1d C:/ST/STM32CubeCLT/GNU-tools-for-STM32/bin/../lib/gcc/arm-none-eabi/13.3.1/thumb/v7-m/nofp\libgcc.a(_dvmd_tls.o)
 .ARM.attributes
                0x00000c60       0x1d C:/ST/STM32CubeCLT/GNU-tools-for-STM32/bin/../lib/gcc/arm-none-eabi/13.3.1/thumb/v7-m/nofp/crtn.o
OUTPUT(Test01_Debug.elf elf32-littlearm)
LOAD linker stubs
LOAD C:/ST/STM32CubeCLT/GNU-tools-for-STM32/bin/../lib/gcc/arm-none-eabi/13.3.1/../../../../arm-none-eabi/lib/thumb/v7-m/nofp\libc.a
LOAD C:/ST/STM32CubeCLT/GNU-tools-for-STM32/bin/../lib/gcc/arm-none-eabi/13.3.1/../../../../arm-none-eabi/lib/thumb/v7-m/nofp\libm.a
LOAD C:/ST/STM32CubeCLT/GNU-tools-for-STM32/bin/../lib/gcc/arm-none-eabi/13.3.1/thumb/v7-m/nofp\libgcc.a

.debug_info     0x00000000    0x1ebc5
 .debug_info    0x00000000      0x596 Utils/Delay/CMakeFiles/Util_Delay.dir/Util_Delay.c.obj
 .debug_info    0x00000596      0x55e Peripherals/USART/CMakeFiles/Periph_USART.dir/Periph_USART.c.obj
 .debug_info    0x00000af4      0x2df CMakeFiles/Test01.dir/Application/Test01/main.c.obj
 .debug_info    0x00000dd3      0x14c CMakeFiles/Test01.dir/Core/sysmem.c.obj
 .debug_info    0x00000f1f      0x6b0 CMakeFiles/Test01.dir/Core/syscalls.c.obj
 .debug_info    0x000015cf       0x30 CMakeFiles/Test01.dir/Core/startup_stm32f103rbtx.s.obj
 .debug_info    0x000015ff      0x3fa CMakeFiles/Test01.dir/Libraries/CMSIS/CM3/DeviceSupport/ST/STM32F10x/system_stm32f10x.c.obj
 .debug_info    0x000019f9      0x6b2 CMakeFiles/Test01.dir/Libraries/STM32F10x_StdPeriph_Driver/src/stm32f10x_gpio.c.obj
 .debug_info    0x000020ab      0x830 CMakeFiles/Test01.dir/Libraries/STM32F10x_StdPeriph_Driver/src/stm32f10x_rcc.c.obj
 .debug_info    0x000028db      0x9c9 CMakeFiles/Test01.dir/Libraries/STM32F10x_StdPeriph_Driver/src/stm32f10x_usart.c.obj
 .debug_info    0x000032a4      0xfee C:/ST/STM32CubeCLT/GNU-tools-for-STM32/bin/../lib/gcc/arm-none-eabi/13.3.1/../../../../arm-none-eabi/lib/thumb/v7-m/nofp\libg.a(libc_a-findfp.o)
 .debug_info    0x00004292      0x80b C:/ST/STM32CubeCLT/GNU-tools-for-STM32/bin/../lib/gcc/arm-none-eabi/13.3.1/../../../../arm-none-eabi/lib/thumb/v7-m/nofp\libg.a(libc_a-fwalk.o)
 .debug_info    0x00004a9d      0x87c C:/ST/STM32CubeCLT/GNU-tools-for-STM32/bin/../lib/gcc/arm-none-eabi/13.3.1/../../../../arm-none-eabi/lib/thumb/v7-m/nofp\libg.a(libc_a-printf.o)
 .debug_info    0x00005319      0xacb C:/ST/STM32CubeCLT/GNU-tools-for-STM32/bin/../lib/gcc/arm-none-eabi/13.3.1/../../../../arm-none-eabi/lib/thumb/v7-m/nofp\libg.a(libc_a-stdio.o)
 .debug_info    0x00005de4      0x86a C:/ST/STM32CubeCLT/GNU-tools-for-STM32/bin/../lib/gcc/arm-none-eabi/13.3.1/../../../../arm-none-eabi/lib/thumb/v7-m/nofp\libg.a(libc_a-vprintf.o)
 .debug_info    0x0000664e       0xe0 C:/ST/STM32CubeCLT/GNU-tools-for-STM32/bin/../lib/gcc/arm-none-eabi/13.3.1/../../../../arm-none-eabi/lib/thumb/v7-m/nofp\libg.a(libc_a-memset.o)
 .debug_info    0x0000672e      0x798 C:/ST/STM32CubeCLT/GNU-tools-for-STM32/bin/../lib/gcc/arm-none-eabi/13.3.1/../../../../arm-none-eabi/lib/thumb/v7-m/nofp\libg.a(libc_a-closer.o)
 .debug_info    0x00006ec6      0x850 C:/ST/STM32CubeCLT/GNU-tools-for-STM32/bin/../lib/gcc/arm-none-eabi/13.3.1/../../../../arm-none-eabi/lib/thumb/v7-m/nofp\libg.a(libc_a-reent.o)
 .debug_info    0x00007716      0x750 C:/ST/STM32CubeCLT/GNU-tools-for-STM32/bin/../lib/gcc/arm-none-eabi/13.3.1/../../../../arm-none-eabi/lib/thumb/v7-m/nofp\libg.a(libc_a-impure.o)
 .debug_info    0x00007e66      0x7e3 C:/ST/STM32CubeCLT/GNU-tools-for-STM32/bin/../lib/gcc/arm-none-eabi/13.3.1/../../../../arm-none-eabi/lib/thumb/v7-m/nofp\libg.a(libc_a-lseekr.o)
 .debug_info    0x00008649      0x7fa C:/ST/STM32CubeCLT/GNU-tools-for-STM32/bin/../lib/gcc/arm-none-eabi/13.3.1/../../../../arm-none-eabi/lib/thumb/v7-m/nofp\libg.a(libc_a-readr.o)
 .debug_info    0x00008e43      0x800 C:/ST/STM32CubeCLT/GNU-tools-for-STM32/bin/../lib/gcc/arm-none-eabi/13.3.1/../../../../arm-none-eabi/lib/thumb/v7-m/nofp\libg.a(libc_a-writer.o)
 .debug_info    0x00009643      0x736 C:/ST/STM32CubeCLT/GNU-tools-for-STM32/bin/../lib/gcc/arm-none-eabi/13.3.1/../../../../arm-none-eabi/lib/thumb/v7-m/nofp\libg.a(libc_a-errno.o)
 .debug_info    0x00009d79      0x10b C:/ST/STM32CubeCLT/GNU-tools-for-STM32/bin/../lib/gcc/arm-none-eabi/13.3.1/../../../../arm-none-eabi/lib/thumb/v7-m/nofp\libg.a(libc_a-init.o)
 .debug_info    0x00009e84      0x218 C:/ST/STM32CubeCLT/GNU-tools-for-STM32/bin/../lib/gcc/arm-none-eabi/13.3.1/../../../../arm-none-eabi/lib/thumb/v7-m/nofp\libg.a(libc_a-lock.o)
 .debug_info    0x0000a09c      0x2dd C:/ST/STM32CubeCLT/GNU-tools-for-STM32/bin/../lib/gcc/arm-none-eabi/13.3.1/../../../../arm-none-eabi/lib/thumb/v7-m/nofp\libg.a(libc_a-__call_atexit.o)
 .debug_info    0x0000a379      0x11e C:/ST/STM32CubeCLT/GNU-tools-for-STM32/bin/../lib/gcc/arm-none-eabi/13.3.1/../../../../arm-none-eabi/lib/thumb/v7-m/nofp\libg.a(libc_a-atexit.o)
 .debug_info    0x0000a497      0xb62 C:/ST/STM32CubeCLT/GNU-tools-for-STM32/bin/../lib/gcc/arm-none-eabi/13.3.1/../../../../arm-none-eabi/lib/thumb/v7-m/nofp\libg.a(libc_a-freer.o)
 .debug_info    0x0000aff9      0xc99 C:/ST/STM32CubeCLT/GNU-tools-for-STM32/bin/../lib/gcc/arm-none-eabi/13.3.1/../../../../arm-none-eabi/lib/thumb/v7-m/nofp\libg.a(libc_a-mallocr.o)
 .debug_info    0x0000bc92      0x7a6 C:/ST/STM32CubeCLT/GNU-tools-for-STM32/bin/../lib/gcc/arm-none-eabi/13.3.1/../../../../arm-none-eabi/lib/thumb/v7-m/nofp\libg.a(libc_a-mlock.o)
 .debug_info    0x0000c438     0x1cd3 C:/ST/STM32CubeCLT/GNU-tools-for-STM32/bin/../lib/gcc/arm-none-eabi/13.3.1/../../../../arm-none-eabi/lib/thumb/v7-m/nofp\libg.a(libc_a-vfprintf.o)
 .debug_info    0x0000e10b      0x847 C:/ST/STM32CubeCLT/GNU-tools-for-STM32/bin/../lib/gcc/arm-none-eabi/13.3.1/../../../../arm-none-eabi/lib/thumb/v7-m/nofp\libg.a(libc_a-sprint_r.o)
 .debug_info    0x0000e952      0x917 C:/ST/STM32CubeCLT/GNU-tools-for-STM32/bin/../lib/gcc/arm-none-eabi/13.3.1/../../../../arm-none-eabi/lib/thumb/v7-m/nofp\libg.a(libc_a-fclose.o)
 .debug_info    0x0000f269      0xa24 C:/ST/STM32CubeCLT/GNU-tools-for-STM32/bin/../lib/gcc/arm-none-eabi/13.3.1/../../../../arm-none-eabi/lib/thumb/v7-m/nofp\libg.a(libc_a-fflush.o)
 .debug_info    0x0000fc8d      0xb75 C:/ST/STM32CubeCLT/GNU-tools-for-STM32/bin/../lib/gcc/arm-none-eabi/13.3.1/../../../../arm-none-eabi/lib/thumb/v7-m/nofp\libg.a(libc_a-fvwrite.o)
 .debug_info    0x00010802      0x7f6 C:/ST/STM32CubeCLT/GNU-tools-for-STM32/bin/../lib/gcc/arm-none-eabi/13.3.1/../../../../arm-none-eabi/lib/thumb/v7-m/nofp\libg.a(libc_a-wsetup.o)
 .debug_info    0x00010ff8      0x10f C:/ST/STM32CubeCLT/GNU-tools-for-STM32/bin/../lib/gcc/arm-none-eabi/13.3.1/../../../../arm-none-eabi/lib/thumb/v7-m/nofp\libg.a(libc_a-memmove.o)
 .debug_info    0x00011107      0x111 C:/ST/STM32CubeCLT/GNU-tools-for-STM32/bin/../lib/gcc/arm-none-eabi/13.3.1/../../../../arm-none-eabi/lib/thumb/v7-m/nofp\libg.a(libc_a-strncpy.o)
 .debug_info    0x00011218      0xa43 C:/ST/STM32CubeCLT/GNU-tools-for-STM32/bin/../lib/gcc/arm-none-eabi/13.3.1/../../../../arm-none-eabi/lib/thumb/v7-m/nofp\libg.a(libc_a-localeconv.o)
 .debug_info    0x00011c5b      0x7bd C:/ST/STM32CubeCLT/GNU-tools-for-STM32/bin/../lib/gcc/arm-none-eabi/13.3.1/../../../../arm-none-eabi/lib/thumb/v7-m/nofp\libg.a(libc_a-sbrkr.o)
 .debug_info    0x00012418       0xf7 C:/ST/STM32CubeCLT/GNU-tools-for-STM32/bin/../lib/gcc/arm-none-eabi/13.3.1/../../../../arm-none-eabi/lib/thumb/v7-m/nofp\libg.a(libc_a-fini.o)
 .debug_info    0x0001250f       0xc1 C:/ST/STM32CubeCLT/GNU-tools-for-STM32/bin/../lib/gcc/arm-none-eabi/13.3.1/../../../../arm-none-eabi/lib/thumb/v7-m/nofp\libg.a(libc_a-sysconf.o)
 .debug_info    0x000125d0      0x110 C:/ST/STM32CubeCLT/GNU-tools-for-STM32/bin/../lib/gcc/arm-none-eabi/13.3.1/../../../../arm-none-eabi/lib/thumb/v7-m/nofp\libg.a(libc_a-memchr-stub.o)
 .debug_info    0x000126e0      0x121 C:/ST/STM32CubeCLT/GNU-tools-for-STM32/bin/../lib/gcc/arm-none-eabi/13.3.1/../../../../arm-none-eabi/lib/thumb/v7-m/nofp\libg.a(libc_a-memcpy-stub.o)
 .debug_info    0x00012801       0x31 C:/ST/STM32CubeCLT/GNU-tools-for-STM32/bin/../lib/gcc/arm-none-eabi/13.3.1/../../../../arm-none-eabi/lib/thumb/v7-m/nofp\libg.a(libc_a-strlen.o)
 .debug_info    0x00012832      0x1e0 C:/ST/STM32CubeCLT/GNU-tools-for-STM32/bin/../lib/gcc/arm-none-eabi/13.3.1/../../../../arm-none-eabi/lib/thumb/v7-m/nofp\libg.a(libm_a-s_frexp.o)
 .debug_info    0x00012a12      0x25f C:/ST/STM32CubeCLT/GNU-tools-for-STM32/bin/../lib/gcc/arm-none-eabi/13.3.1/../../../../arm-none-eabi/lib/thumb/v7-m/nofp\libg.a(libc_a-__atexit.o)
 .debug_info    0x00012c71     0x17bb C:/ST/STM32CubeCLT/GNU-tools-for-STM32/bin/../lib/gcc/arm-none-eabi/13.3.1/../../../../arm-none-eabi/lib/thumb/v7-m/nofp\libg.a(libc_a-dtoa.o)
 .debug_info    0x0001442c     0x1c21 C:/ST/STM32CubeCLT/GNU-tools-for-STM32/bin/../lib/gcc/arm-none-eabi/13.3.1/../../../../arm-none-eabi/lib/thumb/v7-m/nofp\libg.a(libc_a-mprec.o)
 .debug_info    0x0001604d      0xc08 C:/ST/STM32CubeCLT/GNU-tools-for-STM32/bin/../lib/gcc/arm-none-eabi/13.3.1/../../../../arm-none-eabi/lib/thumb/v7-m/nofp\libg.a(libc_a-reallocr.o)
 .debug_info    0x00016c55      0xb58 C:/ST/STM32CubeCLT/GNU-tools-for-STM32/bin/../lib/gcc/arm-none-eabi/13.3.1/../../../../arm-none-eabi/lib/thumb/v7-m/nofp\libg.a(libc_a-makebuf.o)
 .debug_info    0x000177ad      0xb6f C:/ST/STM32CubeCLT/GNU-tools-for-STM32/bin/../lib/gcc/arm-none-eabi/13.3.1/../../../../arm-none-eabi/lib/thumb/v7-m/nofp\libg.a(libc_a-locale.o)
 .debug_info    0x0001831c      0x9bc C:/ST/STM32CubeCLT/GNU-tools-for-STM32/bin/../lib/gcc/arm-none-eabi/13.3.1/../../../../arm-none-eabi/lib/thumb/v7-m/nofp\libg.a(libc_a-fstatr.o)
 .debug_info    0x00018cd8      0x798 C:/ST/STM32CubeCLT/GNU-tools-for-STM32/bin/../lib/gcc/arm-none-eabi/13.3.1/../../../../arm-none-eabi/lib/thumb/v7-m/nofp\libg.a(libc_a-isattyr.o)
 .debug_info    0x00019470      0x871 C:/ST/STM32CubeCLT/GNU-tools-for-STM32/bin/../lib/gcc/arm-none-eabi/13.3.1/../../../../arm-none-eabi/lib/thumb/v7-m/nofp\libg.a(libc_a-assert.o)
 .debug_info    0x00019ce1      0x901 C:/ST/STM32CubeCLT/GNU-tools-for-STM32/bin/../lib/gcc/arm-none-eabi/13.3.1/../../../../arm-none-eabi/lib/thumb/v7-m/nofp\libg.a(libc_a-callocr.o)
 .debug_info    0x0001a5e2      0xae5 C:/ST/STM32CubeCLT/GNU-tools-for-STM32/bin/../lib/gcc/arm-none-eabi/13.3.1/../../../../arm-none-eabi/lib/thumb/v7-m/nofp\libg.a(libc_a-mbtowc_r.o)
 .debug_info    0x0001b0c7      0xaaa C:/ST/STM32CubeCLT/GNU-tools-for-STM32/bin/../lib/gcc/arm-none-eabi/13.3.1/../../../../arm-none-eabi/lib/thumb/v7-m/nofp\libg.a(libc_a-wctomb_r.o)
 .debug_info    0x0001bb71       0xb9 C:/ST/STM32CubeCLT/GNU-tools-for-STM32/bin/../lib/gcc/arm-none-eabi/13.3.1/../../../../arm-none-eabi/lib/thumb/v7-m/nofp\libg.a(libc_a-ctype_.o)
 .debug_info    0x0001bc2a      0x899 C:/ST/STM32CubeCLT/GNU-tools-for-STM32/bin/../lib/gcc/arm-none-eabi/13.3.1/../../../../arm-none-eabi/lib/thumb/v7-m/nofp\libg.a(libc_a-fiprintf.o)
 .debug_info    0x0001c4c3     0x13b7 C:/ST/STM32CubeCLT/GNU-tools-for-STM32/bin/../lib/gcc/arm-none-eabi/13.3.1/../../../../arm-none-eabi/lib/thumb/v7-m/nofp\libg.a(libc_a-vfiprintf.o)
 .debug_info    0x0001d87a       0xd8 C:/ST/STM32CubeCLT/GNU-tools-for-STM32/bin/../lib/gcc/arm-none-eabi/13.3.1/../../../../arm-none-eabi/lib/thumb/v7-m/nofp\libg.a(libc_a-abort.o)
 .debug_info    0x0001d952      0xa4e C:/ST/STM32CubeCLT/GNU-tools-for-STM32/bin/../lib/gcc/arm-none-eabi/13.3.1/../../../../arm-none-eabi/lib/thumb/v7-m/nofp\libg.a(libc_a-signal.o)
 .debug_info    0x0001e3a0      0x825 C:/ST/STM32CubeCLT/GNU-tools-for-STM32/bin/../lib/gcc/arm-none-eabi/13.3.1/../../../../arm-none-eabi/lib/thumb/v7-m/nofp\libg.a(libc_a-signalr.o)

.debug_abbrev   0x00000000     0x7b76
 .debug_abbrev  0x00000000      0x216 Utils/Delay/CMakeFiles/Util_Delay.dir/Util_Delay.c.obj
 .debug_abbrev  0x00000216      0x21b Peripherals/USART/CMakeFiles/Periph_USART.dir/Periph_USART.c.obj
 .debug_abbrev  0x00000431      0x18f CMakeFiles/Test01.dir/Application/Test01/main.c.obj
 .debug_abbrev  0x000005c0       0xba CMakeFiles/Test01.dir/Core/sysmem.c.obj
 .debug_abbrev  0x0000067a      0x1b7 CMakeFiles/Test01.dir/Core/syscalls.c.obj
 .debug_abbrev  0x00000831       0x24 CMakeFiles/Test01.dir/Core/startup_stm32f103rbtx.s.obj
 .debug_abbrev  0x00000855      0x1b7 CMakeFiles/Test01.dir/Libraries/CMSIS/CM3/DeviceSupport/ST/STM32F10x/system_stm32f10x.c.obj
 .debug_abbrev  0x00000a0c      0x215 CMakeFiles/Test01.dir/Libraries/STM32F10x_StdPeriph_Driver/src/stm32f10x_gpio.c.obj
 .debug_abbrev  0x00000c21      0x1e1 CMakeFiles/Test01.dir/Libraries/STM32F10x_StdPeriph_Driver/src/stm32f10x_rcc.c.obj
 .debug_abbrev  0x00000e02      0x1bd CMakeFiles/Test01.dir/Libraries/STM32F10x_StdPeriph_Driver/src/stm32f10x_usart.c.obj
 .debug_abbrev  0x00000fbf      0x462 C:/ST/STM32CubeCLT/GNU-tools-for-STM32/bin/../lib/gcc/arm-none-eabi/13.3.1/../../../../arm-none-eabi/lib/thumb/v7-m/nofp\libg.a(libc_a-findfp.o)
 .debug_abbrev  0x00001421      0x1d9 C:/ST/STM32CubeCLT/GNU-tools-for-STM32/bin/../lib/gcc/arm-none-eabi/13.3.1/../../../../arm-none-eabi/lib/thumb/v7-m/nofp\libg.a(libc_a-fwalk.o)
 .debug_abbrev  0x000015fa      0x256 C:/ST/STM32CubeCLT/GNU-tools-for-STM32/bin/../lib/gcc/arm-none-eabi/13.3.1/../../../../arm-none-eabi/lib/thumb/v7-m/nofp\libg.a(libc_a-printf.o)
 .debug_abbrev  0x00001850      0x25d C:/ST/STM32CubeCLT/GNU-tools-for-STM32/bin/../lib/gcc/arm-none-eabi/13.3.1/../../../../arm-none-eabi/lib/thumb/v7-m/nofp\libg.a(libc_a-stdio.o)
 .debug_abbrev  0x00001aad      0x22f C:/ST/STM32CubeCLT/GNU-tools-for-STM32/bin/../lib/gcc/arm-none-eabi/13.3.1/../../../../arm-none-eabi/lib/thumb/v7-m/nofp\libg.a(libc_a-vprintf.o)
 .debug_abbrev  0x00001cdc       0x9e C:/ST/STM32CubeCLT/GNU-tools-for-STM32/bin/../lib/gcc/arm-none-eabi/13.3.1/../../../../arm-none-eabi/lib/thumb/v7-m/nofp\libg.a(libc_a-memset.o)
 .debug_abbrev  0x00001d7a      0x1ec C:/ST/STM32CubeCLT/GNU-tools-for-STM32/bin/../lib/gcc/arm-none-eabi/13.3.1/../../../../arm-none-eabi/lib/thumb/v7-m/nofp\libg.a(libc_a-closer.o)
 .debug_abbrev  0x00001f66      0x233 C:/ST/STM32CubeCLT/GNU-tools-for-STM32/bin/../lib/gcc/arm-none-eabi/13.3.1/../../../../arm-none-eabi/lib/thumb/v7-m/nofp\libg.a(libc_a-reent.o)
 .debug_abbrev  0x00002199      0x185 C:/ST/STM32CubeCLT/GNU-tools-for-STM32/bin/../lib/gcc/arm-none-eabi/13.3.1/../../../../arm-none-eabi/lib/thumb/v7-m/nofp\libg.a(libc_a-impure.o)
 .debug_abbrev  0x0000231e      0x200 C:/ST/STM32CubeCLT/GNU-tools-for-STM32/bin/../lib/gcc/arm-none-eabi/13.3.1/../../../../arm-none-eabi/lib/thumb/v7-m/nofp\libg.a(libc_a-lseekr.o)
 .debug_abbrev  0x0000251e      0x1ec C:/ST/STM32CubeCLT/GNU-tools-for-STM32/bin/../lib/gcc/arm-none-eabi/13.3.1/../../../../arm-none-eabi/lib/thumb/v7-m/nofp\libg.a(libc_a-readr.o)
 .debug_abbrev  0x0000270a      0x1f1 C:/ST/STM32CubeCLT/GNU-tools-for-STM32/bin/../lib/gcc/arm-none-eabi/13.3.1/../../../../arm-none-eabi/lib/thumb/v7-m/nofp\libg.a(libc_a-writer.o)
 .debug_abbrev  0x000028fb      0x19a C:/ST/STM32CubeCLT/GNU-tools-for-STM32/bin/../lib/gcc/arm-none-eabi/13.3.1/../../../../arm-none-eabi/lib/thumb/v7-m/nofp\libg.a(libc_a-errno.o)
 .debug_abbrev  0x00002a95       0xc9 C:/ST/STM32CubeCLT/GNU-tools-for-STM32/bin/../lib/gcc/arm-none-eabi/13.3.1/../../../../arm-none-eabi/lib/thumb/v7-m/nofp\libg.a(libc_a-init.o)
 .debug_abbrev  0x00002b5e      0x115 C:/ST/STM32CubeCLT/GNU-tools-for-STM32/bin/../lib/gcc/arm-none-eabi/13.3.1/../../../../arm-none-eabi/lib/thumb/v7-m/nofp\libg.a(libc_a-lock.o)
 .debug_abbrev  0x00002c73      0x20c C:/ST/STM32CubeCLT/GNU-tools-for-STM32/bin/../lib/gcc/arm-none-eabi/13.3.1/../../../../arm-none-eabi/lib/thumb/v7-m/nofp\libg.a(libc_a-__call_atexit.o)
 .debug_abbrev  0x00002e7f       0xc1 C:/ST/STM32CubeCLT/GNU-tools-for-STM32/bin/../lib/gcc/arm-none-eabi/13.3.1/../../../../arm-none-eabi/lib/thumb/v7-m/nofp\libg.a(libc_a-atexit.o)
 .debug_abbrev  0x00002f40      0x27d C:/ST/STM32CubeCLT/GNU-tools-for-STM32/bin/../lib/gcc/arm-none-eabi/13.3.1/../../../../arm-none-eabi/lib/thumb/v7-m/nofp\libg.a(libc_a-freer.o)
 .debug_abbrev  0x000031bd      0x2c7 C:/ST/STM32CubeCLT/GNU-tools-for-STM32/bin/../lib/gcc/arm-none-eabi/13.3.1/../../../../arm-none-eabi/lib/thumb/v7-m/nofp\libg.a(libc_a-mallocr.o)
 .debug_abbrev  0x00003484      0x1fb C:/ST/STM32CubeCLT/GNU-tools-for-STM32/bin/../lib/gcc/arm-none-eabi/13.3.1/../../../../arm-none-eabi/lib/thumb/v7-m/nofp\libg.a(libc_a-mlock.o)
 .debug_abbrev  0x0000367f      0x4e1 C:/ST/STM32CubeCLT/GNU-tools-for-STM32/bin/../lib/gcc/arm-none-eabi/13.3.1/../../../../arm-none-eabi/lib/thumb/v7-m/nofp\libg.a(libc_a-vfprintf.o)
 .debug_abbrev  0x00003b60      0x1dd C:/ST/STM32CubeCLT/GNU-tools-for-STM32/bin/../lib/gcc/arm-none-eabi/13.3.1/../../../../arm-none-eabi/lib/thumb/v7-m/nofp\libg.a(libc_a-sprint_r.o)
 .debug_abbrev  0x00003d3d      0x2a4 C:/ST/STM32CubeCLT/GNU-tools-for-STM32/bin/../lib/gcc/arm-none-eabi/13.3.1/../../../../arm-none-eabi/lib/thumb/v7-m/nofp\libg.a(libc_a-fclose.o)
 .debug_abbrev  0x00003fe1      0x2db C:/ST/STM32CubeCLT/GNU-tools-for-STM32/bin/../lib/gcc/arm-none-eabi/13.3.1/../../../../arm-none-eabi/lib/thumb/v7-m/nofp\libg.a(libc_a-fflush.o)
 .debug_abbrev  0x000042bc      0x257 C:/ST/STM32CubeCLT/GNU-tools-for-STM32/bin/../lib/gcc/arm-none-eabi/13.3.1/../../../../arm-none-eabi/lib/thumb/v7-m/nofp\libg.a(libc_a-fvwrite.o)
 .debug_abbrev  0x00004513      0x21e C:/ST/STM32CubeCLT/GNU-tools-for-STM32/bin/../lib/gcc/arm-none-eabi/13.3.1/../../../../arm-none-eabi/lib/thumb/v7-m/nofp\libg.a(libc_a-wsetup.o)
 .debug_abbrev  0x00004731       0xac C:/ST/STM32CubeCLT/GNU-tools-for-STM32/bin/../lib/gcc/arm-none-eabi/13.3.1/../../../../arm-none-eabi/lib/thumb/v7-m/nofp\libg.a(libc_a-memmove.o)
 .debug_abbrev  0x000047dd       0xa7 C:/ST/STM32CubeCLT/GNU-tools-for-STM32/bin/../lib/gcc/arm-none-eabi/13.3.1/../../../../arm-none-eabi/lib/thumb/v7-m/nofp\libg.a(libc_a-strncpy.o)
 .debug_abbrev  0x00004884      0x273 C:/ST/STM32CubeCLT/GNU-tools-for-STM32/bin/../lib/gcc/arm-none-eabi/13.3.1/../../../../arm-none-eabi/lib/thumb/v7-m/nofp\libg.a(libc_a-localeconv.o)
 .debug_abbrev  0x00004af7      0x216 C:/ST/STM32CubeCLT/GNU-tools-for-STM32/bin/../lib/gcc/arm-none-eabi/13.3.1/../../../../arm-none-eabi/lib/thumb/v7-m/nofp\libg.a(libc_a-sbrkr.o)
 .debug_abbrev  0x00004d0d       0xcc C:/ST/STM32CubeCLT/GNU-tools-for-STM32/bin/../lib/gcc/arm-none-eabi/13.3.1/../../../../arm-none-eabi/lib/thumb/v7-m/nofp\libg.a(libc_a-fini.o)
 .debug_abbrev  0x00004dd9       0x80 C:/ST/STM32CubeCLT/GNU-tools-for-STM32/bin/../lib/gcc/arm-none-eabi/13.3.1/../../../../arm-none-eabi/lib/thumb/v7-m/nofp\libg.a(libc_a-sysconf.o)
 .debug_abbrev  0x00004e59       0xb1 C:/ST/STM32CubeCLT/GNU-tools-for-STM32/bin/../lib/gcc/arm-none-eabi/13.3.1/../../../../arm-none-eabi/lib/thumb/v7-m/nofp\libg.a(libc_a-memchr-stub.o)
 .debug_abbrev  0x00004f0a       0xc1 C:/ST/STM32CubeCLT/GNU-tools-for-STM32/bin/../lib/gcc/arm-none-eabi/13.3.1/../../../../arm-none-eabi/lib/thumb/v7-m/nofp\libg.a(libc_a-memcpy-stub.o)
 .debug_abbrev  0x00004fcb       0x28 C:/ST/STM32CubeCLT/GNU-tools-for-STM32/bin/../lib/gcc/arm-none-eabi/13.3.1/../../../../arm-none-eabi/lib/thumb/v7-m/nofp\libg.a(libc_a-strlen.o)
 .debug_abbrev  0x00004ff3      0x162 C:/ST/STM32CubeCLT/GNU-tools-for-STM32/bin/../lib/gcc/arm-none-eabi/13.3.1/../../../../arm-none-eabi/lib/thumb/v7-m/nofp\libg.a(libm_a-s_frexp.o)
 .debug_abbrev  0x00005155      0x189 C:/ST/STM32CubeCLT/GNU-tools-for-STM32/bin/../lib/gcc/arm-none-eabi/13.3.1/../../../../arm-none-eabi/lib/thumb/v7-m/nofp\libg.a(libc_a-__atexit.o)
 .debug_abbrev  0x000052de      0x360 C:/ST/STM32CubeCLT/GNU-tools-for-STM32/bin/../lib/gcc/arm-none-eabi/13.3.1/../../../../arm-none-eabi/lib/thumb/v7-m/nofp\libg.a(libc_a-dtoa.o)
 .debug_abbrev  0x0000563e      0x45f C:/ST/STM32CubeCLT/GNU-tools-for-STM32/bin/../lib/gcc/arm-none-eabi/13.3.1/../../../../arm-none-eabi/lib/thumb/v7-m/nofp\libg.a(libc_a-mprec.o)
 .debug_abbrev  0x00005a9d      0x278 C:/ST/STM32CubeCLT/GNU-tools-for-STM32/bin/../lib/gcc/arm-none-eabi/13.3.1/../../../../arm-none-eabi/lib/thumb/v7-m/nofp\libg.a(libc_a-reallocr.o)
 .debug_abbrev  0x00005d15      0x2cf C:/ST/STM32CubeCLT/GNU-tools-for-STM32/bin/../lib/gcc/arm-none-eabi/13.3.1/../../../../arm-none-eabi/lib/thumb/v7-m/nofp\libg.a(libc_a-makebuf.o)
 .debug_abbrev  0x00005fe4      0x296 C:/ST/STM32CubeCLT/GNU-tools-for-STM32/bin/../lib/gcc/arm-none-eabi/13.3.1/../../../../arm-none-eabi/lib/thumb/v7-m/nofp\libg.a(libc_a-locale.o)
 .debug_abbrev  0x0000627a      0x1ff C:/ST/STM32CubeCLT/GNU-tools-for-STM32/bin/../lib/gcc/arm-none-eabi/13.3.1/../../../../arm-none-eabi/lib/thumb/v7-m/nofp\libg.a(libc_a-fstatr.o)
 .debug_abbrev  0x00006479      0x1ec C:/ST/STM32CubeCLT/GNU-tools-for-STM32/bin/../lib/gcc/arm-none-eabi/13.3.1/../../../../arm-none-eabi/lib/thumb/v7-m/nofp\libg.a(libc_a-isattyr.o)
 .debug_abbrev  0x00006665      0x226 C:/ST/STM32CubeCLT/GNU-tools-for-STM32/bin/../lib/gcc/arm-none-eabi/13.3.1/../../../../arm-none-eabi/lib/thumb/v7-m/nofp\libg.a(libc_a-assert.o)
 .debug_abbrev  0x0000688b      0x25b C:/ST/STM32CubeCLT/GNU-tools-for-STM32/bin/../lib/gcc/arm-none-eabi/13.3.1/../../../../arm-none-eabi/lib/thumb/v7-m/nofp\libg.a(libc_a-callocr.o)
 .debug_abbrev  0x00006ae6      0x24d C:/ST/STM32CubeCLT/GNU-tools-for-STM32/bin/../lib/gcc/arm-none-eabi/13.3.1/../../../../arm-none-eabi/lib/thumb/v7-m/nofp\libg.a(libc_a-mbtowc_r.o)
 .debug_abbrev  0x00006d33      0x235 C:/ST/STM32CubeCLT/GNU-tools-for-STM32/bin/../lib/gcc/arm-none-eabi/13.3.1/../../../../arm-none-eabi/lib/thumb/v7-m/nofp\libg.a(libc_a-wctomb_r.o)
 .debug_abbrev  0x00006f68       0x62 C:/ST/STM32CubeCLT/GNU-tools-for-STM32/bin/../lib/gcc/arm-none-eabi/13.3.1/../../../../arm-none-eabi/lib/thumb/v7-m/nofp\libg.a(libc_a-ctype_.o)
 .debug_abbrev  0x00006fca      0x252 C:/ST/STM32CubeCLT/GNU-tools-for-STM32/bin/../lib/gcc/arm-none-eabi/13.3.1/../../../../arm-none-eabi/lib/thumb/v7-m/nofp\libg.a(libc_a-fiprintf.o)
 .debug_abbrev  0x0000721c      0x3fe C:/ST/STM32CubeCLT/GNU-tools-for-STM32/bin/../lib/gcc/arm-none-eabi/13.3.1/../../../../arm-none-eabi/lib/thumb/v7-m/nofp\libg.a(libc_a-vfiprintf.o)
 .debug_abbrev  0x0000761a       0x99 C:/ST/STM32CubeCLT/GNU-tools-for-STM32/bin/../lib/gcc/arm-none-eabi/13.3.1/../../../../arm-none-eabi/lib/thumb/v7-m/nofp\libg.a(libc_a-abort.o)
 .debug_abbrev  0x000076b3      0x28a C:/ST/STM32CubeCLT/GNU-tools-for-STM32/bin/../lib/gcc/arm-none-eabi/13.3.1/../../../../arm-none-eabi/lib/thumb/v7-m/nofp\libg.a(libc_a-signal.o)
 .debug_abbrev  0x0000793d      0x239 C:/ST/STM32CubeCLT/GNU-tools-for-STM32/bin/../lib/gcc/arm-none-eabi/13.3.1/../../../../arm-none-eabi/lib/thumb/v7-m/nofp\libg.a(libc_a-signalr.o)

.debug_aranges  0x00000000      0xd88
 .debug_aranges
                0x00000000       0x50 Utils/Delay/CMakeFiles/Util_Delay.dir/Util_Delay.c.obj
 .debug_aranges
                0x00000050       0x40 Peripherals/USART/CMakeFiles/Periph_USART.dir/Periph_USART.c.obj
 .debug_aranges
                0x00000090       0x20 CMakeFiles/Test01.dir/Application/Test01/main.c.obj
 .debug_aranges
                0x000000b0       0x20 CMakeFiles/Test01.dir/Core/sysmem.c.obj
 .debug_aranges
                0x000000d0       0xa8 CMakeFiles/Test01.dir/Core/syscalls.c.obj
 .debug_aranges
                0x00000178       0x28 CMakeFiles/Test01.dir/Core/startup_stm32f103rbtx.s.obj
 .debug_aranges
                0x000001a0       0x38 CMakeFiles/Test01.dir/Libraries/CMSIS/CM3/DeviceSupport/ST/STM32F10x/system_stm32f10x.c.obj
 .debug_aranges
                0x000001d8       0xa8 CMakeFiles/Test01.dir/Libraries/STM32F10x_StdPeriph_Driver/src/stm32f10x_gpio.c.obj
 .debug_aranges
                0x00000280      0x118 CMakeFiles/Test01.dir/Libraries/STM32F10x_StdPeriph_Driver/src/stm32f10x_rcc.c.obj
 .debug_aranges
                0x00000398      0x100 CMakeFiles/Test01.dir/Libraries/STM32F10x_StdPeriph_Driver/src/stm32f10x_usart.c.obj
 .debug_aranges
                0x00000498       0x78 C:/ST/STM32CubeCLT/GNU-tools-for-STM32/bin/../lib/gcc/arm-none-eabi/13.3.1/../../../../arm-none-eabi/lib/thumb/v7-m/nofp\libg.a(libc_a-findfp.o)
 .debug_aranges
                0x00000510       0x20 C:/ST/STM32CubeCLT/GNU-tools-for-STM32/bin/../lib/gcc/arm-none-eabi/13.3.1/../../../../arm-none-eabi/lib/thumb/v7-m/nofp\libg.a(libc_a-fwalk.o)
 .debug_aranges
                0x00000530       0x28 C:/ST/STM32CubeCLT/GNU-tools-for-STM32/bin/../lib/gcc/arm-none-eabi/13.3.1/../../../../arm-none-eabi/lib/thumb/v7-m/nofp\libg.a(libc_a-printf.o)
 .debug_aranges
                0x00000558       0x40 C:/ST/STM32CubeCLT/GNU-tools-for-STM32/bin/../lib/gcc/arm-none-eabi/13.3.1/../../../../arm-none-eabi/lib/thumb/v7-m/nofp\libg.a(libc_a-stdio.o)
 .debug_aranges
                0x00000598       0x28 C:/ST/STM32CubeCLT/GNU-tools-for-STM32/bin/../lib/gcc/arm-none-eabi/13.3.1/../../../../arm-none-eabi/lib/thumb/v7-m/nofp\libg.a(libc_a-vprintf.o)
 .debug_aranges
                0x000005c0       0x20 C:/ST/STM32CubeCLT/GNU-tools-for-STM32/bin/../lib/gcc/arm-none-eabi/13.3.1/../../../../arm-none-eabi/lib/thumb/v7-m/nofp\libg.a(libc_a-memset.o)
 .debug_aranges
                0x000005e0       0x20 C:/ST/STM32CubeCLT/GNU-tools-for-STM32/bin/../lib/gcc/arm-none-eabi/13.3.1/../../../../arm-none-eabi/lib/thumb/v7-m/nofp\libg.a(libc_a-closer.o)
 .debug_aranges
                0x00000600       0x20 C:/ST/STM32CubeCLT/GNU-tools-for-STM32/bin/../lib/gcc/arm-none-eabi/13.3.1/../../../../arm-none-eabi/lib/thumb/v7-m/nofp\libg.a(libc_a-reent.o)
 .debug_aranges